#! /usr/bin/vvp
:ivl_version "13.0 (stable)" "(v13_0-dirty)";
:ivl_delay_selection "TYPICAL";
:vpi_time_precision - 12;
:vpi_module "/usr/lib/ivl/system.vpi";
:vpi_module "/usr/lib/ivl/vhdl_sys.vpi";
:vpi_module "/usr/lib/ivl/vhdl_textio.vpi";
:vpi_module "/usr/lib/ivl/v2005_math.vpi";
:vpi_module "/usr/lib/ivl/va_math.vpi";
S_0x561a89a5d860 .scope module, "tb_cpu" "tb_cpu" 2 3;
 .timescale -9 -12;
P_0x561a89a321e0 .param/l "CLKS_PER_BIT" 1 2 11, +C4<00000000000000000000000000001010>;
v0x561a89aaf810_0 .var "clk", 0 0;
v0x561a89aaf8d0_0 .var/i "errors", 31 0;
v0x561a89aaf9b0_0 .var "rst", 0 0;
v0x561a89aafa50_0 .var "uart_rx", 0 0;
v0x561a89aafaf0_0 .net "uart_tx", 0 0, L_0x561a89ac7a30;  1 drivers
S_0x561a89975dc0 .scope begin, "$ivl_for_loop0" "$ivl_for_loop0" 2 78, 2 78 0, S_0x561a89a5d860;
 .timescale -9 -12;
v0x561a89a64c90_0 .var/i "i", 31 0;
S_0x561a89a9c900 .scope function.vec4.s24, "encode_i" "encode_i" 2 35, 2 35 0, S_0x561a89a5d860;
 .timescale -9 -12;
v0x561a89a68240_0 .var "cond", 2 0;
; Variable encode_i is vec4 return value of scope S_0x561a89a9c900
v0x561a89a5a0c0_0 .var "funkt", 2 0;
v0x561a89a5a160_0 .var "im", 7 0;
v0x561a89a5a6f0_0 .var "rd", 3 0;
v0x561a89a5a790_0 .var "rs", 3 0;
TD_tb_cpu.encode_i ;
    %load/vec4 v0x561a89a68240_0;
    %pad/u 24;
    %ix/load 4, 21, 0;
    %flag_set/imm 4, 0;
    %shiftl 4;
    %pushi/vec4 524288, 0, 24;
    %or;
    %load/vec4 v0x561a89a5a6f0_0;
    %pad/u 24;
    %ix/load 4, 15, 0;
    %flag_set/imm 4, 0;
    %shiftl 4;
    %or;
    %load/vec4 v0x561a89a5a790_0;
    %pad/u 24;
    %ix/load 4, 11, 0;
    %flag_set/imm 4, 0;
    %shiftl 4;
    %or;
    %load/vec4 v0x561a89a5a160_0;
    %pad/u 24;
    %pushi/vec4 255, 0, 24;
    %and;
    %ix/load 4, 3, 0;
    %flag_set/imm 4, 0;
    %shiftl 4;
    %or;
    %load/vec4 v0x561a89a5a0c0_0;
    %pad/u 24;
    %pushi/vec4 7, 0, 24;
    %and;
    %or;
    %ret/vec4 0, 0, 24;  Assign to encode_i (store_vec4_to_lval)
    %end;
S_0x561a89a9ccb0 .scope function.vec4.s24, "encode_ls" "encode_ls" 2 39, 2 39 0, S_0x561a89a5d860;
 .timescale -9 -12;
v0x561a89a5bab0_0 .var "base", 3 0;
v0x561a89a5bb80_0 .var "cond", 2 0;
; Variable encode_ls is vec4 return value of scope S_0x561a89a9ccb0
v0x561a89a5c5f0_0 .var "funkt", 1 0;
v0x561a89a5d220_0 .var "im", 8 0;
v0x561a89a5d2f0_0 .var "rd", 3 0;
TD_tb_cpu.encode_ls ;
    %load/vec4 v0x561a89a5bb80_0;
    %pad/u 24;
    %ix/load 4, 21, 0;
    %flag_set/imm 4, 0;
    %shiftl 4;
    %pushi/vec4 1572864, 0, 24;
    %or;
    %load/vec4 v0x561a89a5d2f0_0;
    %pad/u 24;
    %ix/load 4, 15, 0;
    %flag_set/imm 4, 0;
    %shiftl 4;
    %or;
    %load/vec4 v0x561a89a5bab0_0;
    %pad/u 24;
    %ix/load 4, 11, 0;
    %flag_set/imm 4, 0;
    %shiftl 4;
    %or;
    %load/vec4 v0x561a89a5d220_0;
    %pad/u 24;
    %pushi/vec4 511, 0, 24;
    %and;
    %ix/load 4, 2, 0;
    %flag_set/imm 4, 0;
    %shiftl 4;
    %or;
    %load/vec4 v0x561a89a5c5f0_0;
    %pad/u 24;
    %pushi/vec4 3, 0, 24;
    %and;
    %or;
    %ret/vec4 0, 0, 24;  Assign to encode_ls (store_vec4_to_lval)
    %end;
S_0x561a89a9d040 .scope function.vec4.s24, "encode_r" "encode_r" 2 31, 2 31 0, S_0x561a89a5d860;
 .timescale -9 -12;
v0x561a89a561b0_0 .var "cond", 2 0;
; Variable encode_r is vec4 return value of scope S_0x561a89a9d040
v0x561a89a32140_0 .var "funkt", 2 0;
v0x561a89a9d2e0_0 .var "rd", 3 0;
v0x561a89a9d3c0_0 .var "rs1", 3 0;
v0x561a89a9d4f0_0 .var "rs2", 3 0;
TD_tb_cpu.encode_r ;
    %load/vec4 v0x561a89a561b0_0;
    %pad/u 24;
    %ix/load 4, 21, 0;
    %flag_set/imm 4, 0;
    %shiftl 4;
    %pushi/vec4 0, 0, 24;
    %or;
    %load/vec4 v0x561a89a9d2e0_0;
    %pad/u 24;
    %ix/load 4, 15, 0;
    %flag_set/imm 4, 0;
    %shiftl 4;
    %or;
    %load/vec4 v0x561a89a9d3c0_0;
    %pad/u 24;
    %ix/load 4, 11, 0;
    %flag_set/imm 4, 0;
    %shiftl 4;
    %or;
    %load/vec4 v0x561a89a9d4f0_0;
    %pad/u 24;
    %ix/load 4, 7, 0;
    %flag_set/imm 4, 0;
    %shiftl 4;
    %or;
    %load/vec4 v0x561a89a32140_0;
    %pad/u 24;
    %pushi/vec4 7, 0, 24;
    %and;
    %or;
    %ret/vec4 0, 0, 24;  Assign to encode_r (store_vec4_to_lval)
    %end;
S_0x561a89a9d5d0 .scope task, "send_uart_byte" "send_uart_byte" 2 46, 2 46 0, S_0x561a89a5d860;
 .timescale -9 -12;
v0x561a89a9d800_0 .var "data", 7 0;
v0x561a89a9d900_0 .var "idx", 3 0;
TD_tb_cpu.send_uart_byte ;
    %pushi/vec4 0, 0, 1;
    %store/vec4 v0x561a89aafa50_0, 0, 1;
    %delay 100000, 0;
    %pushi/vec4 0, 0, 4;
    %store/vec4 v0x561a89a9d900_0, 0, 4;
T_3.0 ; Top of for-loop
    %load/vec4 v0x561a89a9d900_0;
    %pad/u 32;
    %cmpi/u 8, 0, 32;
	  %jmp/0xz T_3.1, 5;
    %load/vec4 v0x561a89a9d800_0;
    %load/vec4 v0x561a89a9d900_0;
    %part/u 1;
    %store/vec4 v0x561a89aafa50_0, 0, 1;
    %delay 100000, 0;
T_3.2 ; for-loop step statement
    %load/vec4 v0x561a89a9d900_0;
    %addi 1, 0, 4;
    %store/vec4 v0x561a89a9d900_0, 0, 4;
    %jmp T_3.0;
T_3.1 ; for-loop exit label
    %pushi/vec4 1, 0, 1;
    %store/vec4 v0x561a89aafa50_0, 0, 1;
    %delay 100000, 0;
    %end;
S_0x561a89a9d9e0 .scope module, "u_soc" "k16_soc" 2 19, 3 6 0, S_0x561a89a5d860;
 .timescale -9 -12;
    .port_info 0 /INPUT 1 "clk";
    .port_info 1 /INPUT 1 "rst";
    .port_info 2 /INPUT 1 "uart_rx";
    .port_info 3 /OUTPUT 1 "uart_tx";
P_0x561a899e3f30 .param/l "CLKS_PER_BIT" 0 3 7, +C4<00000000000000000000000000001010>;
P_0x561a899e3f70 .param/str "INIT_FILE" 0 3 8, "firmware.hex";
L_0x561a89a69da0 .functor AND 1, L_0x561a89ac5860, L_0x561a89abfce0, C4<1>, C4<1>;
L_0x561a89a68860 .functor AND 1, L_0x561a89ac5860, L_0x561a89abfbf0, C4<1>, C4<1>;
L_0x7f8bf711d018 .functor BUFT 1, C4<1111111100000000>, C4<0>, C4<0>, C4<0>;
v0x561a89aaeb90_0 .net/2u *"_ivl_0", 15 0, L_0x7f8bf711d018;  1 drivers
v0x561a89aaec90_0 .net *"_ivl_5", 0 0, L_0x561a89abfce0;  1 drivers
v0x561a89aaed50_0 .net "clk", 0 0, v0x561a89aaf810_0;  1 drivers
v0x561a89aaedf0_0 .net "is_mmio", 0 0, L_0x561a89abfbf0;  1 drivers
v0x561a89aaee90_0 .var "is_mmio_q", 0 0;
v0x561a89aaefa0_0 .net "mem_addr", 15 0, L_0x561a89ac4c30;  1 drivers
v0x561a89aaf0b0_0 .net "mem_rdata", 23 0, L_0x561a89abff50;  1 drivers
v0x561a89aaf170_0 .net "mem_wdata", 23 0, L_0x561a89ac7270;  1 drivers
v0x561a89aaf210_0 .net "mem_we", 0 0, L_0x561a89ac5860;  1 drivers
v0x561a89aaf2b0_0 .net "mmio_rdata", 23 0, v0x561a89aad6c0_0;  1 drivers
v0x561a89aaf350_0 .net "mmio_we", 0 0, L_0x561a89a68860;  1 drivers
v0x561a89aaf420_0 .net "ram_rdata", 23 0, v0x561a89aae810_0;  1 drivers
v0x561a89aaf4f0_0 .net "ram_we", 0 0, L_0x561a89a69da0;  1 drivers
v0x561a89aaf5c0_0 .net "rst", 0 0, v0x561a89aaf9b0_0;  1 drivers
v0x561a89aaf660_0 .net "uart_rx", 0 0, v0x561a89aafa50_0;  1 drivers
v0x561a89aaf700_0 .net "uart_tx", 0 0, L_0x561a89ac7a30;  alias, 1 drivers
L_0x561a89abfbf0 .cmp/ge 16, L_0x561a89ac4c30, L_0x7f8bf711d018;
L_0x561a89abfce0 .reduce/nor L_0x561a89abfbf0;
L_0x561a89abff50 .functor MUXZ 24, v0x561a89aae810_0, v0x561a89aad6c0_0, v0x561a89aaee90_0, C4<>;
L_0x561a89ac75b0 .part L_0x561a89ac4c30, 0, 14;
S_0x561a89a9dc80 .scope module, "u_cpu" "cpu" 3 53, 4 6 0, S_0x561a89a9d9e0;
 .timescale -9 -12;
    .port_info 0 /INPUT 1 "clk";
    .port_info 1 /INPUT 1 "rst";
    .port_info 2 /OUTPUT 16 "mem_addr";
    .port_info 3 /OUTPUT 24 "mem_wdata";
    .port_info 4 /INPUT 24 "mem_rdata";
    .port_info 5 /OUTPUT 1 "mem_we";
P_0x561a89a9de80 .param/l "NOP_INST" 1 4 18, C4<100000000000000000000000>;
L_0x561a89a31f60 .functor AND 1, v0x561a89a9f1d0_0, v0x561a89aa8be0_0, C4<1>, C4<1>;
L_0x561a89a7bd30 .functor OR 1, v0x561a89aa8be0_0, v0x561a89aa8ca0_0, C4<0>, C4<0>;
L_0x561a89ac1780 .functor AND 1, v0x561a89a9f1d0_0, L_0x561a89a7bd30, C4<1>, C4<1>;
L_0x561a89ac2810 .functor AND 1, L_0x561a89ac52f0, L_0x561a89ac26e0, C4<1>, C4<1>;
L_0x561a89ac2670 .functor AND 1, L_0x561a89ac2810, L_0x561a89ac2880, C4<1>, C4<1>;
L_0x561a89ac2b30 .functor AND 1, v0x561a89aa9f70_0, L_0x561a89ac2a40, C4<1>, C4<1>;
L_0x561a89ac2920 .functor AND 1, v0x561a89aaa7e0_0, L_0x561a89ac2c30, C4<1>, C4<1>;
L_0x561a89ac3cd0 .functor AND 1, L_0x561a89ac52f0, L_0x561a89ac39e0, C4<1>, C4<1>;
L_0x561a89ac3bf0 .functor AND 1, L_0x561a89ac3cd0, L_0x561a89ac3d90, C4<1>, C4<1>;
L_0x561a89ac40b0 .functor AND 1, v0x561a89aa9f70_0, L_0x561a89ac3fc0, C4<1>, C4<1>;
L_0x561a89ac3e80 .functor AND 1, v0x561a89aaa7e0_0, L_0x561a89ac41d0, C4<1>, C4<1>;
L_0x561a89ac4d10 .functor BUFZ 16, L_0x561a89ac34f0, C4<0000000000000000>, C4<0000000000000000>, C4<0000000000000000>;
L_0x561a89ac4f80 .functor AND 1, v0x561a89a9f1d0_0, v0x561a89aa8a60_0, C4<1>, C4<1>;
L_0x561a89ac4c30 .functor BUFZ 16, L_0x561a89ac5080, C4<0000000000000000>, C4<0000000000000000>, C4<0000000000000000>;
L_0x561a89ac4ca0 .functor AND 1, v0x561a89a9f1d0_0, v0x561a89aa90e0_0, C4<1>, C4<1>;
L_0x561a89ac4e20 .functor AND 1, L_0x561a89ac4ca0, L_0x561a89ac5370, C4<1>, C4<1>;
L_0x561a89ac52f0 .functor OR 1, L_0x561a89ac4e20, v0x561a89aa9f70_0, C4<0>, C4<0>;
L_0x561a89ac5860 .functor AND 1, v0x561a89a9f1d0_0, v0x561a89aa8ca0_0, C4<1>, C4<1>;
v0x561a89aa4aa0_0 .net *"_ivl_10", 15 0, L_0x561a89ac19d0;  1 drivers
L_0x7f8bf711d648 .functor BUFT 1, C4<1101>, C4<0>, C4<0>, C4<0>;
v0x561a89aa4ba0_0 .net/2u *"_ivl_100", 3 0, L_0x7f8bf711d648;  1 drivers
v0x561a89aa4c80_0 .net *"_ivl_102", 0 0, L_0x561a89ac3fc0;  1 drivers
v0x561a89aa4d20_0 .net *"_ivl_105", 0 0, L_0x561a89ac40b0;  1 drivers
v0x561a89aa4de0_0 .net *"_ivl_106", 0 0, L_0x561a89ac41d0;  1 drivers
v0x561a89aa4ef0_0 .net *"_ivl_109", 0 0, L_0x561a89ac3e80;  1 drivers
v0x561a89aa4fb0_0 .net *"_ivl_110", 15 0, L_0x561a89ac43c0;  1 drivers
v0x561a89aa5090_0 .net *"_ivl_112", 15 0, L_0x561a89ac4500;  1 drivers
v0x561a89aa5170_0 .net *"_ivl_114", 15 0, L_0x561a89ac46b0;  1 drivers
v0x561a89aa5250_0 .net *"_ivl_116", 15 0, L_0x561a89ac47f0;  1 drivers
v0x561a89aa5330_0 .net *"_ivl_118", 15 0, L_0x561a89ac49b0;  1 drivers
v0x561a89aa5410_0 .net *"_ivl_133", 0 0, L_0x561a89ac4ca0;  1 drivers
v0x561a89aa54d0_0 .net *"_ivl_135", 0 0, L_0x561a89ac5370;  1 drivers
v0x561a89aa5590_0 .net *"_ivl_137", 0 0, L_0x561a89ac4e20;  1 drivers
v0x561a89aa5650_0 .net *"_ivl_143", 15 0, L_0x561a89ac51b0;  1 drivers
v0x561a89aa5730_0 .net *"_ivl_15", 7 0, L_0x561a89ac1ca0;  1 drivers
v0x561a89aa5810_0 .net *"_ivl_17", 7 0, L_0x561a89ac1d40;  1 drivers
v0x561a89aa58f0_0 .net *"_ivl_18", 15 0, L_0x561a89ac1e70;  1 drivers
L_0x7f8bf711d2a0 .functor BUFT 1, C4<0000>, C4<0>, C4<0>, C4<0>;
v0x561a89aa59d0_0 .net/2u *"_ivl_22", 3 0, L_0x7f8bf711d2a0;  1 drivers
v0x561a89aa5ab0_0 .net *"_ivl_24", 0 0, L_0x561a89ac20f0;  1 drivers
L_0x7f8bf711d2e8 .functor BUFT 1, C4<0000000000000000>, C4<0>, C4<0>, C4<0>;
v0x561a89aa5b70_0 .net/2u *"_ivl_26", 15 0, L_0x7f8bf711d2e8;  1 drivers
L_0x7f8bf711d330 .functor BUFT 1, C4<1110>, C4<0>, C4<0>, C4<0>;
v0x561a89aa5c50_0 .net/2u *"_ivl_28", 3 0, L_0x7f8bf711d330;  1 drivers
v0x561a89aa5d30_0 .net *"_ivl_3", 0 0, L_0x561a89a7bd30;  1 drivers
v0x561a89aa5df0_0 .net *"_ivl_30", 0 0, L_0x561a89ac21e0;  1 drivers
L_0x7f8bf711d378 .functor BUFT 1, C4<0000000000000>, C4<0>, C4<0>, C4<0>;
v0x561a89aa5eb0_0 .net/2u *"_ivl_32", 12 0, L_0x7f8bf711d378;  1 drivers
v0x561a89aa5f90_0 .net *"_ivl_34", 15 0, L_0x561a89ac2380;  1 drivers
L_0x7f8bf711d3c0 .functor BUFT 1, C4<1111>, C4<0>, C4<0>, C4<0>;
v0x561a89aa6070_0 .net/2u *"_ivl_36", 3 0, L_0x7f8bf711d3c0;  1 drivers
v0x561a89aa6150_0 .net *"_ivl_38", 0 0, L_0x561a89ac25d0;  1 drivers
v0x561a89aa6210_0 .net *"_ivl_40", 0 0, L_0x561a89ac26e0;  1 drivers
v0x561a89aa62d0_0 .net *"_ivl_43", 0 0, L_0x561a89ac2810;  1 drivers
L_0x7f8bf711d408 .functor BUFT 1, C4<1101>, C4<0>, C4<0>, C4<0>;
v0x561a89aa6390_0 .net/2u *"_ivl_44", 3 0, L_0x7f8bf711d408;  1 drivers
v0x561a89aa6470_0 .net *"_ivl_46", 0 0, L_0x561a89ac2880;  1 drivers
v0x561a89aa6530_0 .net *"_ivl_49", 0 0, L_0x561a89ac2670;  1 drivers
L_0x7f8bf711d450 .functor BUFT 1, C4<1101>, C4<0>, C4<0>, C4<0>;
v0x561a89aa6800_0 .net/2u *"_ivl_50", 3 0, L_0x7f8bf711d450;  1 drivers
v0x561a89aa68e0_0 .net *"_ivl_52", 0 0, L_0x561a89ac2a40;  1 drivers
v0x561a89aa69a0_0 .net *"_ivl_55", 0 0, L_0x561a89ac2b30;  1 drivers
v0x561a89aa6a60_0 .net *"_ivl_56", 0 0, L_0x561a89ac2c30;  1 drivers
v0x561a89aa6b20_0 .net *"_ivl_59", 0 0, L_0x561a89ac2920;  1 drivers
v0x561a89aa6be0_0 .net *"_ivl_60", 15 0, L_0x561a89ac2db0;  1 drivers
v0x561a89aa6cc0_0 .net *"_ivl_62", 15 0, L_0x561a89ac2ea0;  1 drivers
v0x561a89aa6da0_0 .net *"_ivl_64", 15 0, L_0x561a89ac3080;  1 drivers
v0x561a89aa6e80_0 .net *"_ivl_66", 15 0, L_0x561a89ac3210;  1 drivers
v0x561a89aa6f60_0 .net *"_ivl_68", 15 0, L_0x561a89ac3360;  1 drivers
v0x561a89aa7040_0 .net *"_ivl_7", 7 0, L_0x561a89ac1890;  1 drivers
L_0x7f8bf711d498 .functor BUFT 1, C4<0000>, C4<0>, C4<0>, C4<0>;
v0x561a89aa7120_0 .net/2u *"_ivl_72", 3 0, L_0x7f8bf711d498;  1 drivers
v0x561a89aa7200_0 .net *"_ivl_74", 0 0, L_0x561a89ac37b0;  1 drivers
L_0x7f8bf711d4e0 .functor BUFT 1, C4<0000000000000000>, C4<0>, C4<0>, C4<0>;
v0x561a89aa72c0_0 .net/2u *"_ivl_76", 15 0, L_0x7f8bf711d4e0;  1 drivers
L_0x7f8bf711d528 .functor BUFT 1, C4<1110>, C4<0>, C4<0>, C4<0>;
v0x561a89aa73a0_0 .net/2u *"_ivl_78", 3 0, L_0x7f8bf711d528;  1 drivers
v0x561a89aa7480_0 .net *"_ivl_80", 0 0, L_0x561a89ac38a0;  1 drivers
L_0x7f8bf711d570 .functor BUFT 1, C4<0000000000000>, C4<0>, C4<0>, C4<0>;
v0x561a89aa7540_0 .net/2u *"_ivl_82", 12 0, L_0x7f8bf711d570;  1 drivers
v0x561a89aa7620_0 .net *"_ivl_84", 15 0, L_0x561a89ac3590;  1 drivers
L_0x7f8bf711d5b8 .functor BUFT 1, C4<1111>, C4<0>, C4<0>, C4<0>;
v0x561a89aa7700_0 .net/2u *"_ivl_86", 3 0, L_0x7f8bf711d5b8;  1 drivers
v0x561a89aa77e0_0 .net *"_ivl_88", 0 0, L_0x561a89ac3b00;  1 drivers
v0x561a89aa78a0_0 .net *"_ivl_9", 7 0, L_0x561a89ac1930;  1 drivers
v0x561a89aa7980_0 .net *"_ivl_90", 0 0, L_0x561a89ac39e0;  1 drivers
v0x561a89aa7a40_0 .net *"_ivl_93", 0 0, L_0x561a89ac3cd0;  1 drivers
L_0x7f8bf711d600 .functor BUFT 1, C4<1101>, C4<0>, C4<0>, C4<0>;
v0x561a89aa7b00_0 .net/2u *"_ivl_94", 3 0, L_0x7f8bf711d600;  1 drivers
v0x561a89aa7be0_0 .net *"_ivl_96", 0 0, L_0x561a89ac3d90;  1 drivers
v0x561a89aa7ca0_0 .net *"_ivl_99", 0 0, L_0x561a89ac3bf0;  1 drivers
v0x561a89aa7d60_0 .net "alu_in_a", 15 0, L_0x561a89ac4d10;  1 drivers
v0x561a89aa7e20_0 .net "alu_in_b", 15 0, L_0x561a89ac4e90;  1 drivers
v0x561a89aa7ec0_0 .net "alu_result", 15 0, v0x561a89a9ea50_0;  1 drivers
v0x561a89aa7f60_0 .net "cf", 0 0, v0x561a89a9e580_0;  1 drivers
v0x561a89aa8000_0 .net "clk", 0 0, v0x561a89aaf810_0;  alias, 1 drivers
v0x561a89aa80a0_0 .var "data_access_q", 0 0;
v0x561a89aa8140_0 .net "ex_cond_match", 0 0, v0x561a89a9f1d0_0;  1 drivers
v0x561a89aa81e0_0 .net "ex_is_mem_access", 0 0, L_0x561a89ac1780;  1 drivers
v0x561a89aa8280_0 .net "fwd_data_a", 15 0, L_0x561a89ac34f0;  1 drivers
v0x561a89aa8320_0 .net "fwd_data_b", 15 0, L_0x561a89ac4b40;  1 drivers
v0x561a89aa8400_0 .net "fwd_r13_a", 15 0, L_0x561a89ac1b10;  1 drivers
v0x561a89aa84e0_0 .net "fwd_r13_b", 15 0, L_0x561a89ac1f60;  1 drivers
v0x561a89aa85c0_0 .net "id_alu_funct", 2 0, v0x561a89aa08d0_0;  1 drivers
v0x561a89aa8680_0 .net "id_alu_src_imm", 0 0, L_0x561a89a5a5e0;  1 drivers
v0x561a89aa8750_0 .net "id_cond", 2 0, L_0x561a89ac00e0;  1 drivers
v0x561a89aa8820_0 .var "id_ex_alu_funct", 2 0;
v0x561a89aa88f0_0 .var "id_ex_alu_src_imm", 0 0;
v0x561a89aa8990_0 .var "id_ex_cond", 2 0;
v0x561a89aa8a60_0 .var "id_ex_flag_write", 0 0;
v0x561a89aa8b00_0 .var "id_ex_imm", 15 0;
v0x561a89aa8be0_0 .var "id_ex_is_load", 0 0;
v0x561a89aa8ca0_0 .var "id_ex_is_store", 0 0;
v0x561a89aa8d60_0 .var "id_ex_pc", 15 0;
v0x561a89aa8e40_0 .var "id_ex_rd", 3 0;
v0x561a89aa8f20_0 .var "id_ex_rddata_a", 15 0;
v0x561a89aa9000_0 .var "id_ex_rddata_b", 15 0;
v0x561a89aa90e0_0 .var "id_ex_reg_write", 0 0;
v0x561a89aa91a0_0 .var "id_ex_rs1", 3 0;
v0x561a89aa9280_0 .var "id_ex_rs2", 3 0;
v0x561a89aa9360_0 .net "id_flag_write", 0 0, L_0x561a89a56060;  1 drivers
v0x561a89aa9430_0 .net "id_imm", 15 0, v0x561a89aa0c10_0;  1 drivers
v0x561a89aa9500_0 .net "id_is_alu_imm", 0 0, L_0x561a89ac0670;  1 drivers
v0x561a89aa95d0_0 .net "id_is_alu_reg", 0 0, L_0x561a89ac0580;  1 drivers
v0x561a89aa96a0_0 .net "id_is_load", 0 0, L_0x561a89a64ab0;  1 drivers
v0x561a89aa9770_0 .net "id_is_store", 0 0, L_0x561a89a59fb0;  1 drivers
v0x561a89aa9840_0 .net "id_op", 1 0, L_0x561a89ac0240;  1 drivers
v0x561a89aa9910_0 .net "id_rd", 3 0, L_0x561a89ac0330;  1 drivers
v0x561a89aa99e0_0 .net "id_rddata_a", 15 0, L_0x561a89ac6310;  1 drivers
v0x561a89aa9ab0_0 .net "id_rddata_b", 15 0, L_0x561a89ac6eb0;  1 drivers
v0x561a89aa9b80_0 .net "id_reg_write", 0 0, L_0x561a89a5c410;  1 drivers
v0x561a89aa9c50_0 .net "id_rs1", 3 0, L_0x561a89ac04b0;  1 drivers
v0x561a89aa9d40_0 .net "id_rs2", 3 0, L_0x561a89ac10d0;  1 drivers
v0x561a89aa9e30_0 .var "if_id_ir", 23 0;
v0x561a89aa9ed0_0 .var "if_id_pc", 15 0;
v0x561a89aa9f70_0 .var "load_active_q", 0 0;
v0x561a89aaa010_0 .var "load_rd_q", 3 0;
v0x561a89aaa0b0_0 .net "load_stall", 0 0, L_0x561a89a31f60;  1 drivers
v0x561a89aaa150_0 .net "mem_addr", 15 0, L_0x561a89ac4c30;  alias, 1 drivers
v0x561a89aaa230_0 .net "mem_rdata", 23 0, L_0x561a89abff50;  alias, 1 drivers
v0x561a89aaa310_0 .net "mem_wdata", 23 0, L_0x561a89ac7270;  alias, 1 drivers
v0x561a89aaa3f0_0 .net "mem_we", 0 0, L_0x561a89ac5860;  alias, 1 drivers
v0x561a89aaa4b0_0 .net "nf", 0 0, v0x561a89a9e620_0;  1 drivers
v0x561a89aa3ec0_15 .array/port v0x561a89aa3ec0, 15;
v0x561a89aaa550_0 .net "pc", 15 0, v0x561a89aa3ec0_15;  1 drivers
v0x561a89aaa640_0 .var "prev_wtaddr", 3 0;
v0x561a89aaa700_0 .var "prev_wtdata", 15 0;
v0x561a89aaa7e0_0 .var "prev_wtenable", 0 0;
v0x561a89aaa8a0_0 .net "rst", 0 0, v0x561a89aaf9b0_0;  alias, 1 drivers
v0x561a89aaa990_0 .net "shared_addr", 15 0, L_0x561a89ac5080;  1 drivers
v0x561a89aaaa70_0 .net "topout", 7 0, L_0x561a89ac70e0;  1 drivers
v0x561a89aaab30_0 .net "wtaddr", 3 0, L_0x561a89ac55d0;  1 drivers
v0x561a89aaac00_0 .net "wtdata", 15 0, L_0x561a89ac57c0;  1 drivers
v0x561a89aaacd0_0 .net "wtenable", 0 0, L_0x561a89ac52f0;  1 drivers
v0x561a89aaada0_0 .net "zf", 0 0, v0x561a89a9e6e0_0;  1 drivers
L_0x561a89ac1890 .part v0x561a89aa8f20_0, 8, 8;
L_0x561a89ac1930 .part L_0x561a89abff50, 16, 8;
L_0x561a89ac19d0 .concat [ 8 8 0 0], L_0x561a89ac1930, L_0x561a89ac1890;
L_0x561a89ac1b10 .functor MUXZ 16, v0x561a89aa8f20_0, L_0x561a89ac19d0, v0x561a89aa9f70_0, C4<>;
L_0x561a89ac1ca0 .part v0x561a89aa9000_0, 8, 8;
L_0x561a89ac1d40 .part L_0x561a89abff50, 16, 8;
L_0x561a89ac1e70 .concat [ 8 8 0 0], L_0x561a89ac1d40, L_0x561a89ac1ca0;
L_0x561a89ac1f60 .functor MUXZ 16, v0x561a89aa9000_0, L_0x561a89ac1e70, v0x561a89aa9f70_0, C4<>;
L_0x561a89ac20f0 .cmp/eq 4, v0x561a89aa91a0_0, L_0x7f8bf711d2a0;
L_0x561a89ac21e0 .cmp/eq 4, v0x561a89aa91a0_0, L_0x7f8bf711d330;
L_0x561a89ac2380 .concat [ 1 1 1 13], v0x561a89a9e6e0_0, v0x561a89a9e580_0, v0x561a89a9e620_0, L_0x7f8bf711d378;
L_0x561a89ac25d0 .cmp/eq 4, v0x561a89aa91a0_0, L_0x7f8bf711d3c0;
L_0x561a89ac26e0 .cmp/eq 4, L_0x561a89ac55d0, v0x561a89aa91a0_0;
L_0x561a89ac2880 .cmp/ne 4, v0x561a89aa91a0_0, L_0x7f8bf711d408;
L_0x561a89ac2a40 .cmp/eq 4, v0x561a89aa91a0_0, L_0x7f8bf711d450;
L_0x561a89ac2c30 .cmp/eq 4, v0x561a89aaa640_0, v0x561a89aa91a0_0;
L_0x561a89ac2db0 .functor MUXZ 16, v0x561a89aa8f20_0, v0x561a89aaa700_0, L_0x561a89ac2920, C4<>;
L_0x561a89ac2ea0 .functor MUXZ 16, L_0x561a89ac2db0, L_0x561a89ac1b10, L_0x561a89ac2b30, C4<>;
L_0x561a89ac3080 .functor MUXZ 16, L_0x561a89ac2ea0, L_0x561a89ac57c0, L_0x561a89ac2670, C4<>;
L_0x561a89ac3210 .functor MUXZ 16, L_0x561a89ac3080, v0x561a89aa8d60_0, L_0x561a89ac25d0, C4<>;
L_0x561a89ac3360 .functor MUXZ 16, L_0x561a89ac3210, L_0x561a89ac2380, L_0x561a89ac21e0, C4<>;
L_0x561a89ac34f0 .functor MUXZ 16, L_0x561a89ac3360, L_0x7f8bf711d2e8, L_0x561a89ac20f0, C4<>;
L_0x561a89ac37b0 .cmp/eq 4, v0x561a89aa9280_0, L_0x7f8bf711d498;
L_0x561a89ac38a0 .cmp/eq 4, v0x561a89aa9280_0, L_0x7f8bf711d528;
L_0x561a89ac3590 .concat [ 1 1 1 13], v0x561a89a9e6e0_0, v0x561a89a9e580_0, v0x561a89a9e620_0, L_0x7f8bf711d570;
L_0x561a89ac3b00 .cmp/eq 4, v0x561a89aa9280_0, L_0x7f8bf711d5b8;
L_0x561a89ac39e0 .cmp/eq 4, L_0x561a89ac55d0, v0x561a89aa9280_0;
L_0x561a89ac3d90 .cmp/ne 4, v0x561a89aa9280_0, L_0x7f8bf711d600;
L_0x561a89ac3fc0 .cmp/eq 4, v0x561a89aa9280_0, L_0x7f8bf711d648;
L_0x561a89ac41d0 .cmp/eq 4, v0x561a89aaa640_0, v0x561a89aa9280_0;
L_0x561a89ac43c0 .functor MUXZ 16, v0x561a89aa9000_0, v0x561a89aaa700_0, L_0x561a89ac3e80, C4<>;
L_0x561a89ac4500 .functor MUXZ 16, L_0x561a89ac43c0, L_0x561a89ac1f60, L_0x561a89ac40b0, C4<>;
L_0x561a89ac46b0 .functor MUXZ 16, L_0x561a89ac4500, L_0x561a89ac57c0, L_0x561a89ac3bf0, C4<>;
L_0x561a89ac47f0 .functor MUXZ 16, L_0x561a89ac46b0, v0x561a89aa8d60_0, L_0x561a89ac3b00, C4<>;
L_0x561a89ac49b0 .functor MUXZ 16, L_0x561a89ac47f0, L_0x561a89ac3590, L_0x561a89ac38a0, C4<>;
L_0x561a89ac4b40 .functor MUXZ 16, L_0x561a89ac49b0, L_0x7f8bf711d4e0, L_0x561a89ac37b0, C4<>;
L_0x561a89ac4e90 .functor MUXZ 16, L_0x561a89ac4b40, v0x561a89aa8b00_0, v0x561a89aa88f0_0, C4<>;
L_0x561a89ac5080 .functor MUXZ 16, v0x561a89aa3ec0_15, v0x561a89a9ea50_0, L_0x561a89ac1780, C4<>;
L_0x561a89ac5370 .reduce/nor v0x561a89aa8be0_0;
L_0x561a89ac55d0 .functor MUXZ 4, v0x561a89aa8e40_0, v0x561a89aaa010_0, v0x561a89aa9f70_0, C4<>;
L_0x561a89ac51b0 .part L_0x561a89abff50, 0, 16;
L_0x561a89ac57c0 .functor MUXZ 16, v0x561a89a9ea50_0, L_0x561a89ac51b0, v0x561a89aa9f70_0, C4<>;
L_0x561a89ac71d0 .part L_0x561a89abff50, 16, 8;
L_0x561a89ac7270 .concat [ 16 8 0 0], L_0x561a89ac4b40, L_0x561a89ac70e0;
S_0x561a89a9e010 .scope module, "u_alu" "alu" 4 197, 5 1 0, S_0x561a89a9dc80;
 .timescale -9 -12;
    .port_info 0 /INPUT 1 "clk";
    .port_info 1 /INPUT 1 "rst";
    .port_info 2 /INPUT 1 "flag_en";
    .port_info 3 /INPUT 16 "A";
    .port_info 4 /INPUT 16 "B";
    .port_info 5 /INPUT 3 "funct";
    .port_info 6 /OUTPUT 16 "result";
    .port_info 7 /OUTPUT 1 "Z";
    .port_info 8 /OUTPUT 1 "C";
    .port_info 9 /OUTPUT 1 "N";
v0x561a89a9e3a0_0 .net "A", 15 0, L_0x561a89ac4d10;  alias, 1 drivers
v0x561a89a9e4a0_0 .net "B", 15 0, L_0x561a89ac4e90;  alias, 1 drivers
v0x561a89a9e580_0 .var "C", 0 0;
v0x561a89a9e620_0 .var "N", 0 0;
v0x561a89a9e6e0_0 .var "Z", 0 0;
v0x561a89a9e7f0_0 .net "clk", 0 0, v0x561a89aaf810_0;  alias, 1 drivers
v0x561a89a9e8b0_0 .net "flag_en", 0 0, L_0x561a89ac4f80;  1 drivers
v0x561a89a9e970_0 .net "funct", 2 0, v0x561a89aa8820_0;  1 drivers
v0x561a89a9ea50_0 .var "result", 15 0;
v0x561a89a9ebc0_0 .net "rst", 0 0, v0x561a89aaf9b0_0;  alias, 1 drivers
v0x561a89a9ec80_0 .var "temp", 16 0;
E_0x561a899d9320 .event posedge, v0x561a89a9ebc0_0, v0x561a89a9e7f0_0;
E_0x561a899d78c0/0 .event anyedge, v0x561a89a9e970_0, v0x561a89a9e3a0_0, v0x561a89a9e4a0_0, v0x561a89a9ec80_0;
E_0x561a899d78c0/1 .event anyedge, v0x561a89a9e580_0;
E_0x561a899d78c0 .event/or E_0x561a899d78c0/0, E_0x561a899d78c0/1;
S_0x561a89a9eea0 .scope module, "u_cond_check" "cond_check" 4 157, 6 1 0, S_0x561a89a9dc80;
 .timescale -9 -12;
    .port_info 0 /INPUT 3 "cond";
    .port_info 1 /INPUT 1 "zf";
    .port_info 2 /INPUT 1 "cf";
    .port_info 3 /INPUT 1 "nf";
    .port_info 4 /OUTPUT 1 "match";
v0x561a89a9f050_0 .net "cf", 0 0, v0x561a89a9e580_0;  alias, 1 drivers
v0x561a89a9f110_0 .net "cond", 2 0, v0x561a89aa8990_0;  1 drivers
v0x561a89a9f1d0_0 .var "match", 0 0;
v0x561a89a9f270_0 .net "nf", 0 0, v0x561a89a9e620_0;  alias, 1 drivers
v0x561a89a9f310_0 .net "zf", 0 0, v0x561a89a9e6e0_0;  alias, 1 drivers
E_0x561a899d7d30 .event anyedge, v0x561a89a9f110_0, v0x561a89a9e6e0_0, v0x561a89a9e580_0, v0x561a89a9e620_0;
S_0x561a89a9f460 .scope module, "u_decoder" "decoder" 4 48, 7 1 0, S_0x561a89a9dc80;
 .timescale -9 -12;
    .port_info 0 /INPUT 24 "inst";
    .port_info 1 /OUTPUT 3 "cond";
    .port_info 2 /OUTPUT 2 "op";
    .port_info 3 /OUTPUT 4 "rd";
    .port_info 4 /OUTPUT 4 "rs1";
    .port_info 5 /OUTPUT 4 "rs2";
    .port_info 6 /OUTPUT 16 "imm";
    .port_info 7 /OUTPUT 3 "alu_funct";
    .port_info 8 /OUTPUT 1 "is_alu_reg";
    .port_info 9 /OUTPUT 1 "is_alu_imm";
    .port_info 10 /OUTPUT 1 "is_load";
    .port_info 11 /OUTPUT 1 "is_store";
    .port_info 12 /OUTPUT 1 "alu_src_imm";
    .port_info 13 /OUTPUT 1 "reg_write";
    .port_info 14 /OUTPUT 1 "flag_write";
L_0x7f8bf711d138 .functor BUFT 1, C4<0>, C4<0>, C4<0>, C4<0>;
L_0x561a89a64290 .functor XNOR 1, L_0x561a89ac0920, L_0x7f8bf711d138, C4<0>, C4<0>;
L_0x561a89a64ab0 .functor AND 1, L_0x561a89ac0830, L_0x561a89a64290, C4<1>, C4<1>;
L_0x7f8bf711d1c8 .functor BUFT 1, C4<1>, C4<0>, C4<0>, C4<0>;
L_0x561a89a68170 .functor XNOR 1, L_0x561a89ac0ce0, L_0x7f8bf711d1c8, C4<0>, C4<0>;
L_0x561a89a59fb0 .functor AND 1, L_0x561a89ac0bf0, L_0x561a89a68170, C4<1>, C4<1>;
L_0x561a89a5a5e0 .functor OR 1, L_0x561a89ac0670, L_0x561a89ac11e0, C4<0>, C4<0>;
L_0x561a89a5a9e0 .functor OR 1, L_0x561a89ac0580, L_0x561a89ac0670, C4<0>, C4<0>;
L_0x561a89a5c410 .functor OR 1, L_0x561a89a5a9e0, L_0x561a89a64ab0, C4<0>, C4<0>;
L_0x561a89a5d0d0 .functor OR 1, L_0x561a89ac0580, L_0x561a89ac0670, C4<0>, C4<0>;
L_0x561a89a56060 .functor AND 1, L_0x561a89a5d0d0, L_0x561a89ac1530, C4<1>, C4<1>;
L_0x7f8bf711d0a8 .functor BUFT 1, C4<01>, C4<0>, C4<0>, C4<0>;
v0x561a89a9f850_0 .net/2u *"_ivl_12", 1 0, L_0x7f8bf711d0a8;  1 drivers
L_0x7f8bf711d0f0 .functor BUFT 1, C4<11>, C4<0>, C4<0>, C4<0>;
v0x561a89a9f950_0 .net/2u *"_ivl_16", 1 0, L_0x7f8bf711d0f0;  1 drivers
v0x561a89a9fa30_0 .net *"_ivl_18", 0 0, L_0x561a89ac0830;  1 drivers
v0x561a89a9fad0_0 .net *"_ivl_21", 0 0, L_0x561a89ac0920;  1 drivers
v0x561a89a9fbb0_0 .net/2u *"_ivl_22", 0 0, L_0x7f8bf711d138;  1 drivers
v0x561a89a9fce0_0 .net *"_ivl_24", 0 0, L_0x561a89a64290;  1 drivers
L_0x7f8bf711d180 .functor BUFT 1, C4<11>, C4<0>, C4<0>, C4<0>;
v0x561a89a9fda0_0 .net/2u *"_ivl_28", 1 0, L_0x7f8bf711d180;  1 drivers
v0x561a89a9fe80_0 .net *"_ivl_30", 0 0, L_0x561a89ac0bf0;  1 drivers
v0x561a89a9ff40_0 .net *"_ivl_33", 0 0, L_0x561a89ac0ce0;  1 drivers
v0x561a89aa00b0_0 .net/2u *"_ivl_34", 0 0, L_0x7f8bf711d1c8;  1 drivers
v0x561a89aa0190_0 .net *"_ivl_36", 0 0, L_0x561a89a68170;  1 drivers
v0x561a89aa0250_0 .net *"_ivl_41", 3 0, L_0x561a89ac0f20;  1 drivers
L_0x7f8bf711d210 .functor BUFT 1, C4<11>, C4<0>, C4<0>, C4<0>;
v0x561a89aa0330_0 .net/2u *"_ivl_44", 1 0, L_0x7f8bf711d210;  1 drivers
v0x561a89aa0410_0 .net *"_ivl_46", 0 0, L_0x561a89ac11e0;  1 drivers
v0x561a89aa04d0_0 .net *"_ivl_51", 0 0, L_0x561a89a5a9e0;  1 drivers
v0x561a89aa0590_0 .net *"_ivl_55", 0 0, L_0x561a89a5d0d0;  1 drivers
L_0x7f8bf711d258 .functor BUFT 1, C4<1111>, C4<0>, C4<0>, C4<0>;
v0x561a89aa0650_0 .net/2u *"_ivl_56", 3 0, L_0x7f8bf711d258;  1 drivers
v0x561a89aa0730_0 .net *"_ivl_58", 0 0, L_0x561a89ac1530;  1 drivers
L_0x7f8bf711d060 .functor BUFT 1, C4<00>, C4<0>, C4<0>, C4<0>;
v0x561a89aa07f0_0 .net/2u *"_ivl_8", 1 0, L_0x7f8bf711d060;  1 drivers
v0x561a89aa08d0_0 .var "alu_funct", 2 0;
v0x561a89aa09b0_0 .net "alu_src_imm", 0 0, L_0x561a89a5a5e0;  alias, 1 drivers
v0x561a89aa0a70_0 .net "cond", 2 0, L_0x561a89ac00e0;  alias, 1 drivers
v0x561a89aa0b50_0 .net "flag_write", 0 0, L_0x561a89a56060;  alias, 1 drivers
v0x561a89aa0c10_0 .var "imm", 15 0;
v0x561a89aa0cf0_0 .net "inst", 23 0, v0x561a89aa9e30_0;  1 drivers
v0x561a89aa0dd0_0 .net "is_alu_imm", 0 0, L_0x561a89ac0670;  alias, 1 drivers
v0x561a89aa0e90_0 .net "is_alu_reg", 0 0, L_0x561a89ac0580;  alias, 1 drivers
v0x561a89aa0f50_0 .net "is_load", 0 0, L_0x561a89a64ab0;  alias, 1 drivers
v0x561a89aa1010_0 .net "is_store", 0 0, L_0x561a89a59fb0;  alias, 1 drivers
v0x561a89aa10d0_0 .net "op", 1 0, L_0x561a89ac0240;  alias, 1 drivers
v0x561a89aa11b0_0 .net "rd", 3 0, L_0x561a89ac0330;  alias, 1 drivers
v0x561a89aa1290_0 .net "reg_write", 0 0, L_0x561a89a5c410;  alias, 1 drivers
v0x561a89aa1350_0 .net "rs1", 3 0, L_0x561a89ac04b0;  alias, 1 drivers
v0x561a89aa1640_0 .net "rs2", 3 0, L_0x561a89ac10d0;  alias, 1 drivers
E_0x561a899d8c10 .event anyedge, v0x561a89aa10d0_0, v0x561a89aa0cf0_0;
L_0x561a89ac00e0 .part v0x561a89aa9e30_0, 21, 3;
L_0x561a89ac0240 .part v0x561a89aa9e30_0, 19, 2;
L_0x561a89ac0330 .part v0x561a89aa9e30_0, 15, 4;
L_0x561a89ac04b0 .part v0x561a89aa9e30_0, 11, 4;
L_0x561a89ac0580 .cmp/eq 2, L_0x561a89ac0240, L_0x7f8bf711d060;
L_0x561a89ac0670 .cmp/eq 2, L_0x561a89ac0240, L_0x7f8bf711d0a8;
L_0x561a89ac0830 .cmp/eq 2, L_0x561a89ac0240, L_0x7f8bf711d0f0;
L_0x561a89ac0920 .part v0x561a89aa9e30_0, 1, 1;
L_0x561a89ac0bf0 .cmp/eq 2, L_0x561a89ac0240, L_0x7f8bf711d180;
L_0x561a89ac0ce0 .part v0x561a89aa9e30_0, 1, 1;
L_0x561a89ac0f20 .part v0x561a89aa9e30_0, 7, 4;
L_0x561a89ac10d0 .functor MUXZ 4, L_0x561a89ac0f20, L_0x561a89ac0330, L_0x561a89a59fb0, C4<>;
L_0x561a89ac11e0 .cmp/eq 2, L_0x561a89ac0240, L_0x7f8bf711d210;
L_0x561a89ac1530 .cmp/ne 4, L_0x561a89ac0330, L_0x7f8bf711d258;
S_0x561a89aa1900 .scope module, "u_regfile" "regfile" 4 275, 8 1 0, S_0x561a89a9dc80;
 .timescale -9 -12;
    .port_info 0 /INPUT 1 "clk";
    .port_info 1 /INPUT 1 "rst";
    .port_info 2 /INPUT 1 "zf";
    .port_info 3 /INPUT 1 "cf";
    .port_info 4 /INPUT 1 "nf";
    .port_info 5 /INPUT 16 "wtdata";
    .port_info 6 /INPUT 1 "wtenable";
    .port_info 7 /INPUT 4 "wtaddr";
    .port_info 8 /INPUT 8 "topin";
    .port_info 9 /INPUT 1 "topenable";
    .port_info 10 /OUTPUT 8 "topout";
    .port_info 11 /INPUT 4 "rdaddr_a";
    .port_info 12 /INPUT 4 "rdaddr_b";
    .port_info 13 /OUTPUT 16 "rddata_a";
    .port_info 14 /OUTPUT 16 "rddata_b";
    .port_info 15 /OUTPUT 16 "pc";
    .port_info 16 /INPUT 1 "pc_hold";
L_0x561a89ac5d50 .functor AND 1, L_0x561a89ac52f0, L_0x561a89ac5cb0, C4<1>, C4<1>;
L_0x561a89ac6920 .functor AND 1, L_0x561a89ac52f0, L_0x561a89ac6880, C4<1>, C4<1>;
v0x561a89aa1cc0_0 .net *"_ivl_11", 0 0, L_0x561a89ac5b70;  1 drivers
L_0x7f8bf711d768 .functor BUFT 1, C4<0000000000000>, C4<0>, C4<0>, C4<0>;
v0x561a89aa1da0_0 .net/2u *"_ivl_13", 12 0, L_0x7f8bf711d768;  1 drivers
v0x561a89aa1e80_0 .net *"_ivl_15", 15 0, L_0x561a89ac5c10;  1 drivers
v0x561a89aa1f40_0 .net *"_ivl_17", 0 0, L_0x561a89ac5cb0;  1 drivers
v0x561a89aa2000_0 .net *"_ivl_20", 0 0, L_0x561a89ac5d50;  1 drivers
v0x561a89aa2110_0 .net *"_ivl_21", 15 0, L_0x561a89ac5e10;  1 drivers
v0x561a89aa21f0_0 .net *"_ivl_23", 5 0, L_0x561a89ac5eb0;  1 drivers
L_0x7f8bf711d7b0 .functor BUFT 1, C4<00>, C4<0>, C4<0>, C4<0>;
v0x561a89aa22d0_0 .net *"_ivl_26", 1 0, L_0x7f8bf711d7b0;  1 drivers
v0x561a89aa23b0_0 .net *"_ivl_27", 15 0, L_0x561a89ac5ff0;  1 drivers
v0x561a89aa2520_0 .net *"_ivl_29", 15 0, L_0x561a89ac6130;  1 drivers
L_0x7f8bf711d690 .functor BUFT 1, C4<0000>, C4<0>, C4<0>, C4<0>;
v0x561a89aa2600_0 .net/2u *"_ivl_3", 3 0, L_0x7f8bf711d690;  1 drivers
L_0x7f8bf711d7f8 .functor BUFT 1, C4<0000>, C4<0>, C4<0>, C4<0>;
v0x561a89aa26e0_0 .net/2u *"_ivl_33", 3 0, L_0x7f8bf711d7f8;  1 drivers
v0x561a89aa27c0_0 .net *"_ivl_35", 0 0, L_0x561a89ac64f0;  1 drivers
L_0x7f8bf711d840 .functor BUFT 1, C4<0000000000000000>, C4<0>, C4<0>, C4<0>;
v0x561a89aa2880_0 .net/2u *"_ivl_37", 15 0, L_0x7f8bf711d840;  1 drivers
L_0x7f8bf711d888 .functor BUFT 1, C4<1110>, C4<0>, C4<0>, C4<0>;
v0x561a89aa2960_0 .net/2u *"_ivl_39", 3 0, L_0x7f8bf711d888;  1 drivers
v0x561a89aa2a40_0 .net *"_ivl_41", 0 0, L_0x561a89ac6680;  1 drivers
L_0x7f8bf711d8d0 .functor BUFT 1, C4<0000000000000>, C4<0>, C4<0>, C4<0>;
v0x561a89aa2b00_0 .net/2u *"_ivl_43", 12 0, L_0x7f8bf711d8d0;  1 drivers
v0x561a89aa2be0_0 .net *"_ivl_45", 15 0, L_0x561a89ac6720;  1 drivers
v0x561a89aa2cc0_0 .net *"_ivl_47", 0 0, L_0x561a89ac6880;  1 drivers
v0x561a89aa2d80_0 .net *"_ivl_5", 0 0, L_0x561a89ac5ad0;  1 drivers
v0x561a89aa2e40_0 .net *"_ivl_50", 0 0, L_0x561a89ac6920;  1 drivers
v0x561a89aa2f00_0 .net *"_ivl_51", 15 0, L_0x561a89ac6990;  1 drivers
v0x561a89aa2fe0_0 .net *"_ivl_53", 5 0, L_0x561a89ac6ab0;  1 drivers
L_0x7f8bf711d918 .functor BUFT 1, C4<00>, C4<0>, C4<0>, C4<0>;
v0x561a89aa30c0_0 .net *"_ivl_56", 1 0, L_0x7f8bf711d918;  1 drivers
v0x561a89aa31a0_0 .net *"_ivl_57", 15 0, L_0x561a89ac6ba0;  1 drivers
v0x561a89aa3280_0 .net *"_ivl_59", 15 0, L_0x561a89ac6d20;  1 drivers
L_0x7f8bf711d6d8 .functor BUFT 1, C4<0000000000000000>, C4<0>, C4<0>, C4<0>;
v0x561a89aa3360_0 .net/2u *"_ivl_7", 15 0, L_0x7f8bf711d6d8;  1 drivers
L_0x7f8bf711d720 .functor BUFT 1, C4<1110>, C4<0>, C4<0>, C4<0>;
v0x561a89aa3440_0 .net/2u *"_ivl_9", 3 0, L_0x7f8bf711d720;  1 drivers
v0x561a89aa3520_0 .net "cf", 0 0, v0x561a89a9e580_0;  alias, 1 drivers
v0x561a89aa35c0_0 .net "clk", 0 0, v0x561a89aaf810_0;  alias, 1 drivers
v0x561a89aa3660_0 .var/i "i", 31 0;
v0x561a89aa3720_0 .net "nf", 0 0, v0x561a89a9e620_0;  alias, 1 drivers
v0x561a89aa3810_0 .net "pc", 15 0, v0x561a89aa3ec0_15;  alias, 1 drivers
v0x561a89aa3b00_0 .net "pc_hold", 0 0, L_0x561a89ac1780;  alias, 1 drivers
v0x561a89aa3bc0_0 .net "rdaddr_a", 3 0, L_0x561a89ac04b0;  alias, 1 drivers
v0x561a89aa3c80_0 .net "rdaddr_b", 3 0, L_0x561a89ac10d0;  alias, 1 drivers
v0x561a89aa3d20_0 .net "rddata_a", 15 0, L_0x561a89ac6310;  alias, 1 drivers
v0x561a89aa3de0_0 .net "rddata_b", 15 0, L_0x561a89ac6eb0;  alias, 1 drivers
v0x561a89aa3ec0 .array "regs", 15 0, 15 0;
v0x561a89aa4180_0 .net "rst", 0 0, v0x561a89aaf9b0_0;  alias, 1 drivers
v0x561a89aa4220_0 .net "topenable", 0 0, v0x561a89aa9f70_0;  1 drivers
v0x561a89aa42c0_0 .net "topin", 7 0, L_0x561a89ac71d0;  1 drivers
v0x561a89aa43a0_0 .net "topout", 7 0, L_0x561a89ac70e0;  alias, 1 drivers
v0x561a89aa4480_0 .net "wtaddr", 3 0, L_0x561a89ac55d0;  alias, 1 drivers
v0x561a89aa4560_0 .net "wtdata", 15 0, L_0x561a89ac57c0;  alias, 1 drivers
v0x561a89aa4640_0 .net "wtenable", 0 0, L_0x561a89ac52f0;  alias, 1 drivers
v0x561a89aa4700_0 .net "zf", 0 0, v0x561a89a9e6e0_0;  alias, 1 drivers
L_0x561a89ac5ad0 .cmp/eq 4, L_0x561a89ac04b0, L_0x7f8bf711d690;
L_0x561a89ac5b70 .cmp/eq 4, L_0x561a89ac04b0, L_0x7f8bf711d720;
L_0x561a89ac5c10 .concat [ 1 1 1 13], v0x561a89a9e6e0_0, v0x561a89a9e580_0, v0x561a89a9e620_0, L_0x7f8bf711d768;
L_0x561a89ac5cb0 .cmp/eq 4, L_0x561a89ac55d0, L_0x561a89ac04b0;
L_0x561a89ac5e10 .array/port v0x561a89aa3ec0, L_0x561a89ac5eb0;
L_0x561a89ac5eb0 .concat [ 4 2 0 0], L_0x561a89ac04b0, L_0x7f8bf711d7b0;
L_0x561a89ac5ff0 .functor MUXZ 16, L_0x561a89ac5e10, L_0x561a89ac57c0, L_0x561a89ac5d50, C4<>;
L_0x561a89ac6130 .functor MUXZ 16, L_0x561a89ac5ff0, L_0x561a89ac5c10, L_0x561a89ac5b70, C4<>;
L_0x561a89ac6310 .functor MUXZ 16, L_0x561a89ac6130, L_0x7f8bf711d6d8, L_0x561a89ac5ad0, C4<>;
L_0x561a89ac64f0 .cmp/eq 4, L_0x561a89ac10d0, L_0x7f8bf711d7f8;
L_0x561a89ac6680 .cmp/eq 4, L_0x561a89ac10d0, L_0x7f8bf711d888;
L_0x561a89ac6720 .concat [ 1 1 1 13], v0x561a89a9e6e0_0, v0x561a89a9e580_0, v0x561a89a9e620_0, L_0x7f8bf711d8d0;
L_0x561a89ac6880 .cmp/eq 4, L_0x561a89ac55d0, L_0x561a89ac10d0;
L_0x561a89ac6990 .array/port v0x561a89aa3ec0, L_0x561a89ac6ab0;
L_0x561a89ac6ab0 .concat [ 4 2 0 0], L_0x561a89ac10d0, L_0x7f8bf711d918;
L_0x561a89ac6ba0 .functor MUXZ 16, L_0x561a89ac6990, L_0x561a89ac57c0, L_0x561a89ac6920, C4<>;
L_0x561a89ac6d20 .functor MUXZ 16, L_0x561a89ac6ba0, L_0x561a89ac6720, L_0x561a89ac6680, C4<>;
L_0x561a89ac6eb0 .functor MUXZ 16, L_0x561a89ac6d20, L_0x7f8bf711d840, L_0x561a89ac64f0, C4<>;
v0x561a89aa3ec0_13 .array/port v0x561a89aa3ec0, 13;
L_0x561a89ac70e0 .part v0x561a89aa3ec0_13, 0, 8;
S_0x561a89aaaec0 .scope module, "u_mmio" "mmio" 3 81, 9 14 0, S_0x561a89a9d9e0;
 .timescale -9 -12;
    .port_info 0 /INPUT 1 "clk";
    .port_info 1 /INPUT 1 "rst";
    .port_info 2 /INPUT 16 "addr";
    .port_info 3 /INPUT 24 "wdata";
    .port_info 4 /OUTPUT 24 "rdata";
    .port_info 5 /INPUT 1 "we";
    .port_info 6 /INPUT 1 "uart_rx";
    .port_info 7 /OUTPUT 1 "uart_tx";
P_0x561a89aab0c0 .param/l "ADDR_UART_DATA" 1 9 32, C4<1111111100000000>;
P_0x561a89aab100 .param/l "ADDR_UART_STATUS" 1 9 33, C4<1111111100000001>;
P_0x561a89aab140 .param/l "CLKS_PER_BIT" 0 9 15, +C4<00000000000000000000000000001010>;
L_0x561a89ac54b0 .functor AND 1, L_0x561a89a68860, L_0x561a89ac76f0, C4<1>, C4<1>;
L_0x561a89ac78d0 .functor AND 1, L_0x561a89ac54b0, L_0x561a89ac77e0, C4<1>, C4<1>;
L_0x7f8bf711d960 .functor BUFT 1, C4<1111111100000000>, C4<0>, C4<0>, C4<0>;
v0x561a89aad240_0 .net/2u *"_ivl_2", 15 0, L_0x7f8bf711d960;  1 drivers
v0x561a89aad340_0 .net *"_ivl_4", 0 0, L_0x561a89ac76f0;  1 drivers
v0x561a89aad400_0 .net *"_ivl_7", 0 0, L_0x561a89ac54b0;  1 drivers
v0x561a89aad4a0_0 .net *"_ivl_9", 0 0, L_0x561a89ac77e0;  1 drivers
v0x561a89aad560_0 .net "addr", 15 0, L_0x561a89ac4c30;  alias, 1 drivers
v0x561a89aad620_0 .net "clk", 0 0, v0x561a89aaf810_0;  alias, 1 drivers
v0x561a89aad6c0_0 .var "rdata", 23 0;
v0x561a89aad780_0 .net "rst", 0 0, v0x561a89aaf9b0_0;  alias, 1 drivers
v0x561a89aad8b0_0 .var "rx_clear", 0 0;
v0x561a89aada10_0 .net "rx_data", 7 0, v0x561a89aac2c0_0;  1 drivers
v0x561a89aadae0_0 .net "rx_ready", 0 0, v0x561a89aac3a0_0;  1 drivers
v0x561a89aadbb0_0 .net "tx_busy", 0 0, L_0x561a89ac7bd0;  1 drivers
v0x561a89aadc80_0 .net "tx_data", 7 0, L_0x561a89ac7650;  1 drivers
v0x561a89aadd50_0 .net "tx_done", 0 0, v0x561a89aacb00_0;  1 drivers
v0x561a89aade20_0 .net "tx_start", 0 0, L_0x561a89ac78d0;  1 drivers
v0x561a89aadef0_0 .net "uart_rx", 0 0, v0x561a89aafa50_0;  alias, 1 drivers
v0x561a89aadfc0_0 .net "uart_tx", 0 0, L_0x561a89ac7a30;  alias, 1 drivers
v0x561a89aae1a0_0 .net "wdata", 23 0, L_0x561a89ac7270;  alias, 1 drivers
v0x561a89aae270_0 .net "we", 0 0, L_0x561a89a68860;  alias, 1 drivers
L_0x561a89ac7650 .part L_0x561a89ac7270, 0, 8;
L_0x561a89ac76f0 .cmp/eq 16, L_0x561a89ac4c30, L_0x7f8bf711d960;
L_0x561a89ac77e0 .reduce/nor L_0x561a89ac7bd0;
S_0x561a89aab320 .scope module, "u_uart" "uart" 9 50, 10 11 0, S_0x561a89aaaec0;
 .timescale -9 -12;
    .port_info 0 /INPUT 1 "clk";
    .port_info 1 /INPUT 1 "rst";
    .port_info 2 /INPUT 8 "tx_data";
    .port_info 3 /INPUT 1 "tx_start";
    .port_info 4 /OUTPUT 1 "uart_tx";
    .port_info 5 /OUTPUT 1 "tx_busy";
    .port_info 6 /OUTPUT 1 "tx_done";
    .port_info 7 /INPUT 1 "uart_rx";
    .port_info 8 /OUTPUT 8 "rx_data";
    .port_info 9 /OUTPUT 1 "rx_ready";
    .port_info 10 /INPUT 1 "rx_clear";
P_0x561a89aab520 .param/l "CLKS_PER_BIT" 0 10 12, +C4<00000000000000000000000000001010>;
P_0x561a89aab560 .param/l "RX_DATA" 1 10 117, C4<10>;
P_0x561a89aab5a0 .param/l "RX_IDLE" 1 10 115, C4<00>;
P_0x561a89aab5e0 .param/l "RX_START" 1 10 116, C4<01>;
P_0x561a89aab620 .param/l "RX_STOP" 1 10 118, C4<11>;
P_0x561a89aab660 .param/l "TX_DATA" 1 10 36, C4<10>;
P_0x561a89aab6a0 .param/l "TX_IDLE" 1 10 34, C4<00>;
P_0x561a89aab6e0 .param/l "TX_START" 1 10 35, C4<01>;
P_0x561a89aab720 .param/l "TX_STOP" 1 10 37, C4<11>;
L_0x561a89ac7a30 .functor BUFZ 1, v0x561a89aacbc0_0, C4<0>, C4<0>, C4<0>;
L_0x561a89ac7bd0 .functor OR 1, L_0x561a89ac7b30, L_0x561a89ac78d0, C4<0>, C4<0>;
L_0x7f8bf711d9a8 .functor BUFT 1, C4<00>, C4<0>, C4<0>, C4<0>;
v0x561a89aabd00_0 .net/2u *"_ivl_2", 1 0, L_0x7f8bf711d9a8;  1 drivers
v0x561a89aabde0_0 .net *"_ivl_4", 0 0, L_0x561a89ac7b30;  1 drivers
v0x561a89aabea0_0 .net "clk", 0 0, v0x561a89aaf810_0;  alias, 1 drivers
v0x561a89aabf70_0 .net "rst", 0 0, v0x561a89aaf9b0_0;  alias, 1 drivers
v0x561a89aac010_0 .var "rx_bit_idx", 2 0;
v0x561a89aac120_0 .net "rx_clear", 0 0, v0x561a89aad8b0_0;  1 drivers
v0x561a89aac1e0_0 .var "rx_clk_cnt", 15 0;
v0x561a89aac2c0_0 .var "rx_data", 7 0;
v0x561a89aac3a0_0 .var "rx_ready", 0 0;
v0x561a89aac460_0 .var "rx_shift_reg", 7 0;
v0x561a89aac540_0 .var "rx_state", 1 0;
v0x561a89aac620_0 .var "rx_sync1", 0 0;
v0x561a89aac6e0_0 .var "rx_sync2", 0 0;
v0x561a89aac7a0_0 .var "tx_bit_idx", 2 0;
v0x561a89aac880_0 .net "tx_busy", 0 0, L_0x561a89ac7bd0;  alias, 1 drivers
v0x561a89aac940_0 .var "tx_clk_cnt", 15 0;
v0x561a89aaca20_0 .net "tx_data", 7 0, L_0x561a89ac7650;  alias, 1 drivers
v0x561a89aacb00_0 .var "tx_done", 0 0;
v0x561a89aacbc0_0 .var "tx_out", 0 0;
v0x561a89aacc80_0 .var "tx_shift_reg", 7 0;
v0x561a89aacd60_0 .net "tx_start", 0 0, L_0x561a89ac78d0;  alias, 1 drivers
v0x561a89aace20_0 .var "tx_state", 1 0;
v0x561a89aacf00_0 .net "uart_rx", 0 0, v0x561a89aafa50_0;  alias, 1 drivers
v0x561a89aacfc0_0 .net "uart_tx", 0 0, L_0x561a89ac7a30;  alias, 1 drivers
L_0x561a89ac7b30 .cmp/ne 2, v0x561a89aace20_0, L_0x7f8bf711d9a8;
S_0x561a89aae350 .scope module, "u_ram" "ram" 3 68, 11 1 0, S_0x561a89a9d9e0;
 .timescale -9 -12;
    .port_info 0 /INPUT 1 "clk";
    .port_info 1 /INPUT 14 "addr";
    .port_info 2 /INPUT 24 "wdata";
    .port_info 3 /OUTPUT 24 "rdata";
    .port_info 4 /INPUT 1 "we";
P_0x561a89aaa940 .param/str "INIT_FILE" 0 11 2, "firmware.hex";
v0x561a89aae580_0 .net "addr", 13 0, L_0x561a89ac75b0;  1 drivers
v0x561a89aae680_0 .net "clk", 0 0, v0x561a89aaf810_0;  alias, 1 drivers
v0x561a89aae740 .array "memory", 16383 0, 23 0;
v0x561a89aae810_0 .var "rdata", 23 0;
v0x561a89aae8d0_0 .net "wdata", 23 0, L_0x561a89ac7270;  alias, 1 drivers
v0x561a89aaea30_0 .net "we", 0 0, L_0x561a89a69da0;  alias, 1 drivers
E_0x561a899d7210 .event posedge, v0x561a89a9e7f0_0;
    .scope S_0x561a89a9f460;
T_4 ;
    %wait E_0x561a899d8c10;
    %load/vec4 v0x561a89aa10d0_0;
    %dup/vec4;
    %pushi/vec4 1, 0, 2;
    %cmp/u;
    %jmp/1 T_4.0, 6;
    %dup/vec4;
    %pushi/vec4 3, 0, 2;
    %cmp/u;
    %jmp/1 T_4.1, 6;
    %pushi/vec4 0, 0, 16;
    %store/vec4 v0x561a89aa0c10_0, 0, 16;
    %jmp T_4.3;
T_4.0 ;
    %pushi/vec4 0, 0, 8;
    %load/vec4 v0x561a89aa0cf0_0;
    %parti/s 8, 3, 3;
    %concat/vec4; draw_concat_vec4
    %store/vec4 v0x561a89aa0c10_0, 0, 16;
    %jmp T_4.3;
T_4.1 ;
    %pushi/vec4 0, 0, 7;
    %load/vec4 v0x561a89aa0cf0_0;
    %parti/s 9, 2, 3;
    %concat/vec4; draw_concat_vec4
    %store/vec4 v0x561a89aa0c10_0, 0, 16;
    %jmp T_4.3;
T_4.3 ;
    %pop/vec4 1;
    %jmp T_4;
    .thread T_4, $push;
    .scope S_0x561a89a9f460;
T_5 ;
    %wait E_0x561a899d8c10;
    %load/vec4 v0x561a89aa10d0_0;
    %dup/vec4;
    %pushi/vec4 0, 0, 2;
    %cmp/u;
    %jmp/1 T_5.0, 6;
    %dup/vec4;
    %pushi/vec4 1, 0, 2;
    %cmp/u;
    %jmp/1 T_5.1, 6;
    %dup/vec4;
    %pushi/vec4 3, 0, 2;
    %cmp/u;
    %jmp/1 T_5.2, 6;
    %pushi/vec4 0, 0, 3;
    %store/vec4 v0x561a89aa08d0_0, 0, 3;
    %jmp T_5.4;
T_5.0 ;
    %load/vec4 v0x561a89aa0cf0_0;
    %parti/s 3, 0, 2;
    %store/vec4 v0x561a89aa08d0_0, 0, 3;
    %jmp T_5.4;
T_5.1 ;
    %load/vec4 v0x561a89aa0cf0_0;
    %parti/s 3, 0, 2;
    %store/vec4 v0x561a89aa08d0_0, 0, 3;
    %jmp T_5.4;
T_5.2 ;
    %load/vec4 v0x561a89aa0cf0_0;
    %parti/s 1, 0, 2;
    %cmpi/e 0, 0, 1;
    %flag_mov 8, 4;
    %jmp/0 T_5.5, 8;
    %pushi/vec4 4, 0, 3;
    %jmp/1 T_5.6, 8;
T_5.5 ; End of true expr.
    %pushi/vec4 5, 0, 3;
    %jmp/0 T_5.6, 8;
 ; End of false expr.
    %blend;
T_5.6;
    %store/vec4 v0x561a89aa08d0_0, 0, 3;
    %jmp T_5.4;
T_5.4 ;
    %pop/vec4 1;
    %jmp T_5;
    .thread T_5, $push;
    .scope S_0x561a89a9eea0;
T_6 ;
    %wait E_0x561a899d7d30;
    %load/vec4 v0x561a89a9f110_0;
    %dup/vec4;
    %pushi/vec4 0, 0, 3;
    %cmp/u;
    %jmp/1 T_6.0, 6;
    %dup/vec4;
    %pushi/vec4 1, 0, 3;
    %cmp/u;
    %jmp/1 T_6.1, 6;
    %dup/vec4;
    %pushi/vec4 2, 0, 3;
    %cmp/u;
    %jmp/1 T_6.2, 6;
    %dup/vec4;
    %pushi/vec4 3, 0, 3;
    %cmp/u;
    %jmp/1 T_6.3, 6;
    %dup/vec4;
    %pushi/vec4 4, 0, 3;
    %cmp/u;
    %jmp/1 T_6.4, 6;
    %dup/vec4;
    %pushi/vec4 5, 0, 3;
    %cmp/u;
    %jmp/1 T_6.5, 6;
    %dup/vec4;
    %pushi/vec4 6, 0, 3;
    %cmp/u;
    %jmp/1 T_6.6, 6;
    %dup/vec4;
    %pushi/vec4 7, 0, 3;
    %cmp/u;
    %jmp/1 T_6.7, 6;
    %pushi/vec4 0, 0, 1;
    %store/vec4 v0x561a89a9f1d0_0, 0, 1;
    %jmp T_6.9;
T_6.0 ;
    %pushi/vec4 1, 0, 1;
    %store/vec4 v0x561a89a9f1d0_0, 0, 1;
    %jmp T_6.9;
T_6.1 ;
    %load/vec4 v0x561a89a9f310_0;
    %inv;
    %store/vec4 v0x561a89a9f1d0_0, 0, 1;
    %jmp T_6.9;
T_6.2 ;
    %load/vec4 v0x561a89a9f050_0;
    %inv;
    %store/vec4 v0x561a89a9f1d0_0, 0, 1;
    %jmp T_6.9;
T_6.3 ;
    %load/vec4 v0x561a89a9f270_0;
    %inv;
    %store/vec4 v0x561a89a9f1d0_0, 0, 1;
    %jmp T_6.9;
T_6.4 ;
    %pushi/vec4 0, 0, 1;
    %store/vec4 v0x561a89a9f1d0_0, 0, 1;
    %jmp T_6.9;
T_6.5 ;
    %load/vec4 v0x561a89a9f310_0;
    %store/vec4 v0x561a89a9f1d0_0, 0, 1;
    %jmp T_6.9;
T_6.6 ;
    %load/vec4 v0x561a89a9f050_0;
    %store/vec4 v0x561a89a9f1d0_0, 0, 1;
    %jmp T_6.9;
T_6.7 ;
    %load/vec4 v0x561a89a9f270_0;
    %store/vec4 v0x561a89a9f1d0_0, 0, 1;
    %jmp T_6.9;
T_6.9 ;
    %pop/vec4 1;
    %jmp T_6;
    .thread T_6, $push;
    .scope S_0x561a89a9e010;
T_7 ;
    %wait E_0x561a899d78c0;
    %pushi/vec4 0, 0, 17;
    %store/vec4 v0x561a89a9ec80_0, 0, 17;
    %pushi/vec4 0, 0, 16;
    %store/vec4 v0x561a89a9ea50_0, 0, 16;
    %load/vec4 v0x561a89a9e970_0;
    %dup/vec4;
    %pushi/vec4 0, 0, 3;
    %cmp/u;
    %jmp/1 T_7.0, 6;
    %dup/vec4;
    %pushi/vec4 1, 0, 3;
    %cmp/u;
    %jmp/1 T_7.1, 6;
    %dup/vec4;
    %pushi/vec4 2, 0, 3;
    %cmp/u;
    %jmp/1 T_7.2, 6;
    %dup/vec4;
    %pushi/vec4 3, 0, 3;
    %cmp/u;
    %jmp/1 T_7.3, 6;
    %dup/vec4;
    %pushi/vec4 4, 0, 3;
    %cmp/u;
    %jmp/1 T_7.4, 6;
    %dup/vec4;
    %pushi/vec4 5, 0, 3;
    %cmp/u;
    %jmp/1 T_7.5, 6;
    %dup/vec4;
    %pushi/vec4 6, 0, 3;
    %cmp/u;
    %jmp/1 T_7.6, 6;
    %dup/vec4;
    %pushi/vec4 7, 0, 3;
    %cmp/u;
    %jmp/1 T_7.7, 6;
    %pushi/vec4 0, 0, 17;
    %store/vec4 v0x561a89a9ec80_0, 0, 17;
    %pushi/vec4 0, 0, 16;
    %store/vec4 v0x561a89a9ea50_0, 0, 16;
    %jmp T_7.9;
T_7.0 ;
    %load/vec4 v0x561a89a9e3a0_0;
    %load/vec4 v0x561a89a9e4a0_0;
    %and;
    %inv;
    %store/vec4 v0x561a89a9ea50_0, 0, 16;
    %jmp T_7.9;
T_7.1 ;
    %load/vec4 v0x561a89a9e3a0_0;
    %load/vec4 v0x561a89a9e4a0_0;
    %or;
    %store/vec4 v0x561a89a9ea50_0, 0, 16;
    %jmp T_7.9;
T_7.2 ;
    %load/vec4 v0x561a89a9e3a0_0;
    %load/vec4 v0x561a89a9e4a0_0;
    %and;
    %store/vec4 v0x561a89a9ea50_0, 0, 16;
    %jmp T_7.9;
T_7.3 ;
    %load/vec4 v0x561a89a9e3a0_0;
    %load/vec4 v0x561a89a9e4a0_0;
    %xor;
    %store/vec4 v0x561a89a9ea50_0, 0, 16;
    %jmp T_7.9;
T_7.4 ;
    %pushi/vec4 0, 0, 1;
    %load/vec4 v0x561a89a9e3a0_0;
    %concat/vec4; draw_concat_vec4
    %pushi/vec4 0, 0, 1;
    %load/vec4 v0x561a89a9e4a0_0;
    %concat/vec4; draw_concat_vec4
    %add;
    %store/vec4 v0x561a89a9ec80_0, 0, 17;
    %load/vec4 v0x561a89a9ec80_0;
    %parti/s 16, 0, 2;
    %store/vec4 v0x561a89a9ea50_0, 0, 16;
    %jmp T_7.9;
T_7.5 ;
    %pushi/vec4 0, 0, 1;
    %load/vec4 v0x561a89a9e3a0_0;
    %concat/vec4; draw_concat_vec4
    %pushi/vec4 0, 0, 1;
    %load/vec4 v0x561a89a9e4a0_0;
    %concat/vec4; draw_concat_vec4
    %sub;
    %store/vec4 v0x561a89a9ec80_0, 0, 17;
    %load/vec4 v0x561a89a9ec80_0;
    %parti/s 16, 0, 2;
    %store/vec4 v0x561a89a9ea50_0, 0, 16;
    %jmp T_7.9;
T_7.6 ;
    %pushi/vec4 0, 0, 1;
    %load/vec4 v0x561a89a9e3a0_0;
    %concat/vec4; draw_concat_vec4
    %pushi/vec4 0, 0, 1;
    %load/vec4 v0x561a89a9e4a0_0;
    %concat/vec4; draw_concat_vec4
    %add;
    %pushi/vec4 0, 0, 16;
    %load/vec4 v0x561a89a9e580_0;
    %concat/vec4; draw_concat_vec4
    %add;
    %store/vec4 v0x561a89a9ec80_0, 0, 17;
    %load/vec4 v0x561a89a9ec80_0;
    %parti/s 16, 0, 2;
    %store/vec4 v0x561a89a9ea50_0, 0, 16;
    %jmp T_7.9;
T_7.7 ;
    %pushi/vec4 0, 0, 1;
    %load/vec4 v0x561a89a9e3a0_0;
    %parti/s 15, 1, 2;
    %concat/vec4; draw_concat_vec4
    %store/vec4 v0x561a89a9ea50_0, 0, 16;
    %pushi/vec4 0, 0, 15;
    %load/vec4 v0x561a89a9e3a0_0;
    %parti/s 1, 0, 2;
    %concat/vec4; draw_concat_vec4
    %concati/vec4 0, 0, 1;
    %store/vec4 v0x561a89a9ec80_0, 0, 17;
    %jmp T_7.9;
T_7.9 ;
    %pop/vec4 1;
    %jmp T_7;
    .thread T_7, $push;
    .scope S_0x561a89a9e010;
T_8 ;
    %wait E_0x561a899d9320;
    %load/vec4 v0x561a89a9ebc0_0;
    %flag_set/vec4 8;
    %jmp/0xz  T_8.0, 8;
    %pushi/vec4 0, 0, 1;
    %assign/vec4 v0x561a89a9e6e0_0, 0;
    %pushi/vec4 0, 0, 1;
    %assign/vec4 v0x561a89a9e580_0, 0;
    %pushi/vec4 0, 0, 1;
    %assign/vec4 v0x561a89a9e620_0, 0;
    %jmp T_8.1;
T_8.0 ;
    %load/vec4 v0x561a89a9e8b0_0;
    %flag_set/vec4 8;
    %jmp/0xz  T_8.2, 8;
    %load/vec4 v0x561a89a9ea50_0;
    %pushi/vec4 0, 0, 16;
    %cmp/e;
    %flag_get/vec4 4;
    %assign/vec4 v0x561a89a9e6e0_0, 0;
    %load/vec4 v0x561a89a9ea50_0;
    %parti/s 1, 15, 5;
    %assign/vec4 v0x561a89a9e620_0, 0;
    %load/vec4 v0x561a89a9e970_0;
    %dup/vec4;
    %pushi/vec4 4, 0, 3;
    %cmp/u;
    %jmp/1 T_8.4, 6;
    %dup/vec4;
    %pushi/vec4 5, 0, 3;
    %cmp/u;
    %jmp/1 T_8.5, 6;
    %dup/vec4;
    %pushi/vec4 6, 0, 3;
    %cmp/u;
    %jmp/1 T_8.6, 6;
    %dup/vec4;
    %pushi/vec4 7, 0, 3;
    %cmp/u;
    %jmp/1 T_8.7, 6;
    %load/vec4 v0x561a89a9e580_0;
    %assign/vec4 v0x561a89a9e580_0, 0;
    %jmp T_8.9;
T_8.4 ;
    %load/vec4 v0x561a89a9ec80_0;
    %parti/s 1, 16, 6;
    %assign/vec4 v0x561a89a9e580_0, 0;
    %jmp T_8.9;
T_8.5 ;
    %load/vec4 v0x561a89a9ec80_0;
    %parti/s 1, 16, 6;
    %assign/vec4 v0x561a89a9e580_0, 0;
    %jmp T_8.9;
T_8.6 ;
    %load/vec4 v0x561a89a9ec80_0;
    %parti/s 1, 16, 6;
    %assign/vec4 v0x561a89a9e580_0, 0;
    %jmp T_8.9;
T_8.7 ;
    %load/vec4 v0x561a89a9e3a0_0;
    %parti/s 1, 0, 2;
    %assign/vec4 v0x561a89a9e580_0, 0;
    %jmp T_8.9;
T_8.9 ;
    %pop/vec4 1;
T_8.2 ;
T_8.1 ;
    %jmp T_8;
    .thread T_8;
    .scope S_0x561a89aa1900;
T_9 ;
    %wait E_0x561a899d9320;
    %load/vec4 v0x561a89aa4180_0;
    %flag_set/vec4 8;
    %jmp/0xz  T_9.0, 8;
    %pushi/vec4 0, 0, 32;
    %store/vec4 v0x561a89aa3660_0, 0, 32;
T_9.2 ; Top of for-loop
    %load/vec4 v0x561a89aa3660_0;
    %cmpi/s 16, 0, 32;
	  %jmp/0xz T_9.3, 5;
    %pushi/vec4 0, 0, 16;
    %ix/getv/s 3, v0x561a89aa3660_0;
    %ix/load 4, 0, 0; Constant delay
    %assign/vec4/a/d v0x561a89aa3ec0, 0, 4;
T_9.4 ; for-loop step statement
    %load/vec4 v0x561a89aa3660_0;
    %addi 1, 0, 32;
    %store/vec4 v0x561a89aa3660_0, 0, 32;
    %jmp T_9.2;
T_9.3 ; for-loop exit label
    %jmp T_9.1;
T_9.0 ;
    %load/vec4 v0x561a89aa4640_0;
    %flag_set/vec4 12;
    %flag_get/vec4 12;
    %jmp/0 T_9.10, 12;
    %load/vec4 v0x561a89aa4480_0;
    %pushi/vec4 0, 0, 4;
    %cmp/ne;
    %flag_get/vec4 4;
    %and;
T_9.10;
    %flag_set/vec4 11;
    %flag_get/vec4 11;
    %jmp/0 T_9.9, 11;
    %load/vec4 v0x561a89aa4480_0;
    %pushi/vec4 14, 0, 4;
    %cmp/ne;
    %flag_get/vec4 4;
    %and;
T_9.9;
    %flag_set/vec4 10;
    %flag_get/vec4 10;
    %jmp/0 T_9.8, 10;
    %load/vec4 v0x561a89aa4480_0;
    %pushi/vec4 15, 0, 4;
    %cmp/ne;
    %flag_get/vec4 4;
    %and;
T_9.8;
    %flag_set/vec4 9;
    %flag_get/vec4 9;
    %jmp/0 T_9.7, 9;
    %load/vec4 v0x561a89aa4220_0;
    %flag_set/vec4 9;
    %flag_get/vec4 9;
    %jmp/0 T_9.11, 9;
    %load/vec4 v0x561a89aa4480_0;
    %pushi/vec4 13, 0, 4;
    %cmp/e;
    %flag_get/vec4 4;
    %and;
T_9.11;
    %nor/r;
    %and;
T_9.7;
    %flag_set/vec4 8;
    %jmp/0xz  T_9.5, 8;
    %load/vec4 v0x561a89aa4560_0;
    %load/vec4 v0x561a89aa4480_0;
    %pad/u 6;
    %ix/vec4 3;
    %ix/load 4, 0, 0; Constant delay
    %assign/vec4/a/d v0x561a89aa3ec0, 0, 4;
T_9.5 ;
    %load/vec4 v0x561a89aa4220_0;
    %flag_set/vec4 8;
    %jmp/0xz  T_9.12, 8;
    %load/vec4 v0x561a89aa42c0_0;
    %ix/load 3, 13, 0;
    %flag_set/imm 4, 0;
    %ix/load 4, 0, 0; Constant delay
    %assign/vec4/a/d v0x561a89aa3ec0, 0, 4;
T_9.12 ;
    %load/vec4 v0x561a89aa4640_0;
    %flag_set/vec4 9;
    %flag_get/vec4 9;
    %jmp/0 T_9.16, 9;
    %load/vec4 v0x561a89aa4480_0;
    %pushi/vec4 15, 0, 4;
    %cmp/e;
    %flag_get/vec4 4;
    %and;
T_9.16;
    %flag_set/vec4 8;
    %jmp/0xz  T_9.14, 8;
    %load/vec4 v0x561a89aa4560_0;
    %ix/load 3, 15, 0;
    %flag_set/imm 4, 0;
    %ix/load 4, 0, 0; Constant delay
    %assign/vec4/a/d v0x561a89aa3ec0, 0, 4;
    %jmp T_9.15;
T_9.14 ;
    %load/vec4 v0x561a89aa3b00_0;
    %nor/r;
    %flag_set/vec4 8;
    %jmp/0xz  T_9.17, 8;
    %ix/load 4, 15, 0;
    %flag_set/imm 4, 0;
    %load/vec4a v0x561a89aa3ec0, 4;
    %addi 1, 0, 16;
    %ix/load 3, 15, 0;
    %flag_set/imm 4, 0;
    %ix/load 4, 0, 0; Constant delay
    %assign/vec4/a/d v0x561a89aa3ec0, 0, 4;
T_9.17 ;
T_9.15 ;
T_9.1 ;
    %jmp T_9;
    .thread T_9;
    .scope S_0x561a89a9dc80;
T_10 ;
    %wait E_0x561a899d9320;
    %load/vec4 v0x561a89aaa8a0_0;
    %flag_set/vec4 8;
    %jmp/0xz  T_10.0, 8;
    %pushi/vec4 4, 0, 3;
    %assign/vec4 v0x561a89aa8990_0, 0;
    %pushi/vec4 0, 0, 4;
    %assign/vec4 v0x561a89aa8e40_0, 0;
    %pushi/vec4 0, 0, 4;
    %assign/vec4 v0x561a89aa91a0_0, 0;
    %pushi/vec4 0, 0, 4;
    %assign/vec4 v0x561a89aa9280_0, 0;
    %pushi/vec4 0, 0, 16;
    %assign/vec4 v0x561a89aa8b00_0, 0;
    %pushi/vec4 0, 0, 3;
    %assign/vec4 v0x561a89aa8820_0, 0;
    %pushi/vec4 0, 0, 1;
    %assign/vec4 v0x561a89aa8be0_0, 0;
    %pushi/vec4 0, 0, 1;
    %assign/vec4 v0x561a89aa8ca0_0, 0;
    %pushi/vec4 0, 0, 1;
    %assign/vec4 v0x561a89aa88f0_0, 0;
    %pushi/vec4 0, 0, 1;
    %assign/vec4 v0x561a89aa90e0_0, 0;
    %pushi/vec4 0, 0, 1;
    %assign/vec4 v0x561a89aa8a60_0, 0;
    %pushi/vec4 0, 0, 16;
    %assign/vec4 v0x561a89aa8f20_0, 0;
    %pushi/vec4 0, 0, 16;
    %assign/vec4 v0x561a89aa9000_0, 0;
    %pushi/vec4 0, 0, 16;
    %assign/vec4 v0x561a89aa8d60_0, 0;
    %jmp T_10.1;
T_10.0 ;
    %load/vec4 v0x561a89aaa0b0_0;
    %flag_set/vec4 8;
    %jmp/0xz  T_10.2, 8;
    %pushi/vec4 4, 0, 3;
    %assign/vec4 v0x561a89aa8990_0, 0;
    %pushi/vec4 0, 0, 4;
    %assign/vec4 v0x561a89aa8e40_0, 0;
    %pushi/vec4 0, 0, 4;
    %assign/vec4 v0x561a89aa91a0_0, 0;
    %pushi/vec4 0, 0, 4;
    %assign/vec4 v0x561a89aa9280_0, 0;
    %pushi/vec4 0, 0, 16;
    %assign/vec4 v0x561a89aa8b00_0, 0;
    %pushi/vec4 0, 0, 3;
    %assign/vec4 v0x561a89aa8820_0, 0;
    %pushi/vec4 0, 0, 1;
    %assign/vec4 v0x561a89aa8be0_0, 0;
    %pushi/vec4 0, 0, 1;
    %assign/vec4 v0x561a89aa8ca0_0, 0;
    %pushi/vec4 0, 0, 1;
    %assign/vec4 v0x561a89aa88f0_0, 0;
    %pushi/vec4 0, 0, 1;
    %assign/vec4 v0x561a89aa90e0_0, 0;
    %pushi/vec4 0, 0, 1;
    %assign/vec4 v0x561a89aa8a60_0, 0;
    %pushi/vec4 0, 0, 16;
    %assign/vec4 v0x561a89aa8f20_0, 0;
    %pushi/vec4 0, 0, 16;
    %assign/vec4 v0x561a89aa9000_0, 0;
    %pushi/vec4 0, 0, 16;
    %assign/vec4 v0x561a89aa8d60_0, 0;
    %jmp T_10.3;
T_10.2 ;
    %load/vec4 v0x561a89aa8750_0;
    %assign/vec4 v0x561a89aa8990_0, 0;
    %load/vec4 v0x561a89aa9910_0;
    %assign/vec4 v0x561a89aa8e40_0, 0;
    %load/vec4 v0x561a89aa9c50_0;
    %assign/vec4 v0x561a89aa91a0_0, 0;
    %load/vec4 v0x561a89aa9d40_0;
    %assign/vec4 v0x561a89aa9280_0, 0;
    %load/vec4 v0x561a89aa9430_0;
    %assign/vec4 v0x561a89aa8b00_0, 0;
    %load/vec4 v0x561a89aa85c0_0;
    %assign/vec4 v0x561a89aa8820_0, 0;
    %load/vec4 v0x561a89aa96a0_0;
    %assign/vec4 v0x561a89aa8be0_0, 0;
    %load/vec4 v0x561a89aa9770_0;
    %assign/vec4 v0x561a89aa8ca0_0, 0;
    %load/vec4 v0x561a89aa8680_0;
    %assign/vec4 v0x561a89aa88f0_0, 0;
    %load/vec4 v0x561a89aa9b80_0;
    %assign/vec4 v0x561a89aa90e0_0, 0;
    %load/vec4 v0x561a89aa9360_0;
    %assign/vec4 v0x561a89aa8a60_0, 0;
    %load/vec4 v0x561a89aa99e0_0;
    %assign/vec4 v0x561a89aa8f20_0, 0;
    %load/vec4 v0x561a89aa9ab0_0;
    %assign/vec4 v0x561a89aa9000_0, 0;
    %load/vec4 v0x561a89aa9ed0_0;
    %assign/vec4 v0x561a89aa8d60_0, 0;
T_10.3 ;
T_10.1 ;
    %jmp T_10;
    .thread T_10;
    .scope S_0x561a89a9dc80;
T_11 ;
    %wait E_0x561a899d9320;
    %load/vec4 v0x561a89aaa8a0_0;
    %flag_set/vec4 8;
    %jmp/0xz  T_11.0, 8;
    %pushi/vec4 0, 0, 1;
    %assign/vec4 v0x561a89aa80a0_0, 0;
    %jmp T_11.1;
T_11.0 ;
    %load/vec4 v0x561a89aa81e0_0;
    %assign/vec4 v0x561a89aa80a0_0, 0;
T_11.1 ;
    %jmp T_11;
    .thread T_11;
    .scope S_0x561a89a9dc80;
T_12 ;
    %wait E_0x561a899d9320;
    %load/vec4 v0x561a89aaa8a0_0;
    %flag_set/vec4 8;
    %jmp/0xz  T_12.0, 8;
    %pushi/vec4 8388608, 0, 24;
    %assign/vec4 v0x561a89aa9e30_0, 0;
    %pushi/vec4 0, 0, 16;
    %assign/vec4 v0x561a89aa9ed0_0, 0;
    %jmp T_12.1;
T_12.0 ;
    %load/vec4 v0x561a89aaacd0_0;
    %flag_set/vec4 9;
    %flag_get/vec4 9;
    %jmp/0 T_12.4, 9;
    %load/vec4 v0x561a89aaab30_0;
    %pushi/vec4 15, 0, 4;
    %cmp/e;
    %flag_get/vec4 4;
    %and;
T_12.4;
    %flag_set/vec4 8;
    %jmp/0xz  T_12.2, 8;
    %pushi/vec4 8388608, 0, 24;
    %assign/vec4 v0x561a89aa9e30_0, 0;
    %pushi/vec4 0, 0, 16;
    %assign/vec4 v0x561a89aa9ed0_0, 0;
    %jmp T_12.3;
T_12.2 ;
    %load/vec4 v0x561a89aaa0b0_0;
    %flag_set/vec4 8;
    %jmp/0xz  T_12.5, 8;
    %load/vec4 v0x561a89aa9e30_0;
    %assign/vec4 v0x561a89aa9e30_0, 0;
    %load/vec4 v0x561a89aa9ed0_0;
    %assign/vec4 v0x561a89aa9ed0_0, 0;
    %jmp T_12.6;
T_12.5 ;
    %load/vec4 v0x561a89aa80a0_0;
    %flag_set/vec4 8;
    %jmp/0xz  T_12.7, 8;
    %pushi/vec4 8388608, 0, 24;
    %assign/vec4 v0x561a89aa9e30_0, 0;
    %pushi/vec4 0, 0, 16;
    %assign/vec4 v0x561a89aa9ed0_0, 0;
    %jmp T_12.8;
T_12.7 ;
    %load/vec4 v0x561a89aaa230_0;
    %assign/vec4 v0x561a89aa9e30_0, 0;
    %load/vec4 v0x561a89aaa550_0;
    %assign/vec4 v0x561a89aa9ed0_0, 0;
T_12.8 ;
T_12.6 ;
T_12.3 ;
T_12.1 ;
    %jmp T_12;
    .thread T_12;
    .scope S_0x561a89a9dc80;
T_13 ;
    %wait E_0x561a899d9320;
    %load/vec4 v0x561a89aaa8a0_0;
    %flag_set/vec4 8;
    %jmp/0xz  T_13.0, 8;
    %pushi/vec4 0, 0, 1;
    %assign/vec4 v0x561a89aa9f70_0, 0;
    %pushi/vec4 0, 0, 4;
    %assign/vec4 v0x561a89aaa010_0, 0;
    %jmp T_13.1;
T_13.0 ;
    %load/vec4 v0x561a89aa8140_0;
    %flag_set/vec4 8;
    %flag_get/vec4 8;
    %jmp/0 T_13.2, 8;
    %load/vec4 v0x561a89aa8be0_0;
    %and;
T_13.2;
    %assign/vec4 v0x561a89aa9f70_0, 0;
    %load/vec4 v0x561a89aa8140_0;
    %flag_set/vec4 9;
    %flag_get/vec4 9;
    %jmp/0 T_13.5, 9;
    %load/vec4 v0x561a89aa8be0_0;
    %and;
T_13.5;
    %flag_set/vec4 8;
    %jmp/0xz  T_13.3, 8;
    %load/vec4 v0x561a89aa8e40_0;
    %assign/vec4 v0x561a89aaa010_0, 0;
T_13.3 ;
T_13.1 ;
    %jmp T_13;
    .thread T_13;
    .scope S_0x561a89a9dc80;
T_14 ;
    %wait E_0x561a899d9320;
    %load/vec4 v0x561a89aaa8a0_0;
    %flag_set/vec4 8;
    %jmp/0xz  T_14.0, 8;
    %pushi/vec4 0, 0, 4;
    %assign/vec4 v0x561a89aaa640_0, 0;
    %pushi/vec4 0, 0, 16;
    %assign/vec4 v0x561a89aaa700_0, 0;
    %pushi/vec4 0, 0, 1;
    %assign/vec4 v0x561a89aaa7e0_0, 0;
    %jmp T_14.1;
T_14.0 ;
    %load/vec4 v0x561a89aaab30_0;
    %assign/vec4 v0x561a89aaa640_0, 0;
    %load/vec4 v0x561a89aaac00_0;
    %assign/vec4 v0x561a89aaa700_0, 0;
    %load/vec4 v0x561a89aaacd0_0;
    %flag_set/vec4 9;
    %flag_get/vec4 9;
    %jmp/0 T_14.3, 9;
    %load/vec4 v0x561a89aaab30_0;
    %pushi/vec4 0, 0, 4;
    %cmp/ne;
    %flag_get/vec4 4;
    %and;
T_14.3;
    %flag_set/vec4 8;
    %flag_get/vec4 8;
    %jmp/0 T_14.2, 8;
    %load/vec4 v0x561a89aaab30_0;
    %pushi/vec4 14, 0, 4;
    %cmp/ne;
    %flag_get/vec4 4;
    %and;
T_14.2;
    %assign/vec4 v0x561a89aaa7e0_0, 0;
T_14.1 ;
    %jmp T_14;
    .thread T_14;
    .scope S_0x561a89aae350;
T_15 ;
    %vpi_call 11 14 "$readmemh", P_0x561a89aaa940, v0x561a89aae740 {0 0 0};
    %end;
    .thread T_15;
    .scope S_0x561a89aae350;
T_16 ;
    %wait E_0x561a899d7210;
    %load/vec4 v0x561a89aaea30_0;
    %flag_set/vec4 8;
    %jmp/0xz  T_16.0, 8;
    %load/vec4 v0x561a89aae8d0_0;
    %load/vec4 v0x561a89aae580_0;
    %pad/u 16;
    %ix/vec4 3;
    %ix/load 4, 0, 0; Constant delay
    %assign/vec4/a/d v0x561a89aae740, 0, 4;
T_16.0 ;
    %load/vec4 v0x561a89aae580_0;
    %pad/u 16;
    %ix/vec4 4;
    %load/vec4a v0x561a89aae740, 4;
    %assign/vec4 v0x561a89aae810_0, 0;
    %jmp T_16;
    .thread T_16;
    .scope S_0x561a89aab320;
T_17 ;
    %wait E_0x561a899d9320;
    %load/vec4 v0x561a89aabf70_0;
    %flag_set/vec4 8;
    %jmp/0xz  T_17.0, 8;
    %pushi/vec4 0, 0, 2;
    %assign/vec4 v0x561a89aace20_0, 0;
    %pushi/vec4 0, 0, 16;
    %assign/vec4 v0x561a89aac940_0, 0;
    %pushi/vec4 0, 0, 3;
    %assign/vec4 v0x561a89aac7a0_0, 0;
    %pushi/vec4 0, 0, 8;
    %assign/vec4 v0x561a89aacc80_0, 0;
    %pushi/vec4 1, 0, 1;
    %assign/vec4 v0x561a89aacbc0_0, 0;
    %pushi/vec4 0, 0, 1;
    %assign/vec4 v0x561a89aacb00_0, 0;
    %jmp T_17.1;
T_17.0 ;
    %pushi/vec4 0, 0, 1;
    %assign/vec4 v0x561a89aacb00_0, 0;
    %load/vec4 v0x561a89aace20_0;
    %dup/vec4;
    %pushi/vec4 0, 0, 2;
    %cmp/u;
    %jmp/1 T_17.2, 6;
    %dup/vec4;
    %pushi/vec4 1, 0, 2;
    %cmp/u;
    %jmp/1 T_17.3, 6;
    %dup/vec4;
    %pushi/vec4 2, 0, 2;
    %cmp/u;
    %jmp/1 T_17.4, 6;
    %dup/vec4;
    %pushi/vec4 3, 0, 2;
    %cmp/u;
    %jmp/1 T_17.5, 6;
    %pushi/vec4 0, 0, 2;
    %assign/vec4 v0x561a89aace20_0, 0;
    %jmp T_17.7;
T_17.2 ;
    %pushi/vec4 1, 0, 1;
    %assign/vec4 v0x561a89aacbc0_0, 0;
    %pushi/vec4 0, 0, 16;
    %assign/vec4 v0x561a89aac940_0, 0;
    %pushi/vec4 0, 0, 3;
    %assign/vec4 v0x561a89aac7a0_0, 0;
    %load/vec4 v0x561a89aacd60_0;
    %flag_set/vec4 8;
    %jmp/0xz  T_17.8, 8;
    %load/vec4 v0x561a89aaca20_0;
    %assign/vec4 v0x561a89aacc80_0, 0;
    %pushi/vec4 1, 0, 2;
    %assign/vec4 v0x561a89aace20_0, 0;
    %pushi/vec4 0, 0, 1;
    %assign/vec4 v0x561a89aacbc0_0, 0;
T_17.8 ;
    %jmp T_17.7;
T_17.3 ;
    %pushi/vec4 0, 0, 1;
    %assign/vec4 v0x561a89aacbc0_0, 0;
    %load/vec4 v0x561a89aac940_0;
    %pad/u 32;
    %cmpi/u 9, 0, 32;
    %jmp/0xz  T_17.10, 5;
    %load/vec4 v0x561a89aac940_0;
    %addi 1, 0, 16;
    %assign/vec4 v0x561a89aac940_0, 0;
    %jmp T_17.11;
T_17.10 ;
    %pushi/vec4 0, 0, 16;
    %assign/vec4 v0x561a89aac940_0, 0;
    %pushi/vec4 2, 0, 2;
    %assign/vec4 v0x561a89aace20_0, 0;
T_17.11 ;
    %jmp T_17.7;
T_17.4 ;
    %load/vec4 v0x561a89aacc80_0;
    %load/vec4 v0x561a89aac7a0_0;
    %part/u 1;
    %assign/vec4 v0x561a89aacbc0_0, 0;
    %load/vec4 v0x561a89aac940_0;
    %pad/u 32;
    %cmpi/u 9, 0, 32;
    %jmp/0xz  T_17.12, 5;
    %load/vec4 v0x561a89aac940_0;
    %addi 1, 0, 16;
    %assign/vec4 v0x561a89aac940_0, 0;
    %jmp T_17.13;
T_17.12 ;
    %pushi/vec4 0, 0, 16;
    %assign/vec4 v0x561a89aac940_0, 0;
    %load/vec4 v0x561a89aac7a0_0;
    %cmpi/u 7, 0, 3;
    %jmp/0xz  T_17.14, 5;
    %load/vec4 v0x561a89aac7a0_0;
    %addi 1, 0, 3;
    %assign/vec4 v0x561a89aac7a0_0, 0;
    %jmp T_17.15;
T_17.14 ;
    %pushi/vec4 0, 0, 3;
    %assign/vec4 v0x561a89aac7a0_0, 0;
    %pushi/vec4 3, 0, 2;
    %assign/vec4 v0x561a89aace20_0, 0;
T_17.15 ;
T_17.13 ;
    %jmp T_17.7;
T_17.5 ;
    %pushi/vec4 1, 0, 1;
    %assign/vec4 v0x561a89aacbc0_0, 0;
    %load/vec4 v0x561a89aac940_0;
    %pad/u 32;
    %cmpi/u 9, 0, 32;
    %jmp/0xz  T_17.16, 5;
    %load/vec4 v0x561a89aac940_0;
    %addi 1, 0, 16;
    %assign/vec4 v0x561a89aac940_0, 0;
    %jmp T_17.17;
T_17.16 ;
    %pushi/vec4 0, 0, 16;
    %assign/vec4 v0x561a89aac940_0, 0;
    %pushi/vec4 0, 0, 2;
    %assign/vec4 v0x561a89aace20_0, 0;
    %pushi/vec4 1, 0, 1;
    %assign/vec4 v0x561a89aacb00_0, 0;
T_17.17 ;
    %jmp T_17.7;
T_17.7 ;
    %pop/vec4 1;
T_17.1 ;
    %jmp T_17;
    .thread T_17;
    .scope S_0x561a89aab320;
T_18 ;
    %wait E_0x561a899d9320;
    %load/vec4 v0x561a89aabf70_0;
    %flag_set/vec4 8;
    %jmp/0xz  T_18.0, 8;
    %pushi/vec4 1, 0, 1;
    %assign/vec4 v0x561a89aac620_0, 0;
    %pushi/vec4 1, 0, 1;
    %assign/vec4 v0x561a89aac6e0_0, 0;
    %jmp T_18.1;
T_18.0 ;
    %load/vec4 v0x561a89aacf00_0;
    %assign/vec4 v0x561a89aac620_0, 0;
    %load/vec4 v0x561a89aac620_0;
    %assign/vec4 v0x561a89aac6e0_0, 0;
T_18.1 ;
    %jmp T_18;
    .thread T_18;
    .scope S_0x561a89aab320;
T_19 ;
    %wait E_0x561a899d9320;
    %load/vec4 v0x561a89aabf70_0;
    %flag_set/vec4 8;
    %jmp/0xz  T_19.0, 8;
    %pushi/vec4 0, 0, 2;
    %assign/vec4 v0x561a89aac540_0, 0;
    %pushi/vec4 0, 0, 16;
    %assign/vec4 v0x561a89aac1e0_0, 0;
    %pushi/vec4 0, 0, 3;
    %assign/vec4 v0x561a89aac010_0, 0;
    %pushi/vec4 0, 0, 8;
    %assign/vec4 v0x561a89aac460_0, 0;
    %pushi/vec4 0, 0, 8;
    %assign/vec4 v0x561a89aac2c0_0, 0;
    %pushi/vec4 0, 0, 1;
    %assign/vec4 v0x561a89aac3a0_0, 0;
    %jmp T_19.1;
T_19.0 ;
    %load/vec4 v0x561a89aac120_0;
    %flag_set/vec4 8;
    %jmp/0xz  T_19.2, 8;
    %pushi/vec4 0, 0, 1;
    %assign/vec4 v0x561a89aac3a0_0, 0;
T_19.2 ;
    %load/vec4 v0x561a89aac540_0;
    %dup/vec4;
    %pushi/vec4 0, 0, 2;
    %cmp/u;
    %jmp/1 T_19.4, 6;
    %dup/vec4;
    %pushi/vec4 1, 0, 2;
    %cmp/u;
    %jmp/1 T_19.5, 6;
    %dup/vec4;
    %pushi/vec4 2, 0, 2;
    %cmp/u;
    %jmp/1 T_19.6, 6;
    %dup/vec4;
    %pushi/vec4 3, 0, 2;
    %cmp/u;
    %jmp/1 T_19.7, 6;
    %pushi/vec4 0, 0, 2;
    %assign/vec4 v0x561a89aac540_0, 0;
    %jmp T_19.9;
T_19.4 ;
    %pushi/vec4 0, 0, 16;
    %assign/vec4 v0x561a89aac1e0_0, 0;
    %pushi/vec4 0, 0, 3;
    %assign/vec4 v0x561a89aac010_0, 0;
    %load/vec4 v0x561a89aac6e0_0;
    %cmpi/e 0, 0, 1;
    %jmp/0xz  T_19.10, 4;
    %pushi/vec4 1, 0, 2;
    %assign/vec4 v0x561a89aac540_0, 0;
T_19.10 ;
    %jmp T_19.9;
T_19.5 ;
    %load/vec4 v0x561a89aac1e0_0;
    %pad/u 32;
    %cmpi/u 5, 0, 32;
    %jmp/0xz  T_19.12, 5;
    %load/vec4 v0x561a89aac1e0_0;
    %addi 1, 0, 16;
    %assign/vec4 v0x561a89aac1e0_0, 0;
    %jmp T_19.13;
T_19.12 ;
    %pushi/vec4 0, 0, 16;
    %assign/vec4 v0x561a89aac1e0_0, 0;
    %load/vec4 v0x561a89aac6e0_0;
    %cmpi/e 0, 0, 1;
    %jmp/0xz  T_19.14, 4;
    %pushi/vec4 2, 0, 2;
    %assign/vec4 v0x561a89aac540_0, 0;
    %jmp T_19.15;
T_19.14 ;
    %pushi/vec4 0, 0, 2;
    %assign/vec4 v0x561a89aac540_0, 0;
T_19.15 ;
T_19.13 ;
    %jmp T_19.9;
T_19.6 ;
    %load/vec4 v0x561a89aac1e0_0;
    %pad/u 32;
    %cmpi/u 9, 0, 32;
    %jmp/0xz  T_19.16, 5;
    %load/vec4 v0x561a89aac1e0_0;
    %addi 1, 0, 16;
    %assign/vec4 v0x561a89aac1e0_0, 0;
    %jmp T_19.17;
T_19.16 ;
    %pushi/vec4 0, 0, 16;
    %assign/vec4 v0x561a89aac1e0_0, 0;
    %load/vec4 v0x561a89aac6e0_0;
    %ix/load 5, 0, 0;
    %ix/getv 4, v0x561a89aac010_0;
    %assign/vec4/off/d v0x561a89aac460_0, 4, 5;
    %load/vec4 v0x561a89aac010_0;
    %cmpi/u 7, 0, 3;
    %jmp/0xz  T_19.18, 5;
    %load/vec4 v0x561a89aac010_0;
    %addi 1, 0, 3;
    %assign/vec4 v0x561a89aac010_0, 0;
    %jmp T_19.19;
T_19.18 ;
    %pushi/vec4 0, 0, 3;
    %assign/vec4 v0x561a89aac010_0, 0;
    %pushi/vec4 3, 0, 2;
    %assign/vec4 v0x561a89aac540_0, 0;
T_19.19 ;
T_19.17 ;
    %jmp T_19.9;
T_19.7 ;
    %load/vec4 v0x561a89aac1e0_0;
    %pad/u 32;
    %cmpi/u 9, 0, 32;
    %jmp/0xz  T_19.20, 5;
    %load/vec4 v0x561a89aac1e0_0;
    %addi 1, 0, 16;
    %assign/vec4 v0x561a89aac1e0_0, 0;
    %jmp T_19.21;
T_19.20 ;
    %pushi/vec4 0, 0, 16;
    %assign/vec4 v0x561a89aac1e0_0, 0;
    %pushi/vec4 0, 0, 2;
    %assign/vec4 v0x561a89aac540_0, 0;
    %load/vec4 v0x561a89aac460_0;
    %assign/vec4 v0x561a89aac2c0_0, 0;
    %pushi/vec4 1, 0, 1;
    %assign/vec4 v0x561a89aac3a0_0, 0;
T_19.21 ;
    %jmp T_19.9;
T_19.9 ;
    %pop/vec4 1;
T_19.1 ;
    %jmp T_19;
    .thread T_19;
    .scope S_0x561a89aaaec0;
T_20 ;
    %wait E_0x561a899d9320;
    %load/vec4 v0x561a89aad780_0;
    %flag_set/vec4 8;
    %jmp/0xz  T_20.0, 8;
    %pushi/vec4 0, 0, 24;
    %assign/vec4 v0x561a89aad6c0_0, 0;
    %pushi/vec4 0, 0, 1;
    %assign/vec4 v0x561a89aad8b0_0, 0;
    %jmp T_20.1;
T_20.0 ;
    %pushi/vec4 0, 0, 1;
    %assign/vec4 v0x561a89aad8b0_0, 0;
    %load/vec4 v0x561a89aad560_0;
    %dup/vec4;
    %pushi/vec4 65280, 0, 16;
    %cmp/u;
    %jmp/1 T_20.2, 6;
    %dup/vec4;
    %pushi/vec4 65281, 0, 16;
    %cmp/u;
    %jmp/1 T_20.3, 6;
    %pushi/vec4 0, 0, 24;
    %assign/vec4 v0x561a89aad6c0_0, 0;
    %jmp T_20.5;
T_20.2 ;
    %pushi/vec4 0, 0, 16;
    %load/vec4 v0x561a89aada10_0;
    %concat/vec4; draw_concat_vec4
    %assign/vec4 v0x561a89aad6c0_0, 0;
    %load/vec4 v0x561a89aae270_0;
    %nor/r;
    %flag_set/vec4 8;
    %jmp/0xz  T_20.6, 8;
    %pushi/vec4 1, 0, 1;
    %assign/vec4 v0x561a89aad8b0_0, 0;
T_20.6 ;
    %jmp T_20.5;
T_20.3 ;
    %pushi/vec4 0, 0, 22;
    %load/vec4 v0x561a89aadae0_0;
    %concat/vec4; draw_concat_vec4
    %load/vec4 v0x561a89aadbb0_0;
    %concat/vec4; draw_concat_vec4
    %assign/vec4 v0x561a89aad6c0_0, 0;
    %jmp T_20.5;
T_20.5 ;
    %pop/vec4 1;
T_20.1 ;
    %jmp T_20;
    .thread T_20;
    .scope S_0x561a89a9d9e0;
T_21 ;
    %wait E_0x561a899d9320;
    %load/vec4 v0x561a89aaf5c0_0;
    %flag_set/vec4 8;
    %jmp/0xz  T_21.0, 8;
    %pushi/vec4 0, 0, 1;
    %assign/vec4 v0x561a89aaee90_0, 0;
    %jmp T_21.1;
T_21.0 ;
    %load/vec4 v0x561a89aaedf0_0;
    %assign/vec4 v0x561a89aaee90_0, 0;
T_21.1 ;
    %jmp T_21;
    .thread T_21;
    .scope S_0x561a89a5d860;
T_22 ;
    %pushi/vec4 0, 0, 32;
    %store/vec4 v0x561a89aaf8d0_0, 0, 32;
    %end;
    .thread T_22;
    .scope S_0x561a89a5d860;
T_23 ;
    %delay 5000, 0;
    %load/vec4 v0x561a89aaf810_0;
    %inv;
    %store/vec4 v0x561a89aaf810_0, 0, 1;
    %jmp T_23;
    .thread T_23;
    .scope S_0x561a89a5d860;
T_24 ;
    %pushi/vec4 0, 0, 1;
    %store/vec4 v0x561a89aaf810_0, 0, 1;
    %pushi/vec4 1, 0, 1;
    %store/vec4 v0x561a89aaf9b0_0, 0, 1;
    %pushi/vec4 1, 0, 1;
    %store/vec4 v0x561a89aafa50_0, 0, 1;
    %end;
    .thread T_24;
    .scope S_0x561a89a5d860;
T_25 ;
    %fork t_1, S_0x561a89975dc0;
    %jmp t_0;
    .scope S_0x561a89975dc0;
t_1 ;
    %pushi/vec4 0, 0, 32;
    %store/vec4 v0x561a89a64c90_0, 0, 32;
T_25.0 ; Top of for-loop
    %load/vec4 v0x561a89a64c90_0;
    %cmpi/s 16384, 0, 32;
	  %jmp/0xz T_25.1, 5;
    %pushi/vec4 8388608, 0, 24;
    %ix/getv/s 4, v0x561a89a64c90_0;
    %store/vec4a v0x561a89aae740, 4, 0;
T_25.2 ; for-loop step statement
    %load/vec4 v0x561a89a64c90_0;
    %addi 1, 0, 32;
    %store/vec4 v0x561a89a64c90_0, 0, 32;
    %jmp T_25.0;
T_25.1 ; for-loop exit label
    %end;
    .scope S_0x561a89a5d860;
t_0 %join;
    %pushi/vec4 0, 0, 3;
    %pushi/vec4 1, 0, 4;
    %pushi/vec4 0, 0, 4;
    %pushi/vec4 10, 0, 8;
    %pushi/vec4 4, 0, 3;
    %store/vec4 v0x561a89a5a0c0_0, 0, 3;
    %store/vec4 v0x561a89a5a160_0, 0, 8;
    %store/vec4 v0x561a89a5a790_0, 0, 4;
    %store/vec4 v0x561a89a5a6f0_0, 0, 4;
    %store/vec4 v0x561a89a68240_0, 0, 3;
    %callf/vec4 TD_tb_cpu.encode_i, S_0x561a89a9c900;
    %ix/load 4, 0, 0;
    %flag_set/imm 4, 0;
    %store/vec4a v0x561a89aae740, 4, 0;
    %pushi/vec4 0, 0, 3;
    %pushi/vec4 2, 0, 4;
    %pushi/vec4 0, 0, 4;
    %pushi/vec4 5, 0, 8;
    %pushi/vec4 4, 0, 3;
    %store/vec4 v0x561a89a5a0c0_0, 0, 3;
    %store/vec4 v0x561a89a5a160_0, 0, 8;
    %store/vec4 v0x561a89a5a790_0, 0, 4;
    %store/vec4 v0x561a89a5a6f0_0, 0, 4;
    %store/vec4 v0x561a89a68240_0, 0, 3;
    %callf/vec4 TD_tb_cpu.encode_i, S_0x561a89a9c900;
    %ix/load 4, 1, 0;
    %flag_set/imm 4, 0;
    %store/vec4a v0x561a89aae740, 4, 0;
    %pushi/vec4 0, 0, 3;
    %pushi/vec4 3, 0, 4;
    %pushi/vec4 1, 0, 4;
    %pushi/vec4 2, 0, 4;
    %pushi/vec4 4, 0, 3;
    %store/vec4 v0x561a89a32140_0, 0, 3;
    %store/vec4 v0x561a89a9d4f0_0, 0, 4;
    %store/vec4 v0x561a89a9d3c0_0, 0, 4;
    %store/vec4 v0x561a89a9d2e0_0, 0, 4;
    %store/vec4 v0x561a89a561b0_0, 0, 3;
    %callf/vec4 TD_tb_cpu.encode_r, S_0x561a89a9d040;
    %ix/load 4, 2, 0;
    %flag_set/imm 4, 0;
    %store/vec4a v0x561a89aae740, 4, 0;
    %pushi/vec4 0, 0, 3;
    %pushi/vec4 4, 0, 4;
    %pushi/vec4 1, 0, 4;
    %pushi/vec4 2, 0, 4;
    %pushi/vec4 5, 0, 3;
    %store/vec4 v0x561a89a32140_0, 0, 3;
    %store/vec4 v0x561a89a9d4f0_0, 0, 4;
    %store/vec4 v0x561a89a9d3c0_0, 0, 4;
    %store/vec4 v0x561a89a9d2e0_0, 0, 4;
    %store/vec4 v0x561a89a561b0_0, 0, 3;
    %callf/vec4 TD_tb_cpu.encode_r, S_0x561a89a9d040;
    %ix/load 4, 3, 0;
    %flag_set/imm 4, 0;
    %store/vec4a v0x561a89aae740, 4, 0;
    %pushi/vec4 0, 0, 3;
    %pushi/vec4 5, 0, 4;
    %pushi/vec4 1, 0, 4;
    %pushi/vec4 2, 0, 4;
    %pushi/vec4 2, 0, 3;
    %store/vec4 v0x561a89a32140_0, 0, 3;
    %store/vec4 v0x561a89a9d4f0_0, 0, 4;
    %store/vec4 v0x561a89a9d3c0_0, 0, 4;
    %store/vec4 v0x561a89a9d2e0_0, 0, 4;
    %store/vec4 v0x561a89a561b0_0, 0, 3;
    %callf/vec4 TD_tb_cpu.encode_r, S_0x561a89a9d040;
    %ix/load 4, 4, 0;
    %flag_set/imm 4, 0;
    %store/vec4a v0x561a89aae740, 4, 0;
    %pushi/vec4 0, 0, 3;
    %pushi/vec4 6, 0, 4;
    %pushi/vec4 1, 0, 4;
    %pushi/vec4 2, 0, 4;
    %pushi/vec4 1, 0, 3;
    %store/vec4 v0x561a89a32140_0, 0, 3;
    %store/vec4 v0x561a89a9d4f0_0, 0, 4;
    %store/vec4 v0x561a89a9d3c0_0, 0, 4;
    %store/vec4 v0x561a89a9d2e0_0, 0, 4;
    %store/vec4 v0x561a89a561b0_0, 0, 3;
    %callf/vec4 TD_tb_cpu.encode_r, S_0x561a89a9d040;
    %ix/load 4, 5, 0;
    %flag_set/imm 4, 0;
    %store/vec4a v0x561a89aae740, 4, 0;
    %pushi/vec4 0, 0, 3;
    %pushi/vec4 7, 0, 4;
    %pushi/vec4 1, 0, 4;
    %pushi/vec4 2, 0, 4;
    %pushi/vec4 3, 0, 3;
    %store/vec4 v0x561a89a32140_0, 0, 3;
    %store/vec4 v0x561a89a9d4f0_0, 0, 4;
    %store/vec4 v0x561a89a9d3c0_0, 0, 4;
    %store/vec4 v0x561a89a9d2e0_0, 0, 4;
    %store/vec4 v0x561a89a561b0_0, 0, 3;
    %callf/vec4 TD_tb_cpu.encode_r, S_0x561a89a9d040;
    %ix/load 4, 6, 0;
    %flag_set/imm 4, 0;
    %store/vec4a v0x561a89aae740, 4, 0;
    %pushi/vec4 0, 0, 3;
    %pushi/vec4 8, 0, 4;
    %pushi/vec4 1, 0, 4;
    %pushi/vec4 0, 0, 4;
    %pushi/vec4 7, 0, 3;
    %store/vec4 v0x561a89a32140_0, 0, 3;
    %store/vec4 v0x561a89a9d4f0_0, 0, 4;
    %store/vec4 v0x561a89a9d3c0_0, 0, 4;
    %store/vec4 v0x561a89a9d2e0_0, 0, 4;
    %store/vec4 v0x561a89a561b0_0, 0, 3;
    %callf/vec4 TD_tb_cpu.encode_r, S_0x561a89a9d040;
    %ix/load 4, 7, 0;
    %flag_set/imm 4, 0;
    %store/vec4a v0x561a89aae740, 4, 0;
    %pushi/vec4 0, 0, 3;
    %pushi/vec4 9, 0, 4;
    %pushi/vec4 1, 0, 4;
    %pushi/vec4 1, 0, 4;
    %pushi/vec4 5, 0, 3;
    %store/vec4 v0x561a89a32140_0, 0, 3;
    %store/vec4 v0x561a89a9d4f0_0, 0, 4;
    %store/vec4 v0x561a89a9d3c0_0, 0, 4;
    %store/vec4 v0x561a89a9d2e0_0, 0, 4;
    %store/vec4 v0x561a89a561b0_0, 0, 3;
    %callf/vec4 TD_tb_cpu.encode_r, S_0x561a89a9d040;
    %ix/load 4, 8, 0;
    %flag_set/imm 4, 0;
    %store/vec4a v0x561a89aae740, 4, 0;
    %pushi/vec4 1, 0, 3;
    %pushi/vec4 11, 0, 4;
    %pushi/vec4 0, 0, 4;
    %pushi/vec4 88, 0, 8;
    %pushi/vec4 4, 0, 3;
    %store/vec4 v0x561a89a5a0c0_0, 0, 3;
    %store/vec4 v0x561a89a5a160_0, 0, 8;
    %store/vec4 v0x561a89a5a790_0, 0, 4;
    %store/vec4 v0x561a89a5a6f0_0, 0, 4;
    %store/vec4 v0x561a89a68240_0, 0, 3;
    %callf/vec4 TD_tb_cpu.encode_i, S_0x561a89a9c900;
    %ix/load 4, 9, 0;
    %flag_set/imm 4, 0;
    %store/vec4a v0x561a89aae740, 4, 0;
    %pushi/vec4 5, 0, 3;
    %pushi/vec4 10, 0, 4;
    %pushi/vec4 0, 0, 4;
    %pushi/vec4 77, 0, 8;
    %pushi/vec4 4, 0, 3;
    %store/vec4 v0x561a89a5a0c0_0, 0, 3;
    %store/vec4 v0x561a89a5a160_0, 0, 8;
    %store/vec4 v0x561a89a5a790_0, 0, 4;
    %store/vec4 v0x561a89a5a6f0_0, 0, 4;
    %store/vec4 v0x561a89a68240_0, 0, 3;
    %callf/vec4 TD_tb_cpu.encode_i, S_0x561a89a9c900;
    %ix/load 4, 10, 0;
    %flag_set/imm 4, 0;
    %store/vec4a v0x561a89aae740, 4, 0;
    %pushi/vec4 0, 0, 3;
    %pushi/vec4 13, 0, 4;
    %pushi/vec4 0, 0, 4;
    %pushi/vec4 90, 0, 8;
    %pushi/vec4 4, 0, 3;
    %store/vec4 v0x561a89a5a0c0_0, 0, 3;
    %store/vec4 v0x561a89a5a160_0, 0, 8;
    %store/vec4 v0x561a89a5a790_0, 0, 4;
    %store/vec4 v0x561a89a5a6f0_0, 0, 4;
    %store/vec4 v0x561a89a68240_0, 0, 3;
    %callf/vec4 TD_tb_cpu.encode_i, S_0x561a89a9c900;
    %ix/load 4, 11, 0;
    %flag_set/imm 4, 0;
    %store/vec4a v0x561a89aae740, 4, 0;
    %pushi/vec4 0, 0, 3;
    %pushi/vec4 3, 0, 4;
    %pushi/vec4 1, 0, 4;
    %pushi/vec4 2, 0, 9;
    %pushi/vec4 2, 0, 2;
    %store/vec4 v0x561a89a5c5f0_0, 0, 2;
    %store/vec4 v0x561a89a5d220_0, 0, 9;
    %store/vec4 v0x561a89a5bab0_0, 0, 4;
    %store/vec4 v0x561a89a5d2f0_0, 0, 4;
    %store/vec4 v0x561a89a5bb80_0, 0, 3;
    %callf/vec4 TD_tb_cpu.encode_ls, S_0x561a89a9ccb0;
    %ix/load 4, 12, 0;
    %flag_set/imm 4, 0;
    %store/vec4a v0x561a89aae740, 4, 0;
    %pushi/vec4 0, 0, 3;
    %pushi/vec4 12, 0, 4;
    %pushi/vec4 1, 0, 4;
    %pushi/vec4 2, 0, 9;
    %pushi/vec4 0, 0, 2;
    %store/vec4 v0x561a89a5c5f0_0, 0, 2;
    %store/vec4 v0x561a89a5d220_0, 0, 9;
    %store/vec4 v0x561a89a5bab0_0, 0, 4;
    %store/vec4 v0x561a89a5d2f0_0, 0, 4;
    %store/vec4 v0x561a89a5bb80_0, 0, 3;
    %callf/vec4 TD_tb_cpu.encode_ls, S_0x561a89a9ccb0;
    %ix/load 4, 13, 0;
    %flag_set/imm 4, 0;
    %store/vec4a v0x561a89aae740, 4, 0;
    %pushi/vec4 0, 0, 3;
    %pushi/vec4 15, 0, 4;
    %pushi/vec4 0, 0, 4;
    %pushi/vec4 20, 0, 8;
    %pushi/vec4 4, 0, 3;
    %store/vec4 v0x561a89a5a0c0_0, 0, 3;
    %store/vec4 v0x561a89a5a160_0, 0, 8;
    %store/vec4 v0x561a89a5a790_0, 0, 4;
    %store/vec4 v0x561a89a5a6f0_0, 0, 4;
    %store/vec4 v0x561a89a68240_0, 0, 3;
    %callf/vec4 TD_tb_cpu.encode_i, S_0x561a89a9c900;
    %ix/load 4, 14, 0;
    %flag_set/imm 4, 0;
    %store/vec4a v0x561a89aae740, 4, 0;
    %pushi/vec4 0, 0, 3;
    %pushi/vec4 12, 0, 4;
    %pushi/vec4 0, 0, 4;
    %pushi/vec4 99, 0, 8;
    %pushi/vec4 4, 0, 3;
    %store/vec4 v0x561a89a5a0c0_0, 0, 3;
    %store/vec4 v0x561a89a5a160_0, 0, 8;
    %store/vec4 v0x561a89a5a790_0, 0, 4;
    %store/vec4 v0x561a89a5a6f0_0, 0, 4;
    %store/vec4 v0x561a89a68240_0, 0, 3;
    %callf/vec4 TD_tb_cpu.encode_i, S_0x561a89a9c900;
    %ix/load 4, 15, 0;
    %flag_set/imm 4, 0;
    %store/vec4a v0x561a89aae740, 4, 0;
    %pushi/vec4 0, 0, 3;
    %pushi/vec4 1, 0, 4;
    %pushi/vec4 1, 0, 4;
    %pushi/vec4 1, 0, 8;
    %pushi/vec4 4, 0, 3;
    %store/vec4 v0x561a89a5a0c0_0, 0, 3;
    %store/vec4 v0x561a89a5a160_0, 0, 8;
    %store/vec4 v0x561a89a5a790_0, 0, 4;
    %store/vec4 v0x561a89a5a6f0_0, 0, 4;
    %store/vec4 v0x561a89a68240_0, 0, 3;
    %callf/vec4 TD_tb_cpu.encode_i, S_0x561a89a9c900;
    %ix/load 4, 20, 0;
    %flag_set/imm 4, 0;
    %store/vec4a v0x561a89aae740, 4, 0;
    %pushi/vec4 0, 0, 3;
    %pushi/vec4 2, 0, 4;
    %pushi/vec4 1, 0, 4;
    %pushi/vec4 1, 0, 4;
    %pushi/vec4 0, 0, 3;
    %store/vec4 v0x561a89a32140_0, 0, 3;
    %store/vec4 v0x561a89a9d4f0_0, 0, 4;
    %store/vec4 v0x561a89a9d3c0_0, 0, 4;
    %store/vec4 v0x561a89a9d2e0_0, 0, 4;
    %store/vec4 v0x561a89a561b0_0, 0, 3;
    %callf/vec4 TD_tb_cpu.encode_r, S_0x561a89a9d040;
    %ix/load 4, 21, 0;
    %flag_set/imm 4, 0;
    %store/vec4a v0x561a89aae740, 4, 0;
    %pushi/vec4 0, 0, 3;
    %pushi/vec4 4, 0, 4;
    %pushi/vec4 0, 0, 4;
    %pushi/vec4 50, 0, 8;
    %pushi/vec4 5, 0, 3;
    %store/vec4 v0x561a89a5a0c0_0, 0, 3;
    %store/vec4 v0x561a89a5a160_0, 0, 8;
    %store/vec4 v0x561a89a5a790_0, 0, 4;
    %store/vec4 v0x561a89a5a6f0_0, 0, 4;
    %store/vec4 v0x561a89a68240_0, 0, 3;
    %callf/vec4 TD_tb_cpu.encode_i, S_0x561a89a9c900;
    %ix/load 4, 22, 0;
    %flag_set/imm 4, 0;
    %store/vec4a v0x561a89aae740, 4, 0;
    %pushi/vec4 3, 0, 3;
    %pushi/vec4 6, 0, 4;
    %pushi/vec4 0, 0, 4;
    %pushi/vec4 200, 0, 8;
    %pushi/vec4 4, 0, 3;
    %store/vec4 v0x561a89a5a0c0_0, 0, 3;
    %store/vec4 v0x561a89a5a160_0, 0, 8;
    %store/vec4 v0x561a89a5a790_0, 0, 4;
    %store/vec4 v0x561a89a5a6f0_0, 0, 4;
    %store/vec4 v0x561a89a68240_0, 0, 3;
    %callf/vec4 TD_tb_cpu.encode_i, S_0x561a89a9c900;
    %ix/load 4, 23, 0;
    %flag_set/imm 4, 0;
    %store/vec4a v0x561a89aae740, 4, 0;
    %pushi/vec4 7, 0, 3;
    %pushi/vec4 5, 0, 4;
    %pushi/vec4 0, 0, 4;
    %pushi/vec4 123, 0, 8;
    %pushi/vec4 4, 0, 3;
    %store/vec4 v0x561a89a5a0c0_0, 0, 3;
    %store/vec4 v0x561a89a5a160_0, 0, 8;
    %store/vec4 v0x561a89a5a790_0, 0, 4;
    %store/vec4 v0x561a89a5a6f0_0, 0, 4;
    %store/vec4 v0x561a89a68240_0, 0, 3;
    %callf/vec4 TD_tb_cpu.encode_i, S_0x561a89a9c900;
    %ix/load 4, 24, 0;
    %flag_set/imm 4, 0;
    %store/vec4a v0x561a89aae740, 4, 0;
    %pushi/vec4 0, 0, 3;
    %pushi/vec4 13, 0, 4;
    %pushi/vec4 0, 0, 4;
    %pushi/vec4 119, 0, 8;
    %pushi/vec4 4, 0, 3;
    %store/vec4 v0x561a89a5a0c0_0, 0, 3;
    %store/vec4 v0x561a89a5a160_0, 0, 8;
    %store/vec4 v0x561a89a5a790_0, 0, 4;
    %store/vec4 v0x561a89a5a6f0_0, 0, 4;
    %store/vec4 v0x561a89a68240_0, 0, 3;
    %callf/vec4 TD_tb_cpu.encode_i, S_0x561a89a9c900;
    %ix/load 4, 25, 0;
    %flag_set/imm 4, 0;
    %store/vec4a v0x561a89aae740, 4, 0;
    %pushi/vec4 0, 0, 3;
    %pushi/vec4 7, 0, 4;
    %pushi/vec4 0, 0, 4;
    %pushi/vec4 99, 0, 8;
    %pushi/vec4 4, 0, 3;
    %store/vec4 v0x561a89a5a0c0_0, 0, 3;
    %store/vec4 v0x561a89a5a160_0, 0, 8;
    %store/vec4 v0x561a89a5a790_0, 0, 4;
    %store/vec4 v0x561a89a5a6f0_0, 0, 4;
    %store/vec4 v0x561a89a68240_0, 0, 3;
    %callf/vec4 TD_tb_cpu.encode_i, S_0x561a89a9c900;
    %ix/load 4, 26, 0;
    %flag_set/imm 4, 0;
    %store/vec4a v0x561a89aae740, 4, 0;
    %pushi/vec4 0, 0, 3;
    %pushi/vec4 7, 0, 4;
    %pushi/vec4 1, 0, 4;
    %pushi/vec4 1, 0, 9;
    %pushi/vec4 3, 0, 2;
    %store/vec4 v0x561a89a5c5f0_0, 0, 2;
    %store/vec4 v0x561a89a5d220_0, 0, 9;
    %store/vec4 v0x561a89a5bab0_0, 0, 4;
    %store/vec4 v0x561a89a5d2f0_0, 0, 4;
    %store/vec4 v0x561a89a5bb80_0, 0, 3;
    %callf/vec4 TD_tb_cpu.encode_ls, S_0x561a89a9ccb0;
    %ix/load 4, 27, 0;
    %flag_set/imm 4, 0;
    %store/vec4a v0x561a89aae740, 4, 0;
    %pushi/vec4 0, 0, 3;
    %pushi/vec4 8, 0, 4;
    %pushi/vec4 1, 0, 4;
    %pushi/vec4 1, 0, 9;
    %pushi/vec4 1, 0, 2;
    %store/vec4 v0x561a89a5c5f0_0, 0, 2;
    %store/vec4 v0x561a89a5d220_0, 0, 9;
    %store/vec4 v0x561a89a5bab0_0, 0, 4;
    %store/vec4 v0x561a89a5d2f0_0, 0, 4;
    %store/vec4 v0x561a89a5bb80_0, 0, 3;
    %callf/vec4 TD_tb_cpu.encode_ls, S_0x561a89a9ccb0;
    %ix/load 4, 28, 0;
    %flag_set/imm 4, 0;
    %store/vec4a v0x561a89aae740, 4, 0;
    %pushi/vec4 0, 0, 3;
    %pushi/vec4 3, 0, 4;
    %pushi/vec4 13, 0, 4;
    %pushi/vec4 0, 0, 4;
    %pushi/vec4 4, 0, 3;
    %store/vec4 v0x561a89a32140_0, 0, 3;
    %store/vec4 v0x561a89a9d4f0_0, 0, 4;
    %store/vec4 v0x561a89a9d3c0_0, 0, 4;
    %store/vec4 v0x561a89a9d2e0_0, 0, 4;
    %store/vec4 v0x561a89a561b0_0, 0, 3;
    %callf/vec4 TD_tb_cpu.encode_r, S_0x561a89a9d040;
    %ix/load 4, 29, 0;
    %flag_set/imm 4, 0;
    %store/vec4a v0x561a89aae740, 4, 0;
    %pushi/vec4 0, 0, 3;
    %pushi/vec4 9, 0, 4;
    %pushi/vec4 0, 0, 4;
    %pushi/vec4 0, 0, 4;
    %pushi/vec4 0, 0, 3;
    %store/vec4 v0x561a89a32140_0, 0, 3;
    %store/vec4 v0x561a89a9d4f0_0, 0, 4;
    %store/vec4 v0x561a89a9d3c0_0, 0, 4;
    %store/vec4 v0x561a89a9d2e0_0, 0, 4;
    %store/vec4 v0x561a89a561b0_0, 0, 3;
    %callf/vec4 TD_tb_cpu.encode_r, S_0x561a89a9d040;
    %ix/load 4, 30, 0;
    %flag_set/imm 4, 0;
    %store/vec4a v0x561a89aae740, 4, 0;
    %pushi/vec4 0, 0, 3;
    %pushi/vec4 9, 0, 4;
    %pushi/vec4 9, 0, 4;
    %pushi/vec4 255, 0, 8;
    %pushi/vec4 5, 0, 3;
    %store/vec4 v0x561a89a5a0c0_0, 0, 3;
    %store/vec4 v0x561a89a5a160_0, 0, 8;
    %store/vec4 v0x561a89a5a790_0, 0, 4;
    %store/vec4 v0x561a89a5a6f0_0, 0, 4;
    %store/vec4 v0x561a89a68240_0, 0, 3;
    %callf/vec4 TD_tb_cpu.encode_i, S_0x561a89a9c900;
    %ix/load 4, 31, 0;
    %flag_set/imm 4, 0;
    %store/vec4a v0x561a89aae740, 4, 0;
    %pushi/vec4 0, 0, 3;
    %pushi/vec4 11, 0, 4;
    %pushi/vec4 9, 0, 4;
    %pushi/vec4 1, 0, 9;
    %pushi/vec4 0, 0, 2;
    %store/vec4 v0x561a89a5c5f0_0, 0, 2;
    %store/vec4 v0x561a89a5d220_0, 0, 9;
    %store/vec4 v0x561a89a5bab0_0, 0, 4;
    %store/vec4 v0x561a89a5d2f0_0, 0, 4;
    %store/vec4 v0x561a89a5bb80_0, 0, 3;
    %callf/vec4 TD_tb_cpu.encode_ls, S_0x561a89a9ccb0;
    %ix/load 4, 32, 0;
    %flag_set/imm 4, 0;
    %store/vec4a v0x561a89aae740, 4, 0;
    %pushi/vec4 0, 0, 3;
    %pushi/vec4 7, 0, 4;
    %pushi/vec4 0, 0, 4;
    %pushi/vec4 75, 0, 8;
    %pushi/vec4 4, 0, 3;
    %store/vec4 v0x561a89a5a0c0_0, 0, 3;
    %store/vec4 v0x561a89a5a160_0, 0, 8;
    %store/vec4 v0x561a89a5a790_0, 0, 4;
    %store/vec4 v0x561a89a5a6f0_0, 0, 4;
    %store/vec4 v0x561a89a68240_0, 0, 3;
    %callf/vec4 TD_tb_cpu.encode_i, S_0x561a89a9c900;
    %ix/load 4, 33, 0;
    %flag_set/imm 4, 0;
    %store/vec4a v0x561a89aae740, 4, 0;
    %pushi/vec4 0, 0, 3;
    %pushi/vec4 7, 0, 4;
    %pushi/vec4 9, 0, 4;
    %pushi/vec4 0, 0, 9;
    %pushi/vec4 2, 0, 2;
    %store/vec4 v0x561a89a5c5f0_0, 0, 2;
    %store/vec4 v0x561a89a5d220_0, 0, 9;
    %store/vec4 v0x561a89a5bab0_0, 0, 4;
    %store/vec4 v0x561a89a5d2f0_0, 0, 4;
    %store/vec4 v0x561a89a5bb80_0, 0, 3;
    %callf/vec4 TD_tb_cpu.encode_ls, S_0x561a89a9ccb0;
    %ix/load 4, 34, 0;
    %flag_set/imm 4, 0;
    %store/vec4a v0x561a89aae740, 4, 0;
    %pushi/vec4 0, 0, 3;
    %pushi/vec4 10, 0, 4;
    %pushi/vec4 9, 0, 4;
    %pushi/vec4 1, 0, 9;
    %pushi/vec4 0, 0, 2;
    %store/vec4 v0x561a89a5c5f0_0, 0, 2;
    %store/vec4 v0x561a89a5d220_0, 0, 9;
    %store/vec4 v0x561a89a5bab0_0, 0, 4;
    %store/vec4 v0x561a89a5d2f0_0, 0, 4;
    %store/vec4 v0x561a89a5bb80_0, 0, 3;
    %callf/vec4 TD_tb_cpu.encode_ls, S_0x561a89a9ccb0;
    %ix/load 4, 35, 0;
    %flag_set/imm 4, 0;
    %store/vec4a v0x561a89aae740, 4, 0;
    %pushi/vec4 0, 0, 3;
    %pushi/vec4 12, 0, 4;
    %pushi/vec4 9, 0, 4;
    %pushi/vec4 1, 0, 9;
    %pushi/vec4 0, 0, 2;
    %store/vec4 v0x561a89a5c5f0_0, 0, 2;
    %store/vec4 v0x561a89a5d220_0, 0, 9;
    %store/vec4 v0x561a89a5bab0_0, 0, 4;
    %store/vec4 v0x561a89a5d2f0_0, 0, 4;
    %store/vec4 v0x561a89a5bb80_0, 0, 3;
    %callf/vec4 TD_tb_cpu.encode_ls, S_0x561a89a9ccb0;
    %ix/load 4, 36, 0;
    %flag_set/imm 4, 0;
    %store/vec4a v0x561a89aae740, 4, 0;
    %pushi/vec4 0, 0, 3;
    %pushi/vec4 12, 0, 4;
    %pushi/vec4 12, 0, 4;
    %pushi/vec4 2, 0, 8;
    %pushi/vec4 2, 0, 3;
    %store/vec4 v0x561a89a5a0c0_0, 0, 3;
    %store/vec4 v0x561a89a5a160_0, 0, 8;
    %store/vec4 v0x561a89a5a790_0, 0, 4;
    %store/vec4 v0x561a89a5a6f0_0, 0, 4;
    %store/vec4 v0x561a89a68240_0, 0, 3;
    %callf/vec4 TD_tb_cpu.encode_i, S_0x561a89a9c900;
    %ix/load 4, 37, 0;
    %flag_set/imm 4, 0;
    %store/vec4a v0x561a89aae740, 4, 0;
    %pushi/vec4 5, 0, 3;
    %pushi/vec4 15, 0, 4;
    %pushi/vec4 0, 0, 4;
    %pushi/vec4 36, 0, 8;
    %pushi/vec4 4, 0, 3;
    %store/vec4 v0x561a89a5a0c0_0, 0, 3;
    %store/vec4 v0x561a89a5a160_0, 0, 8;
    %store/vec4 v0x561a89a5a790_0, 0, 4;
    %store/vec4 v0x561a89a5a6f0_0, 0, 4;
    %store/vec4 v0x561a89a68240_0, 0, 3;
    %callf/vec4 TD_tb_cpu.encode_i, S_0x561a89a9c900;
    %ix/load 4, 38, 0;
    %flag_set/imm 4, 0;
    %store/vec4a v0x561a89aae740, 4, 0;
    %pushi/vec4 0, 0, 3;
    %pushi/vec4 6, 0, 4;
    %pushi/vec4 9, 0, 4;
    %pushi/vec4 0, 0, 9;
    %pushi/vec4 0, 0, 2;
    %store/vec4 v0x561a89a5c5f0_0, 0, 2;
    %store/vec4 v0x561a89a5d220_0, 0, 9;
    %store/vec4 v0x561a89a5bab0_0, 0, 4;
    %store/vec4 v0x561a89a5d2f0_0, 0, 4;
    %store/vec4 v0x561a89a5bb80_0, 0, 3;
    %callf/vec4 TD_tb_cpu.encode_ls, S_0x561a89a9ccb0;
    %ix/load 4, 39, 0;
    %flag_set/imm 4, 0;
    %store/vec4a v0x561a89aae740, 4, 0;
    %pushi/vec4 0, 0, 3;
    %pushi/vec4 0, 0, 4;
    %pushi/vec4 0, 0, 4;
    %pushi/vec4 55, 0, 8;
    %pushi/vec4 4, 0, 3;
    %store/vec4 v0x561a89a5a0c0_0, 0, 3;
    %store/vec4 v0x561a89a5a160_0, 0, 8;
    %store/vec4 v0x561a89a5a790_0, 0, 4;
    %store/vec4 v0x561a89a5a6f0_0, 0, 4;
    %store/vec4 v0x561a89a68240_0, 0, 3;
    %callf/vec4 TD_tb_cpu.encode_i, S_0x561a89a9c900;
    %ix/load 4, 40, 0;
    %flag_set/imm 4, 0;
    %store/vec4a v0x561a89aae740, 4, 0;
    %pushi/vec4 0, 0, 3;
    %pushi/vec4 2, 0, 4;
    %pushi/vec4 0, 0, 4;
    %pushi/vec4 0, 0, 4;
    %pushi/vec4 4, 0, 3;
    %store/vec4 v0x561a89a32140_0, 0, 3;
    %store/vec4 v0x561a89a9d4f0_0, 0, 4;
    %store/vec4 v0x561a89a9d3c0_0, 0, 4;
    %store/vec4 v0x561a89a9d2e0_0, 0, 4;
    %store/vec4 v0x561a89a561b0_0, 0, 3;
    %callf/vec4 TD_tb_cpu.encode_r, S_0x561a89a9d040;
    %ix/load 4, 41, 0;
    %flag_set/imm 4, 0;
    %store/vec4a v0x561a89aae740, 4, 0;
    %pushi/vec4 0, 0, 3;
    %pushi/vec4 11, 0, 4;
    %pushi/vec4 14, 0, 4;
    %pushi/vec4 0, 0, 4;
    %pushi/vec4 4, 0, 3;
    %store/vec4 v0x561a89a32140_0, 0, 3;
    %store/vec4 v0x561a89a9d4f0_0, 0, 4;
    %store/vec4 v0x561a89a9d3c0_0, 0, 4;
    %store/vec4 v0x561a89a9d2e0_0, 0, 4;
    %store/vec4 v0x561a89a561b0_0, 0, 3;
    %callf/vec4 TD_tb_cpu.encode_r, S_0x561a89a9d040;
    %ix/load 4, 42, 0;
    %flag_set/imm 4, 0;
    %store/vec4a v0x561a89aae740, 4, 0;
    %pushi/vec4 0, 0, 3;
    %pushi/vec4 14, 0, 4;
    %pushi/vec4 0, 0, 4;
    %pushi/vec4 255, 0, 8;
    %pushi/vec4 4, 0, 3;
    %store/vec4 v0x561a89a5a0c0_0, 0, 3;
    %store/vec4 v0x561a89a5a160_0, 0, 8;
    %store/vec4 v0x561a89a5a790_0, 0, 4;
    %store/vec4 v0x561a89a5a6f0_0, 0, 4;
    %store/vec4 v0x561a89a68240_0, 0, 3;
    %callf/vec4 TD_tb_cpu.encode_i, S_0x561a89a9c900;
    %ix/load 4, 43, 0;
    %flag_set/imm 4, 0;
    %store/vec4a v0x561a89aae740, 4, 0;
    %pushi/vec4 0, 0, 3;
    %pushi/vec4 5, 0, 4;
    %pushi/vec4 14, 0, 4;
    %pushi/vec4 0, 0, 4;
    %pushi/vec4 4, 0, 3;
    %store/vec4 v0x561a89a32140_0, 0, 3;
    %store/vec4 v0x561a89a9d4f0_0, 0, 4;
    %store/vec4 v0x561a89a9d3c0_0, 0, 4;
    %store/vec4 v0x561a89a9d2e0_0, 0, 4;
    %store/vec4 v0x561a89a561b0_0, 0, 3;
    %callf/vec4 TD_tb_cpu.encode_r, S_0x561a89a9d040;
    %ix/load 4, 44, 0;
    %flag_set/imm 4, 0;
    %store/vec4a v0x561a89aae740, 4, 0;
    %pushi/vec4 0, 0, 3;
    %pushi/vec4 8, 0, 4;
    %pushi/vec4 15, 0, 4;
    %pushi/vec4 0, 0, 4;
    %pushi/vec4 4, 0, 3;
    %store/vec4 v0x561a89a32140_0, 0, 3;
    %store/vec4 v0x561a89a9d4f0_0, 0, 4;
    %store/vec4 v0x561a89a9d3c0_0, 0, 4;
    %store/vec4 v0x561a89a9d2e0_0, 0, 4;
    %store/vec4 v0x561a89a561b0_0, 0, 3;
    %callf/vec4 TD_tb_cpu.encode_r, S_0x561a89a9d040;
    %ix/load 4, 45, 0;
    %flag_set/imm 4, 0;
    %store/vec4a v0x561a89aae740, 4, 0;
    %delay 20000, 0;
    %pushi/vec4 0, 0, 1;
    %store/vec4 v0x561a89aaf9b0_0, 0, 1;
    %delay 500000, 0;
    %vpi_call 2 184 "$display", "Starting send_uart_byte..." {0 0 0};
    %pushi/vec4 90, 0, 8;
    %store/vec4 v0x561a89a9d800_0, 0, 8;
    %fork TD_tb_cpu.send_uart_byte, S_0x561a89a9d5d0;
    %join;
    %vpi_call 2 186 "$display", "Finished send_uart_byte!" {0 0 0};
    %delay 1500000, 0;
    %vpi_call 2 190 "$display", "Simulation finished normally." {0 0 0};
    %vpi_call 2 191 "$finish" {0 0 0};
    %vpi_call 2 193 "$display", "=== k16 CPU \346\244\234\350\250\274\347\265\220\346\236\234 (\343\203\216\343\202\244\343\203\236\343\203\263\345\236\213 + MMIO + \347\211\271\346\256\212\343\203\254\343\202\270\343\202\271\343\202\277\345\256\214\345\205\250\346\244\234\350\250\274) ===" {0 0 0};
    %ix/load 4, 1, 0;
    %flag_set/imm 4, 0;
    %load/vec4a v0x561a89aa3ec0, 4;
    %cmpi/e 11, 0, 16;
    %jmp/0xz  T_25.3, 6;
    %vpi_call 2 197 "$display", "[PASS] r1 = %d (\346\234\237\345\276\205\345\200\244: 11)", &A<v0x561a89aa3ec0, 1> {0 0 0};
    %jmp T_25.4;
T_25.3 ;
    %vpi_call 2 199 "$display", "[FAIL] r1 = %d (\346\234\237\345\276\205\345\200\244: 11)", &A<v0x561a89aa3ec0, 1> {0 0 0};
    %load/vec4 v0x561a89aaf8d0_0;
    %addi 1, 0, 32;
    %store/vec4 v0x561a89aaf8d0_0, 0, 32;
T_25.4 ;
    %ix/load 4, 4, 0;
    %flag_set/imm 4, 0;
    %load/vec4a v0x561a89aa3ec0, 4;
    %cmpi/e 65486, 0, 16;
    %jmp/0xz  T_25.5, 6;
    %vpi_call 2 205 "$display", "[PASS] r4 = 0x%04X (\346\234\237\345\276\205\345\200\244: 0xFFCE)", &A<v0x561a89aa3ec0, 4> {0 0 0};
    %jmp T_25.6;
T_25.5 ;
    %vpi_call 2 207 "$display", "[FAIL] r4 = 0x%04X (\346\234\237\345\276\205\345\200\244: 0xFFCE)", &A<v0x561a89aa3ec0, 4> {0 0 0};
    %load/vec4 v0x561a89aaf8d0_0;
    %addi 1, 0, 32;
    %store/vec4 v0x561a89aaf8d0_0, 0, 32;
T_25.6 ;
    %ix/load 4, 12, 0;
    %flag_set/imm 4, 0;
    %load/vec4a v0x561a89aae740, 4;
    %cmpi/e 5898255, 0, 24;
    %jmp/0xz  T_25.7, 6;
    %vpi_call 2 213 "$display", "[PASS] mem[12] = 0x%06X (\346\234\237\345\276\205\345\200\244: 0x5A000F)", &A<v0x561a89aae740, 12> {0 0 0};
    %jmp T_25.8;
T_25.7 ;
    %vpi_call 2 215 "$display", "[FAIL] mem[12] = 0x%06X (\346\234\237\345\276\205\345\200\244: 0x5A000F)", &A<v0x561a89aae740, 12> {0 0 0};
    %load/vec4 v0x561a89aaf8d0_0;
    %addi 1, 0, 32;
    %store/vec4 v0x561a89aaf8d0_0, 0, 32;
T_25.8 ;
    %ix/load 4, 10, 0;
    %flag_set/imm 4, 0;
    %load/vec4a v0x561a89aae740, 4;
    %cmpi/e 7798883, 0, 24;
    %jmp/0xz  T_25.9, 6;
    %vpi_call 2 221 "$display", "[PASS] mem[10] = 0x%06X (\346\234\237\345\276\205\345\200\244: 0x770063)", &A<v0x561a89aae740, 10> {0 0 0};
    %jmp T_25.10;
T_25.9 ;
    %vpi_call 2 223 "$display", "[FAIL] mem[10] = 0x%06X (\346\234\237\345\276\205\345\200\244: 0x770063)", &A<v0x561a89aae740, 10> {0 0 0};
    %load/vec4 v0x561a89aaf8d0_0;
    %addi 1, 0, 32;
    %store/vec4 v0x561a89aaf8d0_0, 0, 32;
T_25.10 ;
    %ix/load 4, 3, 0;
    %flag_set/imm 4, 0;
    %load/vec4a v0x561a89aa3ec0, 4;
    %parti/s 8, 0, 2;
    %cmpi/e 119, 0, 8;
    %jmp/0xz  T_25.11, 6;
    %vpi_call 2 229 "$display", "[PASS] r3[7:0] = 0x%02X (\346\234\237\345\276\205\345\200\244: 0x77)", &APV<v0x561a89aa3ec0, 3, 0, 8> {0 0 0};
    %jmp T_25.12;
T_25.11 ;
    %vpi_call 2 231 "$display", "[FAIL] r3[7:0] = 0x%02X (\346\234\237\345\276\205\345\200\244: 0x77)", &APV<v0x561a89aa3ec0, 3, 0, 8> {0 0 0};
    %load/vec4 v0x561a89aaf8d0_0;
    %addi 1, 0, 32;
    %store/vec4 v0x561a89aaf8d0_0, 0, 32;
T_25.12 ;
    %ix/load 4, 10, 0;
    %flag_set/imm 4, 0;
    %load/vec4a v0x561a89aa3ec0, 4;
    %parti/s 1, 0, 2;
    %cmpi/e 1, 0, 1;
    %jmp/0xz  T_25.13, 6;
    %vpi_call 2 237 "$display", "[PASS] UART\351\200\201\344\277\241\344\270\255\343\202\271\343\203\206\343\203\274\343\202\277\343\202\271 r10[0] = 1 (tx_busy=1)" {0 0 0};
    %jmp T_25.14;
T_25.13 ;
    %vpi_call 2 239 "$display", "[FAIL] UART\351\200\201\344\277\241\344\270\255\343\202\271\343\203\206\343\203\274\343\202\277\343\202\271 r10[0] = 0 (\346\234\237\345\276\205\345\200\244: 1)" {0 0 0};
    %load/vec4 v0x561a89aaf8d0_0;
    %addi 1, 0, 32;
    %store/vec4 v0x561a89aaf8d0_0, 0, 32;
T_25.14 ;
    %ix/load 4, 6, 0;
    %flag_set/imm 4, 0;
    %load/vec4a v0x561a89aa3ec0, 4;
    %parti/s 8, 0, 2;
    %cmpi/e 90, 0, 8;
    %jmp/0xz  T_25.15, 6;
    %vpi_call 2 245 "$display", "[PASS] UART\345\217\227\344\277\241\343\203\207\343\203\274\343\202\277 r6 = 0x%02X (\346\234\237\345\276\205\345\200\244: 0x5A 'Z')", &APV<v0x561a89aa3ec0, 6, 0, 8> {0 0 0};
    %jmp T_25.16;
T_25.15 ;
    %vpi_call 2 247 "$display", "[FAIL] UART\345\217\227\344\277\241\343\203\207\343\203\274\343\202\277 r6 = 0x%02X (\346\234\237\345\276\205\345\200\244: 0x5A 'Z')", &APV<v0x561a89aa3ec0, 6, 0, 8> {0 0 0};
    %load/vec4 v0x561a89aaf8d0_0;
    %addi 1, 0, 32;
    %store/vec4 v0x561a89aaf8d0_0, 0, 32;
T_25.16 ;
    %ix/load 4, 2, 0;
    %flag_set/imm 4, 0;
    %load/vec4a v0x561a89aa3ec0, 4;
    %cmpi/e 0, 0, 16;
    %flag_get/vec4 6;
    %jmp/0 T_25.19, 6;
    %ix/load 4, 0, 0;
    %flag_set/imm 4, 0;
    %load/vec4a v0x561a89aa3ec0, 4;
    %pushi/vec4 0, 0, 16;
    %cmp/e;
    %flag_get/vec4 6;
    %and;
T_25.19;
    %flag_set/vec4 8;
    %jmp/0xz  T_25.17, 8;
    %vpi_call 2 253 "$display", "[PASS] \347\211\271\346\256\212\343\203\254\343\202\270\343\202\271\343\202\277 r0 (\346\233\270\343\201\215\350\276\274\343\201\277\347\204\241\350\246\226 & \345\270\270\343\201\2530)" {0 0 0};
    %jmp T_25.18;
T_25.17 ;
    %vpi_call 2 255 "$display", "[FAIL] \347\211\271\346\256\212\343\203\254\343\202\270\343\202\271\343\202\277 r0 (\346\233\270\343\201\215\350\276\274\343\201\277\347\204\241\350\246\226)" {0 0 0};
    %load/vec4 v0x561a89aaf8d0_0;
    %addi 1, 0, 32;
    %store/vec4 v0x561a89aaf8d0_0, 0, 32;
T_25.18 ;
    %ix/load 4, 11, 0;
    %flag_set/imm 4, 0;
    %load/vec4a v0x561a89aa3ec0, 4;
    %cmpi/e 1, 0, 16;
    %jmp/0xz  T_25.20, 6;
    %vpi_call 2 261 "$display", "[PASS] \347\211\271\346\256\212\343\203\254\343\202\270\343\202\271\343\202\277 r14 (\343\203\225\343\203\251\343\202\260\347\233\264\350\252\255\343\201\277 Z=1 -> 1)" {0 0 0};
    %jmp T_25.21;
T_25.20 ;
    %vpi_call 2 263 "$display", "[FAIL] \347\211\271\346\256\212\343\203\254\343\202\270\343\202\271\343\202\277 r14 (\343\203\225\343\203\251\343\202\260\347\233\264\350\252\255\343\201\277)" {0 0 0};
    %load/vec4 v0x561a89aaf8d0_0;
    %addi 1, 0, 32;
    %store/vec4 v0x561a89aaf8d0_0, 0, 32;
T_25.21 ;
    %ix/load 4, 5, 0;
    %flag_set/imm 4, 0;
    %load/vec4a v0x561a89aa3ec0, 4;
    %cmpi/e 0, 0, 16;
    %jmp/0xz  T_25.22, 6;
    %vpi_call 2 269 "$display", "[PASS] \347\211\271\346\256\212\343\203\254\343\202\270\343\202\271\343\202\277 r14 (\346\233\270\343\201\215\350\276\274\343\201\277\347\204\241\350\246\226 255\344\270\215\346\240\274\347\264\215)" {0 0 0};
    %jmp T_25.23;
T_25.22 ;
    %vpi_call 2 271 "$display", "[FAIL] \347\211\271\346\256\212\343\203\254\343\202\270\343\202\271\343\202\277 r14 (\346\233\270\343\201\215\350\276\274\343\201\277\347\204\241\350\246\226)" {0 0 0};
    %load/vec4 v0x561a89aaf8d0_0;
    %addi 1, 0, 32;
    %store/vec4 v0x561a89aaf8d0_0, 0, 32;
T_25.23 ;
    %ix/load 4, 8, 0;
    %flag_set/imm 4, 0;
    %load/vec4a v0x561a89aa3ec0, 4;
    %cmpi/e 46, 0, 16;
    %jmp/0xz  T_25.24, 6;
    %vpi_call 2 277 "$display", "[PASS] \347\211\271\346\256\212\343\203\254\343\202\270\343\202\271\343\202\277 r15 (PC\350\252\255\343\201\277\345\207\272\343\201\227 -> 46)" {0 0 0};
    %jmp T_25.25;
T_25.24 ;
    %vpi_call 2 279 "$display", "[FAIL] \347\211\271\346\256\212\343\203\254\343\202\270\343\202\271\343\202\277 r15 (PC\350\252\255\343\201\277\345\207\272\343\201\227)" {0 0 0};
    %load/vec4 v0x561a89aaf8d0_0;
    %addi 1, 0, 32;
    %store/vec4 v0x561a89aaf8d0_0, 0, 32;
T_25.25 ;
    %load/vec4 v0x561a89aaf8d0_0;
    %cmpi/e 0, 0, 32;
    %jmp/0xz  T_25.26, 4;
    %vpi_call 2 284 "$display", "\012>>> \345\205\250\343\201\246\343\201\256\343\203\206\343\202\271\343\203\210\343\201\253\345\220\210\346\240\274\343\201\227\343\201\276\343\201\227\343\201\237\357\274\201 (ALL TESTS PASSED) <<<" {0 0 0};
    %jmp T_25.27;
T_25.26 ;
    %vpi_call 2 286 "$display", "\012>>> %0d \344\273\266\343\201\256\343\202\250\343\203\251\343\203\274\343\201\214\347\231\272\347\224\237\343\201\227\343\201\276\343\201\227\343\201\237\343\200\202 <<<", v0x561a89aaf8d0_0 {0 0 0};
T_25.27 ;
    %vpi_call 2 289 "$finish" {0 0 0};
    %end;
    .thread T_25;
# The file index is used to find the file name in the following table.
:file_names 12;
    "N/A";
    "<interactive>";
    "tb_cpu.v";
    "k16_soc.v";
    "cpu.v";
    "alu.v";
    "cond_check.v";
    "decoder.v";
    "regfile.v";
    "mmio.v";
    "uart.v";
    "ram.v";
