#! /usr/bin/vvp
:ivl_version "13.0 (stable)" "(v13_0-dirty)";
:ivl_delay_selection "TYPICAL";
:vpi_time_precision - 12;
:vpi_module "/usr/lib/ivl/system.vpi";
:vpi_module "/usr/lib/ivl/vhdl_sys.vpi";
:vpi_module "/usr/lib/ivl/vhdl_textio.vpi";
:vpi_module "/usr/lib/ivl/v2005_math.vpi";
:vpi_module "/usr/lib/ivl/va_math.vpi";
S_0x55e3475f14e0 .scope module, "tb_cpu" "tb_cpu" 2 3;
 .timescale -9 -12;
P_0x55e3475cce60 .param/l "CLKS_PER_BIT" 1 2 11, +C4<00000000000000000000000000001010>;
v0x55e347640920_0 .var "clk", 0 0;
v0x55e3476409e0_0 .var/i "errors", 31 0;
v0x55e347640ac0_0 .var "rst", 0 0;
v0x55e347640b60_0 .var "uart_rx", 0 0;
v0x55e347640c00_0 .net "uart_tx", 0 0, L_0x55e3476570b0;  1 drivers
S_0x55e347512d40 .scope begin, "$ivl_for_loop0" "$ivl_for_loop0" 2 78, 2 78 0, S_0x55e3475f14e0;
 .timescale -9 -12;
v0x55e3475f71a0_0 .var/i "i", 31 0;
S_0x55e34762f920 .scope function.vec4.s24, "encode_i" "encode_i" 2 35, 2 35 0, S_0x55e3475f14e0;
 .timescale -9 -12;
v0x55e3475fa750_0 .var "cond", 2 0;
; Variable encode_i is vec4 return value of scope S_0x55e34762f920
v0x55e3475ee250_0 .var "funkt", 2 0;
v0x55e3475ee2f0_0 .var "im", 7 0;
v0x55e3475ee8b0_0 .var "rd", 3 0;
v0x55e3475ee980_0 .var "rs", 3 0;
TD_tb_cpu.encode_i ;
    %load/vec4 v0x55e3475fa750_0;
    %pad/u 24;
    %ix/load 4, 21, 0;
    %flag_set/imm 4, 0;
    %shiftl 4;
    %pushi/vec4 524288, 0, 24;
    %or;
    %load/vec4 v0x55e3475ee8b0_0;
    %pad/u 24;
    %ix/load 4, 15, 0;
    %flag_set/imm 4, 0;
    %shiftl 4;
    %or;
    %load/vec4 v0x55e3475ee980_0;
    %pad/u 24;
    %ix/load 4, 11, 0;
    %flag_set/imm 4, 0;
    %shiftl 4;
    %or;
    %load/vec4 v0x55e3475ee2f0_0;
    %pad/u 24;
    %pushi/vec4 255, 0, 24;
    %and;
    %ix/load 4, 3, 0;
    %flag_set/imm 4, 0;
    %shiftl 4;
    %or;
    %load/vec4 v0x55e3475ee250_0;
    %pad/u 24;
    %pushi/vec4 7, 0, 24;
    %and;
    %or;
    %ret/vec4 0, 0, 24;  Assign to encode_i (store_vec4_to_lval)
    %end;
S_0x55e34762fcd0 .scope function.vec4.s24, "encode_ls" "encode_ls" 2 39, 2 39 0, S_0x55e3475f14e0;
 .timescale -9 -12;
v0x55e3475ef730_0 .var "base", 3 0;
v0x55e3475ef800_0 .var "cond", 2 0;
; Variable encode_ls is vec4 return value of scope S_0x55e34762fcd0
v0x55e3475f0270_0 .var "funkt", 1 0;
v0x55e3475f0ea0_0 .var "im", 8 0;
v0x55e3475f0f70_0 .var "rd", 3 0;
TD_tb_cpu.encode_ls ;
    %load/vec4 v0x55e3475ef800_0;
    %pad/u 24;
    %ix/load 4, 21, 0;
    %flag_set/imm 4, 0;
    %shiftl 4;
    %pushi/vec4 1572864, 0, 24;
    %or;
    %load/vec4 v0x55e3475f0f70_0;
    %pad/u 24;
    %ix/load 4, 15, 0;
    %flag_set/imm 4, 0;
    %shiftl 4;
    %or;
    %load/vec4 v0x55e3475ef730_0;
    %pad/u 24;
    %ix/load 4, 11, 0;
    %flag_set/imm 4, 0;
    %shiftl 4;
    %or;
    %load/vec4 v0x55e3475f0ea0_0;
    %pad/u 24;
    %pushi/vec4 511, 0, 24;
    %and;
    %ix/load 4, 2, 0;
    %flag_set/imm 4, 0;
    %shiftl 4;
    %or;
    %load/vec4 v0x55e3475f0270_0;
    %pad/u 24;
    %pushi/vec4 3, 0, 24;
    %and;
    %or;
    %ret/vec4 0, 0, 24;  Assign to encode_ls (store_vec4_to_lval)
    %end;
S_0x55e347630060 .scope function.vec4.s24, "encode_r" "encode_r" 2 31, 2 31 0, S_0x55e3475f14e0;
 .timescale -9 -12;
v0x55e3475ea6b0_0 .var "cond", 2 0;
; Variable encode_r is vec4 return value of scope S_0x55e347630060
v0x55e3475ccdc0_0 .var "funkt", 2 0;
v0x55e347630300_0 .var "rd", 3 0;
v0x55e3476303e0_0 .var "rs1", 3 0;
v0x55e347630510_0 .var "rs2", 3 0;
TD_tb_cpu.encode_r ;
    %load/vec4 v0x55e3475ea6b0_0;
    %pad/u 24;
    %ix/load 4, 21, 0;
    %flag_set/imm 4, 0;
    %shiftl 4;
    %pushi/vec4 0, 0, 24;
    %or;
    %load/vec4 v0x55e347630300_0;
    %pad/u 24;
    %ix/load 4, 15, 0;
    %flag_set/imm 4, 0;
    %shiftl 4;
    %or;
    %load/vec4 v0x55e3476303e0_0;
    %pad/u 24;
    %ix/load 4, 11, 0;
    %flag_set/imm 4, 0;
    %shiftl 4;
    %or;
    %load/vec4 v0x55e347630510_0;
    %pad/u 24;
    %ix/load 4, 7, 0;
    %flag_set/imm 4, 0;
    %shiftl 4;
    %or;
    %load/vec4 v0x55e3475ccdc0_0;
    %pad/u 24;
    %pushi/vec4 7, 0, 24;
    %and;
    %or;
    %ret/vec4 0, 0, 24;  Assign to encode_r (store_vec4_to_lval)
    %end;
S_0x55e3476305f0 .scope task, "send_uart_byte" "send_uart_byte" 2 46, 2 46 0, S_0x55e3475f14e0;
 .timescale -9 -12;
v0x55e347630820_0 .var "data", 7 0;
v0x55e347630920_0 .var/i "i", 31 0;
TD_tb_cpu.send_uart_byte ;
    %pushi/vec4 0, 0, 1;
    %store/vec4 v0x55e347640b60_0, 0, 1;
    %delay 100000, 0;
    %pushi/vec4 0, 0, 32;
    %store/vec4 v0x55e347630920_0, 0, 32;
T_3.0 ; Top of for-loop
    %load/vec4 v0x55e347630920_0;
    %cmpi/s 8, 0, 32;
	  %jmp/0xz T_3.1, 5;
    %load/vec4 v0x55e347630820_0;
    %load/vec4 v0x55e347630920_0;
    %part/s 1;
    %store/vec4 v0x55e347640b60_0, 0, 1;
    %delay 100000, 0;
T_3.2 ; for-loop step statement
    %load/vec4 v0x55e347630920_0;
    %addi 1, 0, 32;
    %store/vec4 v0x55e347630920_0, 0, 32;
    %jmp T_3.0;
T_3.1 ; for-loop exit label
    %pushi/vec4 1, 0, 1;
    %store/vec4 v0x55e347640b60_0, 0, 1;
    %delay 100000, 0;
    %end;
S_0x55e347630a00 .scope module, "u_soc" "k16_soc" 2 19, 3 6 0, S_0x55e3475f14e0;
 .timescale -9 -12;
    .port_info 0 /INPUT 1 "clk";
    .port_info 1 /INPUT 1 "rst";
    .port_info 2 /INPUT 1 "uart_rx";
    .port_info 3 /OUTPUT 1 "uart_tx";
P_0x55e34757f410 .param/l "CLKS_PER_BIT" 0 3 7, +C4<00000000000000000000000000001010>;
P_0x55e34757f450 .param/str "INIT_FILE" 0 3 8, "firmware.hex";
L_0x55e3475fddc0 .functor AND 1, L_0x55e3476558d0, L_0x55e347650df0, C4<1>, C4<1>;
L_0x55e3475fce30 .functor AND 1, L_0x55e3476558d0, L_0x55e347650d00, C4<1>, C4<1>;
L_0x7f1ced5b7018 .functor BUFT 1, C4<1111111100000000>, C4<0>, C4<0>, C4<0>;
v0x55e34763fc10_0 .net/2u *"_ivl_0", 15 0, L_0x7f1ced5b7018;  1 drivers
v0x55e34763fd10_0 .net *"_ivl_5", 0 0, L_0x55e347650df0;  1 drivers
v0x55e34763fdd0_0 .net "clk", 0 0, v0x55e347640920_0;  1 drivers
v0x55e34763fe70_0 .net "is_mmio", 0 0, L_0x55e347650d00;  1 drivers
v0x55e34763ff10_0 .var "is_mmio_q", 0 0;
v0x55e347640020_0 .net "mem_addr", 15 0, L_0x55e347654b60;  1 drivers
v0x55e347640130_0 .net "mem_rdata", 23 0, L_0x55e347651060;  1 drivers
v0x55e3476401f0_0 .net "mem_wdata", 23 0, L_0x55e347656d20;  1 drivers
v0x55e347640290_0 .net "mem_we", 0 0, L_0x55e3476558d0;  1 drivers
v0x55e3476403c0_0 .net "mmio_rdata", 23 0, v0x55e34763e870_0;  1 drivers
v0x55e347640460_0 .net "mmio_we", 0 0, L_0x55e3475fce30;  1 drivers
v0x55e347640530_0 .net "ram_rdata", 23 0, v0x55e34763f890_0;  1 drivers
v0x55e347640600_0 .net "ram_we", 0 0, L_0x55e3475fddc0;  1 drivers
v0x55e3476406d0_0 .net "rst", 0 0, v0x55e347640ac0_0;  1 drivers
v0x55e347640770_0 .net "uart_rx", 0 0, v0x55e347640b60_0;  1 drivers
v0x55e347640810_0 .net "uart_tx", 0 0, L_0x55e3476570b0;  alias, 1 drivers
L_0x55e347650d00 .cmp/ge 16, L_0x55e347654b60, L_0x7f1ced5b7018;
L_0x55e347650df0 .reduce/nor L_0x55e347650d00;
L_0x55e347651060 .functor MUXZ 24, v0x55e34763f890_0, v0x55e34763e870_0, v0x55e34763ff10_0, C4<>;
L_0x55e3476553b0 .part L_0x55e347654b60, 0, 14;
S_0x55e347630ca0 .scope module, "u_cpu" "cpu" 3 53, 4 6 0, S_0x55e347630a00;
 .timescale -9 -12;
    .port_info 0 /INPUT 1 "clk";
    .port_info 1 /INPUT 1 "rst";
    .port_info 2 /OUTPUT 16 "mem_addr";
    .port_info 3 /OUTPUT 24 "mem_wdata";
    .port_info 4 /INPUT 24 "mem_rdata";
    .port_info 5 /OUTPUT 1 "mem_we";
P_0x55e347630ea0 .param/l "NOP_INST" 1 4 18, C4<100000000000000000000000>;
L_0x55e3475f0090 .functor AND 1, v0x55e3476320a0_0, v0x55e34763a200_0, C4<1>, C4<1>;
L_0x55e3475f0d50 .functor OR 1, v0x55e34763a200_0, v0x55e34763a2c0_0, C4<0>, C4<0>;
L_0x55e3475ea560 .functor AND 1, v0x55e3476320a0_0, L_0x55e3475f0d50, C4<1>, C4<1>;
L_0x55e3475ccbe0 .functor AND 1, v0x55e34763b410_0, L_0x55e347652f50, C4<1>, C4<1>;
L_0x55e34760ec90 .functor AND 1, L_0x55e3475ccbe0, L_0x55e347653110, C4<1>, C4<1>;
L_0x55e3476533a0 .functor AND 1, L_0x55e34760ec90, L_0x55e3476532b0, C4<1>, C4<1>;
L_0x55e347653650 .functor AND 1, v0x55e34763b410_0, L_0x55e3476534b0, C4<1>, C4<1>;
L_0x55e347653760 .functor AND 1, v0x55e34763bc40_0, L_0x55e3476536c0, C4<1>, C4<1>;
L_0x55e347653de0 .functor AND 1, v0x55e34763b410_0, L_0x55e347653cf0, C4<1>, C4<1>;
L_0x55e347653bc0 .functor AND 1, L_0x55e347653de0, L_0x55e347653ea0, C4<1>, C4<1>;
L_0x55e347654220 .functor AND 1, L_0x55e347653bc0, L_0x55e347654180, C4<1>, C4<1>;
L_0x55e347653fe0 .functor AND 1, v0x55e34763b410_0, L_0x55e347654330, C4<1>, C4<1>;
L_0x55e347654670 .functor AND 1, v0x55e34763bc40_0, L_0x55e3476545d0, C4<1>, C4<1>;
L_0x55e347654be0 .functor BUFZ 16, L_0x55e347653b20, C4<0000000000000000>, C4<0000000000000000>, C4<0000000000000000>;
L_0x55e347654e60 .functor AND 1, v0x55e3476320a0_0, v0x55e34763a080_0, C4<1>, C4<1>;
L_0x55e347654b60 .functor BUFZ 16, L_0x55e347654f60, C4<0000000000000000>, C4<0000000000000000>, C4<0000000000000000>;
L_0x55e347654cf0 .functor AND 1, v0x55e3476320a0_0, v0x55e34763a620_0, C4<1>, C4<1>;
L_0x55e3476552a0 .functor AND 1, L_0x55e347654cf0, L_0x55e347655200, C4<1>, C4<1>;
L_0x55e347655170 .functor OR 1, L_0x55e3476552a0, v0x55e34763b410_0, C4<0>, C4<0>;
L_0x55e3476558d0 .functor AND 1, v0x55e3476320a0_0, v0x55e34763a2c0_0, C4<1>, C4<1>;
v0x55e347637040_0 .net *"_ivl_10", 15 0, L_0x55e347652830;  1 drivers
v0x55e347637140_0 .net *"_ivl_101", 0 0, L_0x55e3476552a0;  1 drivers
v0x55e347637200_0 .net *"_ivl_107", 15 0, L_0x55e347655790;  1 drivers
v0x55e3476372c0_0 .net *"_ivl_15", 7 0, L_0x55e347652b00;  1 drivers
v0x55e3476373a0_0 .net *"_ivl_17", 7 0, L_0x55e347652ba0;  1 drivers
v0x55e3476374d0_0 .net *"_ivl_18", 15 0, L_0x55e347652cd0;  1 drivers
v0x55e3476375b0_0 .net *"_ivl_22", 0 0, L_0x55e347652f50;  1 drivers
v0x55e347637670_0 .net *"_ivl_25", 0 0, L_0x55e3475ccbe0;  1 drivers
L_0x7f1ced5b7258 .functor BUFT 1, C4<0000>, C4<0>, C4<0>, C4<0>;
v0x55e347637730_0 .net/2u *"_ivl_26", 3 0, L_0x7f1ced5b7258;  1 drivers
v0x55e347637810_0 .net *"_ivl_28", 0 0, L_0x55e347653110;  1 drivers
v0x55e3476378d0_0 .net *"_ivl_3", 0 0, L_0x55e3475f0d50;  1 drivers
v0x55e347637990_0 .net *"_ivl_31", 0 0, L_0x55e34760ec90;  1 drivers
L_0x7f1ced5b72a0 .functor BUFT 1, C4<1110>, C4<0>, C4<0>, C4<0>;
v0x55e347637a50_0 .net/2u *"_ivl_32", 3 0, L_0x7f1ced5b72a0;  1 drivers
v0x55e347637b30_0 .net *"_ivl_34", 0 0, L_0x55e3476532b0;  1 drivers
v0x55e347637bf0_0 .net *"_ivl_37", 0 0, L_0x55e3476533a0;  1 drivers
L_0x7f1ced5b72e8 .functor BUFT 1, C4<1101>, C4<0>, C4<0>, C4<0>;
v0x55e347637cb0_0 .net/2u *"_ivl_38", 3 0, L_0x7f1ced5b72e8;  1 drivers
v0x55e347637d90_0 .net *"_ivl_40", 0 0, L_0x55e3476534b0;  1 drivers
v0x55e347637e50_0 .net *"_ivl_43", 0 0, L_0x55e347653650;  1 drivers
v0x55e347637f10_0 .net *"_ivl_44", 0 0, L_0x55e3476536c0;  1 drivers
v0x55e347637fd0_0 .net *"_ivl_47", 0 0, L_0x55e347653760;  1 drivers
v0x55e347638090_0 .net *"_ivl_48", 15 0, L_0x55e347653870;  1 drivers
v0x55e347638170_0 .net *"_ivl_50", 15 0, L_0x55e347653990;  1 drivers
v0x55e347638250_0 .net *"_ivl_54", 0 0, L_0x55e347653cf0;  1 drivers
v0x55e347638310_0 .net *"_ivl_57", 0 0, L_0x55e347653de0;  1 drivers
L_0x7f1ced5b7330 .functor BUFT 1, C4<0000>, C4<0>, C4<0>, C4<0>;
v0x55e3476383d0_0 .net/2u *"_ivl_58", 3 0, L_0x7f1ced5b7330;  1 drivers
v0x55e3476384b0_0 .net *"_ivl_60", 0 0, L_0x55e347653ea0;  1 drivers
v0x55e347638570_0 .net *"_ivl_63", 0 0, L_0x55e347653bc0;  1 drivers
L_0x7f1ced5b7378 .functor BUFT 1, C4<1110>, C4<0>, C4<0>, C4<0>;
v0x55e347638630_0 .net/2u *"_ivl_64", 3 0, L_0x7f1ced5b7378;  1 drivers
v0x55e347638710_0 .net *"_ivl_66", 0 0, L_0x55e347654180;  1 drivers
v0x55e3476387d0_0 .net *"_ivl_69", 0 0, L_0x55e347654220;  1 drivers
v0x55e347638890_0 .net *"_ivl_7", 7 0, L_0x55e3476526f0;  1 drivers
L_0x7f1ced5b73c0 .functor BUFT 1, C4<1101>, C4<0>, C4<0>, C4<0>;
v0x55e347638970_0 .net/2u *"_ivl_70", 3 0, L_0x7f1ced5b73c0;  1 drivers
v0x55e347638a50_0 .net *"_ivl_72", 0 0, L_0x55e347654330;  1 drivers
v0x55e347638d20_0 .net *"_ivl_75", 0 0, L_0x55e347653fe0;  1 drivers
v0x55e347638de0_0 .net *"_ivl_76", 0 0, L_0x55e3476545d0;  1 drivers
v0x55e347638ea0_0 .net *"_ivl_79", 0 0, L_0x55e347654670;  1 drivers
v0x55e347638f60_0 .net *"_ivl_80", 15 0, L_0x55e347654780;  1 drivers
v0x55e347639040_0 .net *"_ivl_82", 15 0, L_0x55e3476548e0;  1 drivers
v0x55e347639120_0 .net *"_ivl_9", 7 0, L_0x55e347652790;  1 drivers
v0x55e347639200_0 .net *"_ivl_97", 0 0, L_0x55e347654cf0;  1 drivers
v0x55e3476392c0_0 .net *"_ivl_99", 0 0, L_0x55e347655200;  1 drivers
v0x55e347639380_0 .net "alu_in_a", 15 0, L_0x55e347654be0;  1 drivers
v0x55e347639440_0 .net "alu_in_b", 15 0, L_0x55e347654d70;  1 drivers
v0x55e3476394e0_0 .net "alu_result", 15 0, v0x55e347631920_0;  1 drivers
v0x55e347639580_0 .net "cf", 0 0, v0x55e347631450_0;  1 drivers
v0x55e347639620_0 .net "clk", 0 0, v0x55e347640920_0;  alias, 1 drivers
v0x55e3476396c0_0 .var "data_access_q", 0 0;
v0x55e347639760_0 .net "ex_cond_match", 0 0, v0x55e3476320a0_0;  1 drivers
v0x55e347639800_0 .net "ex_is_mem_access", 0 0, L_0x55e3475ea560;  1 drivers
v0x55e3476398a0_0 .net "fwd_data_a", 15 0, L_0x55e347653b20;  1 drivers
v0x55e347639940_0 .net "fwd_data_b", 15 0, L_0x55e347654a70;  1 drivers
v0x55e347639a20_0 .net "fwd_r13_a", 15 0, L_0x55e347652970;  1 drivers
v0x55e347639b00_0 .net "fwd_r13_b", 15 0, L_0x55e347652dc0;  1 drivers
v0x55e347639be0_0 .net "id_alu_funct", 2 0, v0x55e347633540_0;  1 drivers
v0x55e347639ca0_0 .net "id_alu_src_imm", 0 0, L_0x55e3475fa680;  1 drivers
v0x55e347639d70_0 .net "id_cond", 2 0, L_0x55e3476511f0;  1 drivers
v0x55e347639e40_0 .var "id_ex_alu_funct", 2 0;
v0x55e347639f10_0 .var "id_ex_alu_src_imm", 0 0;
v0x55e347639fb0_0 .var "id_ex_cond", 2 0;
v0x55e34763a080_0 .var "id_ex_flag_write", 0 0;
v0x55e34763a120_0 .var "id_ex_imm", 15 0;
v0x55e34763a200_0 .var "id_ex_is_load", 0 0;
v0x55e34763a2c0_0 .var "id_ex_is_store", 0 0;
v0x55e34763a380_0 .var "id_ex_rd", 3 0;
v0x55e34763a460_0 .var "id_ex_rddata_a", 15 0;
v0x55e34763a540_0 .var "id_ex_rddata_b", 15 0;
v0x55e34763a620_0 .var "id_ex_reg_write", 0 0;
v0x55e34763a6e0_0 .var "id_ex_rs1", 3 0;
v0x55e34763a7c0_0 .var "id_ex_rs2", 3 0;
v0x55e34763a8a0_0 .net "id_flag_write", 0 0, L_0x55e3475eec00;  1 drivers
v0x55e34763a970_0 .net "id_imm", 15 0, v0x55e347633880_0;  1 drivers
v0x55e34763aa40_0 .net "id_is_alu_imm", 0 0, L_0x55e347651780;  1 drivers
v0x55e34763ab10_0 .net "id_is_alu_reg", 0 0, L_0x55e347651690;  1 drivers
v0x55e34763abe0_0 .net "id_is_load", 0 0, L_0x55e3475fb7f0;  1 drivers
v0x55e34763acb0_0 .net "id_is_store", 0 0, L_0x55e3475f6fc0;  1 drivers
v0x55e34763ad80_0 .net "id_op", 1 0, L_0x55e347651350;  1 drivers
v0x55e34763ae50_0 .net "id_rd", 3 0, L_0x55e347651440;  1 drivers
v0x55e34763af20_0 .net "id_rddata_a", 15 0, L_0x55e3476560a0;  1 drivers
v0x55e34763aff0_0 .net "id_rddata_b", 15 0, L_0x55e347656980;  1 drivers
v0x55e34763b0c0_0 .net "id_reg_write", 0 0, L_0x55e3475ee7a0;  1 drivers
v0x55e34763b190_0 .net "id_rs1", 3 0, L_0x55e3476515c0;  1 drivers
v0x55e34763b280_0 .net "id_rs2", 3 0, L_0x55e3476521e0;  1 drivers
v0x55e34763b370_0 .var "if_id_ir", 23 0;
v0x55e34763b410_0 .var "load_active_q", 0 0;
v0x55e34763b4b0_0 .var "load_rd_q", 3 0;
v0x55e34763b550_0 .net "load_stall", 0 0, L_0x55e3475f0090;  1 drivers
v0x55e34763b5f0_0 .net "mem_addr", 15 0, L_0x55e347654b60;  alias, 1 drivers
v0x55e34763b690_0 .net "mem_rdata", 23 0, L_0x55e347651060;  alias, 1 drivers
v0x55e34763b770_0 .net "mem_wdata", 23 0, L_0x55e347656d20;  alias, 1 drivers
v0x55e34763b850_0 .net "mem_we", 0 0, L_0x55e3476558d0;  alias, 1 drivers
v0x55e34763b910_0 .net "nf", 0 0, v0x55e3476314f0_0;  1 drivers
v0x55e347636250_15 .array/port v0x55e347636250, 15;
v0x55e34763b9b0_0 .net "pc", 15 0, v0x55e347636250_15;  1 drivers
v0x55e34763baa0_0 .var "prev_wtaddr", 3 0;
v0x55e34763bb60_0 .var "prev_wtdata", 15 0;
v0x55e34763bc40_0 .var "prev_wtenable", 0 0;
v0x55e34763bd00_0 .net "rst", 0 0, v0x55e347640ac0_0;  alias, 1 drivers
v0x55e34763bdf0_0 .net "shared_addr", 15 0, L_0x55e347654f60;  1 drivers
v0x55e34763bed0_0 .net "topout", 7 0, L_0x55e347656b90;  1 drivers
v0x55e34763bf90_0 .net "wtaddr", 3 0, L_0x55e347655600;  1 drivers
v0x55e34763c060_0 .net "wtdata", 15 0, L_0x55e347655830;  1 drivers
v0x55e34763c130_0 .net "wtenable", 0 0, L_0x55e347655170;  1 drivers
v0x55e34763c200_0 .net "zf", 0 0, v0x55e3476315b0_0;  1 drivers
L_0x55e3476526f0 .part v0x55e34763a460_0, 8, 8;
L_0x55e347652790 .part L_0x55e347651060, 16, 8;
L_0x55e347652830 .concat [ 8 8 0 0], L_0x55e347652790, L_0x55e3476526f0;
L_0x55e347652970 .functor MUXZ 16, v0x55e34763a460_0, L_0x55e347652830, v0x55e34763b410_0, C4<>;
L_0x55e347652b00 .part v0x55e34763a540_0, 8, 8;
L_0x55e347652ba0 .part L_0x55e347651060, 16, 8;
L_0x55e347652cd0 .concat [ 8 8 0 0], L_0x55e347652ba0, L_0x55e347652b00;
L_0x55e347652dc0 .functor MUXZ 16, v0x55e34763a540_0, L_0x55e347652cd0, v0x55e34763b410_0, C4<>;
L_0x55e347652f50 .cmp/eq 4, v0x55e34763b4b0_0, v0x55e34763a6e0_0;
L_0x55e347653110 .cmp/ne 4, v0x55e34763a6e0_0, L_0x7f1ced5b7258;
L_0x55e3476532b0 .cmp/ne 4, v0x55e34763a6e0_0, L_0x7f1ced5b72a0;
L_0x55e3476534b0 .cmp/eq 4, v0x55e34763a6e0_0, L_0x7f1ced5b72e8;
L_0x55e3476536c0 .cmp/eq 4, v0x55e34763baa0_0, v0x55e34763a6e0_0;
L_0x55e347653870 .functor MUXZ 16, v0x55e34763a460_0, v0x55e34763bb60_0, L_0x55e347653760, C4<>;
L_0x55e347653990 .functor MUXZ 16, L_0x55e347653870, L_0x55e347652970, L_0x55e347653650, C4<>;
L_0x55e347653b20 .functor MUXZ 16, L_0x55e347653990, L_0x55e347655830, L_0x55e3476533a0, C4<>;
L_0x55e347653cf0 .cmp/eq 4, v0x55e34763b4b0_0, v0x55e34763a7c0_0;
L_0x55e347653ea0 .cmp/ne 4, v0x55e34763a7c0_0, L_0x7f1ced5b7330;
L_0x55e347654180 .cmp/ne 4, v0x55e34763a7c0_0, L_0x7f1ced5b7378;
L_0x55e347654330 .cmp/eq 4, v0x55e34763a7c0_0, L_0x7f1ced5b73c0;
L_0x55e3476545d0 .cmp/eq 4, v0x55e34763baa0_0, v0x55e34763a7c0_0;
L_0x55e347654780 .functor MUXZ 16, v0x55e34763a540_0, v0x55e34763bb60_0, L_0x55e347654670, C4<>;
L_0x55e3476548e0 .functor MUXZ 16, L_0x55e347654780, L_0x55e347652dc0, L_0x55e347653fe0, C4<>;
L_0x55e347654a70 .functor MUXZ 16, L_0x55e3476548e0, L_0x55e347655830, L_0x55e347654220, C4<>;
L_0x55e347654d70 .functor MUXZ 16, L_0x55e347654a70, v0x55e34763a120_0, v0x55e347639f10_0, C4<>;
L_0x55e347654f60 .functor MUXZ 16, v0x55e347636250_15, v0x55e347631920_0, L_0x55e3475ea560, C4<>;
L_0x55e347655200 .reduce/nor v0x55e34763a200_0;
L_0x55e347655600 .functor MUXZ 4, v0x55e34763a380_0, v0x55e34763b4b0_0, v0x55e34763b410_0, C4<>;
L_0x55e347655790 .part L_0x55e347651060, 0, 16;
L_0x55e347655830 .functor MUXZ 16, v0x55e347631920_0, L_0x55e347655790, v0x55e34763b410_0, C4<>;
L_0x55e347656c80 .part L_0x55e347651060, 16, 8;
L_0x55e347656d20 .concat [ 16 8 0 0], L_0x55e347654a70, L_0x55e347656b90;
S_0x55e347631030 .scope module, "u_alu" "alu" 4 182, 5 1 0, S_0x55e347630ca0;
 .timescale -9 -12;
    .port_info 0 /INPUT 1 "clk";
    .port_info 1 /INPUT 1 "rst";
    .port_info 2 /INPUT 1 "flag_en";
    .port_info 3 /INPUT 16 "A";
    .port_info 4 /INPUT 16 "B";
    .port_info 5 /INPUT 3 "funct";
    .port_info 6 /OUTPUT 16 "result";
    .port_info 7 /OUTPUT 1 "Z";
    .port_info 8 /OUTPUT 1 "C";
    .port_info 9 /OUTPUT 1 "N";
v0x55e347631270_0 .net "A", 15 0, L_0x55e347654be0;  alias, 1 drivers
v0x55e347631370_0 .net "B", 15 0, L_0x55e347654d70;  alias, 1 drivers
v0x55e347631450_0 .var "C", 0 0;
v0x55e3476314f0_0 .var "N", 0 0;
v0x55e3476315b0_0 .var "Z", 0 0;
v0x55e3476316c0_0 .net "clk", 0 0, v0x55e347640920_0;  alias, 1 drivers
v0x55e347631780_0 .net "flag_en", 0 0, L_0x55e347654e60;  1 drivers
v0x55e347631840_0 .net "funct", 2 0, v0x55e347639e40_0;  1 drivers
v0x55e347631920_0 .var "result", 15 0;
v0x55e347631a90_0 .net "rst", 0 0, v0x55e347640ac0_0;  alias, 1 drivers
v0x55e347631b50_0 .var "temp", 16 0;
E_0x55e347574800 .event posedge, v0x55e347631a90_0, v0x55e3476316c0_0;
E_0x55e347572da0/0 .event anyedge, v0x55e347631840_0, v0x55e347631270_0, v0x55e347631370_0, v0x55e347631b50_0;
E_0x55e347572da0/1 .event anyedge, v0x55e347631450_0;
E_0x55e347572da0 .event/or E_0x55e347572da0/0, E_0x55e347572da0/1;
S_0x55e347631d70 .scope module, "u_cond_check" "cond_check" 4 152, 6 1 0, S_0x55e347630ca0;
 .timescale -9 -12;
    .port_info 0 /INPUT 3 "cond";
    .port_info 1 /INPUT 1 "zf";
    .port_info 2 /INPUT 1 "cf";
    .port_info 3 /INPUT 1 "nf";
    .port_info 4 /OUTPUT 1 "match";
v0x55e347631f20_0 .net "cf", 0 0, v0x55e347631450_0;  alias, 1 drivers
v0x55e347631fe0_0 .net "cond", 2 0, v0x55e347639fb0_0;  1 drivers
v0x55e3476320a0_0 .var "match", 0 0;
v0x55e347632140_0 .net "nf", 0 0, v0x55e3476314f0_0;  alias, 1 drivers
v0x55e3476321e0_0 .net "zf", 0 0, v0x55e3476315b0_0;  alias, 1 drivers
E_0x55e347573210 .event anyedge, v0x55e347631fe0_0, v0x55e3476315b0_0, v0x55e347631450_0, v0x55e3476314f0_0;
S_0x55e347632330 .scope module, "u_decoder" "decoder" 4 47, 7 1 0, S_0x55e347630ca0;
 .timescale -9 -12;
    .port_info 0 /INPUT 24 "inst";
    .port_info 1 /OUTPUT 3 "cond";
    .port_info 2 /OUTPUT 2 "op";
    .port_info 3 /OUTPUT 4 "rd";
    .port_info 4 /OUTPUT 4 "rs1";
    .port_info 5 /OUTPUT 4 "rs2";
    .port_info 6 /OUTPUT 16 "imm";
    .port_info 7 /OUTPUT 3 "alu_funct";
    .port_info 8 /OUTPUT 1 "is_alu_reg";
    .port_info 9 /OUTPUT 1 "is_alu_imm";
    .port_info 10 /OUTPUT 1 "is_load";
    .port_info 11 /OUTPUT 1 "is_store";
    .port_info 12 /OUTPUT 1 "alu_src_imm";
    .port_info 13 /OUTPUT 1 "reg_write";
    .port_info 14 /OUTPUT 1 "flag_write";
L_0x7f1ced5b7138 .functor BUFT 1, C4<0>, C4<0>, C4<0>, C4<0>;
L_0x55e3475fb3b0 .functor XNOR 1, L_0x55e347651a30, L_0x7f1ced5b7138, C4<0>, C4<0>;
L_0x55e3475fb7f0 .functor AND 1, L_0x55e347651940, L_0x55e3475fb3b0, C4<1>, C4<1>;
L_0x7f1ced5b71c8 .functor BUFT 1, C4<1>, C4<0>, C4<0>, C4<0>;
L_0x55e3475f67a0 .functor XNOR 1, L_0x55e347651df0, L_0x7f1ced5b71c8, C4<0>, C4<0>;
L_0x55e3475f6fc0 .functor AND 1, L_0x55e347651d00, L_0x55e3475f67a0, C4<1>, C4<1>;
L_0x55e3475fa680 .functor OR 1, L_0x55e347651780, L_0x55e3476522f0, C4<0>, C4<0>;
L_0x55e3475ee140 .functor OR 1, L_0x55e347651690, L_0x55e347651780, C4<0>, C4<0>;
L_0x55e3475ee7a0 .functor OR 1, L_0x55e3475ee140, L_0x55e3475fb7f0, C4<0>, C4<0>;
L_0x55e3475eec00 .functor OR 1, L_0x55e347651690, L_0x55e347651780, C4<0>, C4<0>;
L_0x7f1ced5b70a8 .functor BUFT 1, C4<01>, C4<0>, C4<0>, C4<0>;
v0x55e347632720_0 .net/2u *"_ivl_12", 1 0, L_0x7f1ced5b70a8;  1 drivers
L_0x7f1ced5b70f0 .functor BUFT 1, C4<11>, C4<0>, C4<0>, C4<0>;
v0x55e347632820_0 .net/2u *"_ivl_16", 1 0, L_0x7f1ced5b70f0;  1 drivers
v0x55e347632900_0 .net *"_ivl_18", 0 0, L_0x55e347651940;  1 drivers
v0x55e3476329a0_0 .net *"_ivl_21", 0 0, L_0x55e347651a30;  1 drivers
v0x55e347632a80_0 .net/2u *"_ivl_22", 0 0, L_0x7f1ced5b7138;  1 drivers
v0x55e347632bb0_0 .net *"_ivl_24", 0 0, L_0x55e3475fb3b0;  1 drivers
L_0x7f1ced5b7180 .functor BUFT 1, C4<11>, C4<0>, C4<0>, C4<0>;
v0x55e347632c70_0 .net/2u *"_ivl_28", 1 0, L_0x7f1ced5b7180;  1 drivers
v0x55e347632d50_0 .net *"_ivl_30", 0 0, L_0x55e347651d00;  1 drivers
v0x55e347632e10_0 .net *"_ivl_33", 0 0, L_0x55e347651df0;  1 drivers
v0x55e347632f80_0 .net/2u *"_ivl_34", 0 0, L_0x7f1ced5b71c8;  1 drivers
v0x55e347633060_0 .net *"_ivl_36", 0 0, L_0x55e3475f67a0;  1 drivers
v0x55e347633120_0 .net *"_ivl_41", 3 0, L_0x55e347652030;  1 drivers
L_0x7f1ced5b7210 .functor BUFT 1, C4<11>, C4<0>, C4<0>, C4<0>;
v0x55e347633200_0 .net/2u *"_ivl_44", 1 0, L_0x7f1ced5b7210;  1 drivers
v0x55e3476332e0_0 .net *"_ivl_46", 0 0, L_0x55e3476522f0;  1 drivers
v0x55e3476333a0_0 .net *"_ivl_51", 0 0, L_0x55e3475ee140;  1 drivers
L_0x7f1ced5b7060 .functor BUFT 1, C4<00>, C4<0>, C4<0>, C4<0>;
v0x55e347633460_0 .net/2u *"_ivl_8", 1 0, L_0x7f1ced5b7060;  1 drivers
v0x55e347633540_0 .var "alu_funct", 2 0;
v0x55e347633620_0 .net "alu_src_imm", 0 0, L_0x55e3475fa680;  alias, 1 drivers
v0x55e3476336e0_0 .net "cond", 2 0, L_0x55e3476511f0;  alias, 1 drivers
v0x55e3476337c0_0 .net "flag_write", 0 0, L_0x55e3475eec00;  alias, 1 drivers
v0x55e347633880_0 .var "imm", 15 0;
v0x55e347633960_0 .net "inst", 23 0, v0x55e34763b370_0;  1 drivers
v0x55e347633a40_0 .net "is_alu_imm", 0 0, L_0x55e347651780;  alias, 1 drivers
v0x55e347633b00_0 .net "is_alu_reg", 0 0, L_0x55e347651690;  alias, 1 drivers
v0x55e347633bc0_0 .net "is_load", 0 0, L_0x55e3475fb7f0;  alias, 1 drivers
v0x55e347633c80_0 .net "is_store", 0 0, L_0x55e3475f6fc0;  alias, 1 drivers
v0x55e347633d40_0 .net "op", 1 0, L_0x55e347651350;  alias, 1 drivers
v0x55e347633e20_0 .net "rd", 3 0, L_0x55e347651440;  alias, 1 drivers
v0x55e347633f00_0 .net "reg_write", 0 0, L_0x55e3475ee7a0;  alias, 1 drivers
v0x55e347633fc0_0 .net "rs1", 3 0, L_0x55e3476515c0;  alias, 1 drivers
v0x55e3476340a0_0 .net "rs2", 3 0, L_0x55e3476521e0;  alias, 1 drivers
E_0x55e3475740f0 .event anyedge, v0x55e347633d40_0, v0x55e347633960_0;
L_0x55e3476511f0 .part v0x55e34763b370_0, 21, 3;
L_0x55e347651350 .part v0x55e34763b370_0, 19, 2;
L_0x55e347651440 .part v0x55e34763b370_0, 15, 4;
L_0x55e3476515c0 .part v0x55e34763b370_0, 11, 4;
L_0x55e347651690 .cmp/eq 2, L_0x55e347651350, L_0x7f1ced5b7060;
L_0x55e347651780 .cmp/eq 2, L_0x55e347651350, L_0x7f1ced5b70a8;
L_0x55e347651940 .cmp/eq 2, L_0x55e347651350, L_0x7f1ced5b70f0;
L_0x55e347651a30 .part v0x55e34763b370_0, 1, 1;
L_0x55e347651d00 .cmp/eq 2, L_0x55e347651350, L_0x7f1ced5b7180;
L_0x55e347651df0 .part v0x55e34763b370_0, 1, 1;
L_0x55e347652030 .part v0x55e34763b370_0, 7, 4;
L_0x55e3476521e0 .functor MUXZ 4, L_0x55e347652030, L_0x55e347651440, L_0x55e3475f6fc0, C4<>;
L_0x55e3476522f0 .cmp/eq 2, L_0x55e347651350, L_0x7f1ced5b7210;
S_0x55e347634360 .scope module, "u_regfile" "regfile" 4 255, 8 1 0, S_0x55e347630ca0;
 .timescale -9 -12;
    .port_info 0 /INPUT 1 "clk";
    .port_info 1 /INPUT 1 "rst";
    .port_info 2 /INPUT 1 "zf";
    .port_info 3 /INPUT 1 "cf";
    .port_info 4 /INPUT 1 "nf";
    .port_info 5 /INPUT 16 "wtdata";
    .port_info 6 /INPUT 1 "wtenable";
    .port_info 7 /INPUT 4 "wtaddr";
    .port_info 8 /INPUT 8 "topin";
    .port_info 9 /INPUT 1 "topenable";
    .port_info 10 /OUTPUT 8 "topout";
    .port_info 11 /INPUT 4 "rdaddr_a";
    .port_info 12 /INPUT 4 "rdaddr_b";
    .port_info 13 /OUTPUT 16 "rddata_a";
    .port_info 14 /OUTPUT 16 "rddata_b";
    .port_info 15 /OUTPUT 16 "pc";
    .port_info 16 /INPUT 1 "pc_hold";
v0x55e347634720_0 .net *"_ivl_11", 0 0, L_0x55e347655b70;  1 drivers
L_0x7f1ced5b74e0 .functor BUFT 1, C4<0000000000000>, C4<0>, C4<0>, C4<0>;
v0x55e347634800_0 .net/2u *"_ivl_13", 12 0, L_0x7f1ced5b74e0;  1 drivers
v0x55e3476348e0_0 .net *"_ivl_15", 15 0, L_0x55e347655c10;  1 drivers
v0x55e3476349a0_0 .net *"_ivl_17", 15 0, L_0x55e347655dd0;  1 drivers
v0x55e347634a80_0 .net *"_ivl_19", 5 0, L_0x55e347655e70;  1 drivers
L_0x7f1ced5b7528 .functor BUFT 1, C4<00>, C4<0>, C4<0>, C4<0>;
v0x55e347634bb0_0 .net *"_ivl_22", 1 0, L_0x7f1ced5b7528;  1 drivers
v0x55e347634c90_0 .net *"_ivl_23", 15 0, L_0x55e347655f10;  1 drivers
L_0x7f1ced5b7570 .functor BUFT 1, C4<0000>, C4<0>, C4<0>, C4<0>;
v0x55e347634d70_0 .net/2u *"_ivl_27", 3 0, L_0x7f1ced5b7570;  1 drivers
v0x55e347634e50_0 .net *"_ivl_29", 0 0, L_0x55e347656280;  1 drivers
L_0x7f1ced5b7408 .functor BUFT 1, C4<0000>, C4<0>, C4<0>, C4<0>;
v0x55e347634fa0_0 .net/2u *"_ivl_3", 3 0, L_0x7f1ced5b7408;  1 drivers
L_0x7f1ced5b75b8 .functor BUFT 1, C4<0000000000000000>, C4<0>, C4<0>, C4<0>;
v0x55e347635080_0 .net/2u *"_ivl_31", 15 0, L_0x7f1ced5b75b8;  1 drivers
L_0x7f1ced5b7600 .functor BUFT 1, C4<1110>, C4<0>, C4<0>, C4<0>;
v0x55e347635160_0 .net/2u *"_ivl_33", 3 0, L_0x7f1ced5b7600;  1 drivers
v0x55e347635240_0 .net *"_ivl_35", 0 0, L_0x55e347656400;  1 drivers
L_0x7f1ced5b7648 .functor BUFT 1, C4<0000000000000>, C4<0>, C4<0>, C4<0>;
v0x55e347635300_0 .net/2u *"_ivl_37", 12 0, L_0x7f1ced5b7648;  1 drivers
v0x55e3476353e0_0 .net *"_ivl_39", 15 0, L_0x55e3476564f0;  1 drivers
v0x55e3476354c0_0 .net *"_ivl_41", 15 0, L_0x55e347656640;  1 drivers
v0x55e3476355a0_0 .net *"_ivl_43", 5 0, L_0x55e3476566e0;  1 drivers
L_0x7f1ced5b7690 .functor BUFT 1, C4<00>, C4<0>, C4<0>, C4<0>;
v0x55e347635680_0 .net *"_ivl_46", 1 0, L_0x7f1ced5b7690;  1 drivers
v0x55e347635760_0 .net *"_ivl_47", 15 0, L_0x55e3476567f0;  1 drivers
v0x55e347635840_0 .net *"_ivl_5", 0 0, L_0x55e3476556a0;  1 drivers
L_0x7f1ced5b7450 .functor BUFT 1, C4<0000000000000000>, C4<0>, C4<0>, C4<0>;
v0x55e347635900_0 .net/2u *"_ivl_7", 15 0, L_0x7f1ced5b7450;  1 drivers
L_0x7f1ced5b7498 .functor BUFT 1, C4<1110>, C4<0>, C4<0>, C4<0>;
v0x55e3476359e0_0 .net/2u *"_ivl_9", 3 0, L_0x7f1ced5b7498;  1 drivers
v0x55e347635ac0_0 .net "cf", 0 0, v0x55e347631450_0;  alias, 1 drivers
v0x55e347635b60_0 .net "clk", 0 0, v0x55e347640920_0;  alias, 1 drivers
v0x55e347635c00_0 .var/i "i", 31 0;
v0x55e347635cc0_0 .net "nf", 0 0, v0x55e3476314f0_0;  alias, 1 drivers
v0x55e347635db0_0 .net "pc", 15 0, v0x55e347636250_15;  alias, 1 drivers
v0x55e347635e90_0 .net "pc_hold", 0 0, L_0x55e3475ea560;  alias, 1 drivers
v0x55e347635f50_0 .net "rdaddr_a", 3 0, L_0x55e3476515c0;  alias, 1 drivers
v0x55e347636010_0 .net "rdaddr_b", 3 0, L_0x55e3476521e0;  alias, 1 drivers
v0x55e3476360b0_0 .net "rddata_a", 15 0, L_0x55e3476560a0;  alias, 1 drivers
v0x55e347636170_0 .net "rddata_b", 15 0, L_0x55e347656980;  alias, 1 drivers
v0x55e347636250 .array "regs", 15 0, 15 0;
v0x55e347636720_0 .net "rst", 0 0, v0x55e347640ac0_0;  alias, 1 drivers
v0x55e3476367c0_0 .net "topenable", 0 0, v0x55e34763b410_0;  1 drivers
v0x55e347636860_0 .net "topin", 7 0, L_0x55e347656c80;  1 drivers
v0x55e347636940_0 .net "topout", 7 0, L_0x55e347656b90;  alias, 1 drivers
v0x55e347636a20_0 .net "wtaddr", 3 0, L_0x55e347655600;  alias, 1 drivers
v0x55e347636b00_0 .net "wtdata", 15 0, L_0x55e347655830;  alias, 1 drivers
v0x55e347636be0_0 .net "wtenable", 0 0, L_0x55e347655170;  alias, 1 drivers
v0x55e347636ca0_0 .net "zf", 0 0, v0x55e3476315b0_0;  alias, 1 drivers
L_0x55e3476556a0 .cmp/eq 4, L_0x55e3476515c0, L_0x7f1ced5b7408;
L_0x55e347655b70 .cmp/eq 4, L_0x55e3476515c0, L_0x7f1ced5b7498;
L_0x55e347655c10 .concat [ 1 1 1 13], v0x55e3476315b0_0, v0x55e347631450_0, v0x55e3476314f0_0, L_0x7f1ced5b74e0;
L_0x55e347655dd0 .array/port v0x55e347636250, L_0x55e347655e70;
L_0x55e347655e70 .concat [ 4 2 0 0], L_0x55e3476515c0, L_0x7f1ced5b7528;
L_0x55e347655f10 .functor MUXZ 16, L_0x55e347655dd0, L_0x55e347655c10, L_0x55e347655b70, C4<>;
L_0x55e3476560a0 .functor MUXZ 16, L_0x55e347655f10, L_0x7f1ced5b7450, L_0x55e3476556a0, C4<>;
L_0x55e347656280 .cmp/eq 4, L_0x55e3476521e0, L_0x7f1ced5b7570;
L_0x55e347656400 .cmp/eq 4, L_0x55e3476521e0, L_0x7f1ced5b7600;
L_0x55e3476564f0 .concat [ 1 1 1 13], v0x55e3476315b0_0, v0x55e347631450_0, v0x55e3476314f0_0, L_0x7f1ced5b7648;
L_0x55e347656640 .array/port v0x55e347636250, L_0x55e3476566e0;
L_0x55e3476566e0 .concat [ 4 2 0 0], L_0x55e3476521e0, L_0x7f1ced5b7690;
L_0x55e3476567f0 .functor MUXZ 16, L_0x55e347656640, L_0x55e3476564f0, L_0x55e347656400, C4<>;
L_0x55e347656980 .functor MUXZ 16, L_0x55e3476567f0, L_0x7f1ced5b75b8, L_0x55e347656280, C4<>;
v0x55e347636250_13 .array/port v0x55e347636250, 13;
L_0x55e347656b90 .part v0x55e347636250_13, 0, 8;
S_0x55e34763c320 .scope module, "u_mmio" "mmio" 3 81, 9 14 0, S_0x55e347630a00;
 .timescale -9 -12;
    .port_info 0 /INPUT 1 "clk";
    .port_info 1 /INPUT 1 "rst";
    .port_info 2 /INPUT 16 "addr";
    .port_info 3 /INPUT 24 "wdata";
    .port_info 4 /OUTPUT 24 "rdata";
    .port_info 5 /INPUT 1 "we";
    .port_info 6 /INPUT 1 "uart_rx";
    .port_info 7 /OUTPUT 1 "uart_tx";
P_0x55e34763c520 .param/l "ADDR_UART_DATA" 1 9 32, C4<1111111100000000>;
P_0x55e34763c560 .param/l "ADDR_UART_STATUS" 1 9 33, C4<1111111100000001>;
P_0x55e34763c5a0 .param/l "CLKS_PER_BIT" 0 9 15, +C4<00000000000000000000000000001010>;
v0x55e34763e6f0_0 .net "addr", 15 0, L_0x55e347654b60;  alias, 1 drivers
v0x55e34763e7d0_0 .net "clk", 0 0, v0x55e347640920_0;  alias, 1 drivers
v0x55e34763e870_0 .var "rdata", 23 0;
v0x55e34763e940_0 .net "rst", 0 0, v0x55e347640ac0_0;  alias, 1 drivers
v0x55e34763ea70_0 .var "rx_clear", 0 0;
v0x55e34763eb10_0 .net "rx_data", 7 0, v0x55e34763d660_0;  1 drivers
v0x55e34763ebe0_0 .net "rx_ready", 0 0, v0x55e34763d740_0;  1 drivers
v0x55e34763ecb0_0 .net "tx_busy", 0 0, L_0x55e3476571b0;  1 drivers
v0x55e34763ed80_0 .net "tx_data", 7 0, L_0x55e347657010;  1 drivers
v0x55e34763eee0_0 .net "tx_done", 0 0, v0x55e34763dea0_0;  1 drivers
v0x55e34763efb0_0 .var "tx_start", 0 0;
v0x55e34763f080_0 .net "uart_rx", 0 0, v0x55e347640b60_0;  alias, 1 drivers
v0x55e34763f150_0 .net "uart_tx", 0 0, L_0x55e3476570b0;  alias, 1 drivers
v0x55e34763f220_0 .net "wdata", 23 0, L_0x55e347656d20;  alias, 1 drivers
v0x55e34763f2f0_0 .net "we", 0 0, L_0x55e3475fce30;  alias, 1 drivers
L_0x55e347657010 .part L_0x55e347656d20, 0, 8;
S_0x55e34763c780 .scope module, "u_uart" "uart" 9 48, 10 11 0, S_0x55e34763c320;
 .timescale -9 -12;
    .port_info 0 /INPUT 1 "clk";
    .port_info 1 /INPUT 1 "rst";
    .port_info 2 /INPUT 8 "tx_data";
    .port_info 3 /INPUT 1 "tx_start";
    .port_info 4 /OUTPUT 1 "uart_tx";
    .port_info 5 /OUTPUT 1 "tx_busy";
    .port_info 6 /OUTPUT 1 "tx_done";
    .port_info 7 /INPUT 1 "uart_rx";
    .port_info 8 /OUTPUT 8 "rx_data";
    .port_info 9 /OUTPUT 1 "rx_ready";
    .port_info 10 /INPUT 1 "rx_clear";
P_0x55e34763c980 .param/l "CLKS_PER_BIT" 0 10 12, +C4<00000000000000000000000000001010>;
P_0x55e34763c9c0 .param/l "RX_DATA" 1 10 117, C4<10>;
P_0x55e34763ca00 .param/l "RX_IDLE" 1 10 115, C4<00>;
P_0x55e34763ca40 .param/l "RX_START" 1 10 116, C4<01>;
P_0x55e34763ca80 .param/l "RX_STOP" 1 10 118, C4<11>;
P_0x55e34763cac0 .param/l "TX_DATA" 1 10 36, C4<10>;
P_0x55e34763cb00 .param/l "TX_IDLE" 1 10 34, C4<00>;
P_0x55e34763cb40 .param/l "TX_START" 1 10 35, C4<01>;
P_0x55e34763cb80 .param/l "TX_STOP" 1 10 37, C4<11>;
L_0x55e3476570b0 .functor BUFZ 1, v0x55e34763e070_0, C4<0>, C4<0>, C4<0>;
L_0x7f1ced5b76d8 .functor BUFT 1, C4<00>, C4<0>, C4<0>, C4<0>;
v0x55e34763d160_0 .net/2u *"_ivl_2", 1 0, L_0x7f1ced5b76d8;  1 drivers
v0x55e34763d240_0 .net "clk", 0 0, v0x55e347640920_0;  alias, 1 drivers
v0x55e34763d300_0 .net "rst", 0 0, v0x55e347640ac0_0;  alias, 1 drivers
v0x55e34763d3d0_0 .var "rx_bit_idx", 2 0;
v0x55e34763d470_0 .net "rx_clear", 0 0, v0x55e34763ea70_0;  1 drivers
v0x55e34763d580_0 .var "rx_clk_cnt", 15 0;
v0x55e34763d660_0 .var "rx_data", 7 0;
v0x55e34763d740_0 .var "rx_ready", 0 0;
v0x55e34763d800_0 .var "rx_shift_reg", 7 0;
v0x55e34763d8e0_0 .var "rx_state", 1 0;
v0x55e34763d9c0_0 .var "rx_sync1", 0 0;
v0x55e34763da80_0 .var "rx_sync2", 0 0;
v0x55e34763db40_0 .var "tx_bit_idx", 2 0;
v0x55e34763dc20_0 .net "tx_busy", 0 0, L_0x55e3476571b0;  alias, 1 drivers
v0x55e34763dce0_0 .var "tx_clk_cnt", 15 0;
v0x55e34763ddc0_0 .net "tx_data", 7 0, L_0x55e347657010;  alias, 1 drivers
v0x55e34763dea0_0 .var "tx_done", 0 0;
v0x55e34763e070_0 .var "tx_out", 0 0;
v0x55e34763e130_0 .var "tx_shift_reg", 7 0;
v0x55e34763e210_0 .net "tx_start", 0 0, v0x55e34763efb0_0;  1 drivers
v0x55e34763e2d0_0 .var "tx_state", 1 0;
v0x55e34763e3b0_0 .net "uart_rx", 0 0, v0x55e347640b60_0;  alias, 1 drivers
v0x55e34763e470_0 .net "uart_tx", 0 0, L_0x55e3476570b0;  alias, 1 drivers
L_0x55e3476571b0 .cmp/ne 2, v0x55e34763e2d0_0, L_0x7f1ced5b76d8;
S_0x55e34763f3d0 .scope module, "u_ram" "ram" 3 68, 11 1 0, S_0x55e347630a00;
 .timescale -9 -12;
    .port_info 0 /INPUT 1 "clk";
    .port_info 1 /INPUT 14 "addr";
    .port_info 2 /INPUT 24 "wdata";
    .port_info 3 /OUTPUT 24 "rdata";
    .port_info 4 /INPUT 1 "we";
P_0x55e347637440 .param/str "INIT_FILE" 0 11 2, "firmware.hex";
v0x55e34763f600_0 .net "addr", 13 0, L_0x55e3476553b0;  1 drivers
v0x55e34763f700_0 .net "clk", 0 0, v0x55e347640920_0;  alias, 1 drivers
v0x55e34763f7c0 .array "memory", 16383 0, 23 0;
v0x55e34763f890_0 .var "rdata", 23 0;
v0x55e34763f950_0 .net "wdata", 23 0, L_0x55e347656d20;  alias, 1 drivers
v0x55e34763fab0_0 .net "we", 0 0, L_0x55e3475fddc0;  alias, 1 drivers
E_0x55e3475726f0 .event posedge, v0x55e3476316c0_0;
    .scope S_0x55e347632330;
T_4 ;
    %wait E_0x55e3475740f0;
    %load/vec4 v0x55e347633d40_0;
    %dup/vec4;
    %pushi/vec4 1, 0, 2;
    %cmp/u;
    %jmp/1 T_4.0, 6;
    %dup/vec4;
    %pushi/vec4 3, 0, 2;
    %cmp/u;
    %jmp/1 T_4.1, 6;
    %pushi/vec4 0, 0, 16;
    %store/vec4 v0x55e347633880_0, 0, 16;
    %jmp T_4.3;
T_4.0 ;
    %pushi/vec4 0, 0, 8;
    %load/vec4 v0x55e347633960_0;
    %parti/s 8, 3, 3;
    %concat/vec4; draw_concat_vec4
    %store/vec4 v0x55e347633880_0, 0, 16;
    %jmp T_4.3;
T_4.1 ;
    %pushi/vec4 0, 0, 7;
    %load/vec4 v0x55e347633960_0;
    %parti/s 9, 2, 3;
    %concat/vec4; draw_concat_vec4
    %store/vec4 v0x55e347633880_0, 0, 16;
    %jmp T_4.3;
T_4.3 ;
    %pop/vec4 1;
    %jmp T_4;
    .thread T_4, $push;
    .scope S_0x55e347632330;
T_5 ;
    %wait E_0x55e3475740f0;
    %load/vec4 v0x55e347633d40_0;
    %dup/vec4;
    %pushi/vec4 0, 0, 2;
    %cmp/u;
    %jmp/1 T_5.0, 6;
    %dup/vec4;
    %pushi/vec4 1, 0, 2;
    %cmp/u;
    %jmp/1 T_5.1, 6;
    %dup/vec4;
    %pushi/vec4 3, 0, 2;
    %cmp/u;
    %jmp/1 T_5.2, 6;
    %pushi/vec4 0, 0, 3;
    %store/vec4 v0x55e347633540_0, 0, 3;
    %jmp T_5.4;
T_5.0 ;
    %load/vec4 v0x55e347633960_0;
    %parti/s 3, 0, 2;
    %store/vec4 v0x55e347633540_0, 0, 3;
    %jmp T_5.4;
T_5.1 ;
    %load/vec4 v0x55e347633960_0;
    %parti/s 3, 0, 2;
    %store/vec4 v0x55e347633540_0, 0, 3;
    %jmp T_5.4;
T_5.2 ;
    %load/vec4 v0x55e347633960_0;
    %parti/s 1, 0, 2;
    %cmpi/e 0, 0, 1;
    %flag_mov 8, 4;
    %jmp/0 T_5.5, 8;
    %pushi/vec4 4, 0, 3;
    %jmp/1 T_5.6, 8;
T_5.5 ; End of true expr.
    %pushi/vec4 5, 0, 3;
    %jmp/0 T_5.6, 8;
 ; End of false expr.
    %blend;
T_5.6;
    %store/vec4 v0x55e347633540_0, 0, 3;
    %jmp T_5.4;
T_5.4 ;
    %pop/vec4 1;
    %jmp T_5;
    .thread T_5, $push;
    .scope S_0x55e347631d70;
T_6 ;
    %wait E_0x55e347573210;
    %load/vec4 v0x55e347631fe0_0;
    %dup/vec4;
    %pushi/vec4 0, 0, 3;
    %cmp/u;
    %jmp/1 T_6.0, 6;
    %dup/vec4;
    %pushi/vec4 1, 0, 3;
    %cmp/u;
    %jmp/1 T_6.1, 6;
    %dup/vec4;
    %pushi/vec4 2, 0, 3;
    %cmp/u;
    %jmp/1 T_6.2, 6;
    %dup/vec4;
    %pushi/vec4 3, 0, 3;
    %cmp/u;
    %jmp/1 T_6.3, 6;
    %dup/vec4;
    %pushi/vec4 4, 0, 3;
    %cmp/u;
    %jmp/1 T_6.4, 6;
    %dup/vec4;
    %pushi/vec4 5, 0, 3;
    %cmp/u;
    %jmp/1 T_6.5, 6;
    %dup/vec4;
    %pushi/vec4 6, 0, 3;
    %cmp/u;
    %jmp/1 T_6.6, 6;
    %dup/vec4;
    %pushi/vec4 7, 0, 3;
    %cmp/u;
    %jmp/1 T_6.7, 6;
    %pushi/vec4 0, 0, 1;
    %store/vec4 v0x55e3476320a0_0, 0, 1;
    %jmp T_6.9;
T_6.0 ;
    %pushi/vec4 1, 0, 1;
    %store/vec4 v0x55e3476320a0_0, 0, 1;
    %jmp T_6.9;
T_6.1 ;
    %load/vec4 v0x55e3476321e0_0;
    %inv;
    %store/vec4 v0x55e3476320a0_0, 0, 1;
    %jmp T_6.9;
T_6.2 ;
    %load/vec4 v0x55e347631f20_0;
    %inv;
    %store/vec4 v0x55e3476320a0_0, 0, 1;
    %jmp T_6.9;
T_6.3 ;
    %load/vec4 v0x55e347632140_0;
    %inv;
    %store/vec4 v0x55e3476320a0_0, 0, 1;
    %jmp T_6.9;
T_6.4 ;
    %pushi/vec4 0, 0, 1;
    %store/vec4 v0x55e3476320a0_0, 0, 1;
    %jmp T_6.9;
T_6.5 ;
    %load/vec4 v0x55e3476321e0_0;
    %store/vec4 v0x55e3476320a0_0, 0, 1;
    %jmp T_6.9;
T_6.6 ;
    %load/vec4 v0x55e347631f20_0;
    %store/vec4 v0x55e3476320a0_0, 0, 1;
    %jmp T_6.9;
T_6.7 ;
    %load/vec4 v0x55e347632140_0;
    %store/vec4 v0x55e3476320a0_0, 0, 1;
    %jmp T_6.9;
T_6.9 ;
    %pop/vec4 1;
    %jmp T_6;
    .thread T_6, $push;
    .scope S_0x55e347631030;
T_7 ;
    %wait E_0x55e347572da0;
    %pushi/vec4 0, 0, 17;
    %store/vec4 v0x55e347631b50_0, 0, 17;
    %pushi/vec4 0, 0, 16;
    %store/vec4 v0x55e347631920_0, 0, 16;
    %load/vec4 v0x55e347631840_0;
    %dup/vec4;
    %pushi/vec4 0, 0, 3;
    %cmp/u;
    %jmp/1 T_7.0, 6;
    %dup/vec4;
    %pushi/vec4 1, 0, 3;
    %cmp/u;
    %jmp/1 T_7.1, 6;
    %dup/vec4;
    %pushi/vec4 2, 0, 3;
    %cmp/u;
    %jmp/1 T_7.2, 6;
    %dup/vec4;
    %pushi/vec4 3, 0, 3;
    %cmp/u;
    %jmp/1 T_7.3, 6;
    %dup/vec4;
    %pushi/vec4 4, 0, 3;
    %cmp/u;
    %jmp/1 T_7.4, 6;
    %dup/vec4;
    %pushi/vec4 5, 0, 3;
    %cmp/u;
    %jmp/1 T_7.5, 6;
    %dup/vec4;
    %pushi/vec4 6, 0, 3;
    %cmp/u;
    %jmp/1 T_7.6, 6;
    %dup/vec4;
    %pushi/vec4 7, 0, 3;
    %cmp/u;
    %jmp/1 T_7.7, 6;
    %pushi/vec4 0, 0, 17;
    %store/vec4 v0x55e347631b50_0, 0, 17;
    %pushi/vec4 0, 0, 16;
    %store/vec4 v0x55e347631920_0, 0, 16;
    %jmp T_7.9;
T_7.0 ;
    %load/vec4 v0x55e347631270_0;
    %load/vec4 v0x55e347631370_0;
    %and;
    %inv;
    %store/vec4 v0x55e347631920_0, 0, 16;
    %jmp T_7.9;
T_7.1 ;
    %load/vec4 v0x55e347631270_0;
    %load/vec4 v0x55e347631370_0;
    %or;
    %store/vec4 v0x55e347631920_0, 0, 16;
    %jmp T_7.9;
T_7.2 ;
    %load/vec4 v0x55e347631270_0;
    %load/vec4 v0x55e347631370_0;
    %and;
    %store/vec4 v0x55e347631920_0, 0, 16;
    %jmp T_7.9;
T_7.3 ;
    %load/vec4 v0x55e347631270_0;
    %load/vec4 v0x55e347631370_0;
    %xor;
    %store/vec4 v0x55e347631920_0, 0, 16;
    %jmp T_7.9;
T_7.4 ;
    %pushi/vec4 0, 0, 1;
    %load/vec4 v0x55e347631270_0;
    %concat/vec4; draw_concat_vec4
    %pushi/vec4 0, 0, 1;
    %load/vec4 v0x55e347631370_0;
    %concat/vec4; draw_concat_vec4
    %add;
    %store/vec4 v0x55e347631b50_0, 0, 17;
    %load/vec4 v0x55e347631b50_0;
    %parti/s 16, 0, 2;
    %store/vec4 v0x55e347631920_0, 0, 16;
    %jmp T_7.9;
T_7.5 ;
    %pushi/vec4 0, 0, 1;
    %load/vec4 v0x55e347631270_0;
    %concat/vec4; draw_concat_vec4
    %pushi/vec4 0, 0, 1;
    %load/vec4 v0x55e347631370_0;
    %concat/vec4; draw_concat_vec4
    %sub;
    %store/vec4 v0x55e347631b50_0, 0, 17;
    %load/vec4 v0x55e347631b50_0;
    %parti/s 16, 0, 2;
    %store/vec4 v0x55e347631920_0, 0, 16;
    %jmp T_7.9;
T_7.6 ;
    %pushi/vec4 0, 0, 1;
    %load/vec4 v0x55e347631270_0;
    %concat/vec4; draw_concat_vec4
    %pushi/vec4 0, 0, 1;
    %load/vec4 v0x55e347631370_0;
    %concat/vec4; draw_concat_vec4
    %add;
    %pushi/vec4 0, 0, 16;
    %load/vec4 v0x55e347631450_0;
    %concat/vec4; draw_concat_vec4
    %add;
    %store/vec4 v0x55e347631b50_0, 0, 17;
    %load/vec4 v0x55e347631b50_0;
    %parti/s 16, 0, 2;
    %store/vec4 v0x55e347631920_0, 0, 16;
    %jmp T_7.9;
T_7.7 ;
    %pushi/vec4 0, 0, 1;
    %load/vec4 v0x55e347631270_0;
    %parti/s 15, 1, 2;
    %concat/vec4; draw_concat_vec4
    %store/vec4 v0x55e347631920_0, 0, 16;
    %pushi/vec4 0, 0, 15;
    %load/vec4 v0x55e347631270_0;
    %parti/s 1, 0, 2;
    %concat/vec4; draw_concat_vec4
    %concati/vec4 0, 0, 1;
    %store/vec4 v0x55e347631b50_0, 0, 17;
    %jmp T_7.9;
T_7.9 ;
    %pop/vec4 1;
    %jmp T_7;
    .thread T_7, $push;
    .scope S_0x55e347631030;
T_8 ;
    %wait E_0x55e347574800;
    %load/vec4 v0x55e347631a90_0;
    %flag_set/vec4 8;
    %jmp/0xz  T_8.0, 8;
    %pushi/vec4 0, 0, 1;
    %assign/vec4 v0x55e3476315b0_0, 0;
    %pushi/vec4 0, 0, 1;
    %assign/vec4 v0x55e347631450_0, 0;
    %pushi/vec4 0, 0, 1;
    %assign/vec4 v0x55e3476314f0_0, 0;
    %jmp T_8.1;
T_8.0 ;
    %load/vec4 v0x55e347631780_0;
    %flag_set/vec4 8;
    %jmp/0xz  T_8.2, 8;
    %load/vec4 v0x55e347631920_0;
    %pushi/vec4 0, 0, 16;
    %cmp/e;
    %flag_get/vec4 4;
    %assign/vec4 v0x55e3476315b0_0, 0;
    %load/vec4 v0x55e347631920_0;
    %parti/s 1, 15, 5;
    %assign/vec4 v0x55e3476314f0_0, 0;
    %load/vec4 v0x55e347631840_0;
    %dup/vec4;
    %pushi/vec4 4, 0, 3;
    %cmp/u;
    %jmp/1 T_8.4, 6;
    %dup/vec4;
    %pushi/vec4 5, 0, 3;
    %cmp/u;
    %jmp/1 T_8.5, 6;
    %dup/vec4;
    %pushi/vec4 6, 0, 3;
    %cmp/u;
    %jmp/1 T_8.6, 6;
    %dup/vec4;
    %pushi/vec4 7, 0, 3;
    %cmp/u;
    %jmp/1 T_8.7, 6;
    %load/vec4 v0x55e347631450_0;
    %assign/vec4 v0x55e347631450_0, 0;
    %jmp T_8.9;
T_8.4 ;
    %load/vec4 v0x55e347631b50_0;
    %parti/s 1, 16, 6;
    %assign/vec4 v0x55e347631450_0, 0;
    %jmp T_8.9;
T_8.5 ;
    %load/vec4 v0x55e347631b50_0;
    %parti/s 1, 16, 6;
    %assign/vec4 v0x55e347631450_0, 0;
    %jmp T_8.9;
T_8.6 ;
    %load/vec4 v0x55e347631b50_0;
    %parti/s 1, 16, 6;
    %assign/vec4 v0x55e347631450_0, 0;
    %jmp T_8.9;
T_8.7 ;
    %load/vec4 v0x55e347631270_0;
    %parti/s 1, 0, 2;
    %assign/vec4 v0x55e347631450_0, 0;
    %jmp T_8.9;
T_8.9 ;
    %pop/vec4 1;
T_8.2 ;
T_8.1 ;
    %jmp T_8;
    .thread T_8;
    .scope S_0x55e347634360;
T_9 ;
    %wait E_0x55e347574800;
    %load/vec4 v0x55e347636720_0;
    %flag_set/vec4 8;
    %jmp/0xz  T_9.0, 8;
    %pushi/vec4 0, 0, 32;
    %store/vec4 v0x55e347635c00_0, 0, 32;
T_9.2 ; Top of for-loop
    %load/vec4 v0x55e347635c00_0;
    %cmpi/s 16, 0, 32;
	  %jmp/0xz T_9.3, 5;
    %pushi/vec4 0, 0, 16;
    %ix/getv/s 3, v0x55e347635c00_0;
    %ix/load 4, 0, 0; Constant delay
    %assign/vec4/a/d v0x55e347636250, 0, 4;
T_9.4 ; for-loop step statement
    %load/vec4 v0x55e347635c00_0;
    %addi 1, 0, 32;
    %store/vec4 v0x55e347635c00_0, 0, 32;
    %jmp T_9.2;
T_9.3 ; for-loop exit label
    %jmp T_9.1;
T_9.0 ;
    %load/vec4 v0x55e347636be0_0;
    %flag_set/vec4 11;
    %flag_get/vec4 11;
    %jmp/0 T_9.9, 11;
    %load/vec4 v0x55e347636a20_0;
    %pushi/vec4 0, 0, 4;
    %cmp/ne;
    %flag_get/vec4 4;
    %and;
T_9.9;
    %flag_set/vec4 10;
    %flag_get/vec4 10;
    %jmp/0 T_9.8, 10;
    %load/vec4 v0x55e347636a20_0;
    %pushi/vec4 14, 0, 4;
    %cmp/ne;
    %flag_get/vec4 4;
    %and;
T_9.8;
    %flag_set/vec4 9;
    %flag_get/vec4 9;
    %jmp/0 T_9.7, 9;
    %load/vec4 v0x55e3476367c0_0;
    %flag_set/vec4 9;
    %flag_get/vec4 9;
    %jmp/0 T_9.10, 9;
    %load/vec4 v0x55e347636a20_0;
    %pushi/vec4 13, 0, 4;
    %cmp/e;
    %flag_get/vec4 4;
    %and;
T_9.10;
    %nor/r;
    %and;
T_9.7;
    %flag_set/vec4 8;
    %jmp/0xz  T_9.5, 8;
    %load/vec4 v0x55e347636b00_0;
    %load/vec4 v0x55e347636a20_0;
    %pad/u 6;
    %ix/vec4 3;
    %ix/load 4, 0, 0; Constant delay
    %assign/vec4/a/d v0x55e347636250, 0, 4;
T_9.5 ;
    %load/vec4 v0x55e3476367c0_0;
    %flag_set/vec4 8;
    %jmp/0xz  T_9.11, 8;
    %load/vec4 v0x55e347636860_0;
    %ix/load 3, 13, 0;
    %flag_set/imm 4, 0;
    %ix/load 4, 0, 0; Constant delay
    %assign/vec4/a/d v0x55e347636250, 0, 4;
T_9.11 ;
    %load/vec4 v0x55e347636be0_0;
    %flag_set/vec4 9;
    %flag_get/vec4 9;
    %jmp/0 T_9.15, 9;
    %load/vec4 v0x55e347636a20_0;
    %pushi/vec4 15, 0, 4;
    %cmp/e;
    %flag_get/vec4 4;
    %and;
T_9.15;
    %flag_set/vec4 8;
    %jmp/0xz  T_9.13, 8;
    %jmp T_9.14;
T_9.13 ;
    %load/vec4 v0x55e347635e90_0;
    %nor/r;
    %flag_set/vec4 8;
    %jmp/0xz  T_9.16, 8;
    %ix/load 4, 15, 0;
    %flag_set/imm 4, 0;
    %load/vec4a v0x55e347636250, 4;
    %addi 1, 0, 16;
    %ix/load 3, 15, 0;
    %flag_set/imm 4, 0;
    %ix/load 4, 0, 0; Constant delay
    %assign/vec4/a/d v0x55e347636250, 0, 4;
T_9.16 ;
T_9.14 ;
T_9.1 ;
    %jmp T_9;
    .thread T_9;
    .scope S_0x55e347630ca0;
T_10 ;
    %wait E_0x55e347574800;
    %load/vec4 v0x55e34763bd00_0;
    %flag_set/vec4 8;
    %jmp/0xz  T_10.0, 8;
    %pushi/vec4 4, 0, 3;
    %assign/vec4 v0x55e347639fb0_0, 0;
    %pushi/vec4 0, 0, 4;
    %assign/vec4 v0x55e34763a380_0, 0;
    %pushi/vec4 0, 0, 4;
    %assign/vec4 v0x55e34763a6e0_0, 0;
    %pushi/vec4 0, 0, 4;
    %assign/vec4 v0x55e34763a7c0_0, 0;
    %pushi/vec4 0, 0, 16;
    %assign/vec4 v0x55e34763a120_0, 0;
    %pushi/vec4 0, 0, 3;
    %assign/vec4 v0x55e347639e40_0, 0;
    %pushi/vec4 0, 0, 1;
    %assign/vec4 v0x55e34763a200_0, 0;
    %pushi/vec4 0, 0, 1;
    %assign/vec4 v0x55e34763a2c0_0, 0;
    %pushi/vec4 0, 0, 1;
    %assign/vec4 v0x55e347639f10_0, 0;
    %pushi/vec4 0, 0, 1;
    %assign/vec4 v0x55e34763a620_0, 0;
    %pushi/vec4 0, 0, 1;
    %assign/vec4 v0x55e34763a080_0, 0;
    %pushi/vec4 0, 0, 16;
    %assign/vec4 v0x55e34763a460_0, 0;
    %pushi/vec4 0, 0, 16;
    %assign/vec4 v0x55e34763a540_0, 0;
    %jmp T_10.1;
T_10.0 ;
    %load/vec4 v0x55e34763b550_0;
    %flag_set/vec4 8;
    %jmp/0xz  T_10.2, 8;
    %pushi/vec4 4, 0, 3;
    %assign/vec4 v0x55e347639fb0_0, 0;
    %pushi/vec4 0, 0, 4;
    %assign/vec4 v0x55e34763a380_0, 0;
    %pushi/vec4 0, 0, 4;
    %assign/vec4 v0x55e34763a6e0_0, 0;
    %pushi/vec4 0, 0, 4;
    %assign/vec4 v0x55e34763a7c0_0, 0;
    %pushi/vec4 0, 0, 16;
    %assign/vec4 v0x55e34763a120_0, 0;
    %pushi/vec4 0, 0, 3;
    %assign/vec4 v0x55e347639e40_0, 0;
    %pushi/vec4 0, 0, 1;
    %assign/vec4 v0x55e34763a200_0, 0;
    %pushi/vec4 0, 0, 1;
    %assign/vec4 v0x55e34763a2c0_0, 0;
    %pushi/vec4 0, 0, 1;
    %assign/vec4 v0x55e347639f10_0, 0;
    %pushi/vec4 0, 0, 1;
    %assign/vec4 v0x55e34763a620_0, 0;
    %pushi/vec4 0, 0, 1;
    %assign/vec4 v0x55e34763a080_0, 0;
    %pushi/vec4 0, 0, 16;
    %assign/vec4 v0x55e34763a460_0, 0;
    %pushi/vec4 0, 0, 16;
    %assign/vec4 v0x55e34763a540_0, 0;
    %jmp T_10.3;
T_10.2 ;
    %load/vec4 v0x55e347639d70_0;
    %assign/vec4 v0x55e347639fb0_0, 0;
    %load/vec4 v0x55e34763ae50_0;
    %assign/vec4 v0x55e34763a380_0, 0;
    %load/vec4 v0x55e34763b190_0;
    %assign/vec4 v0x55e34763a6e0_0, 0;
    %load/vec4 v0x55e34763b280_0;
    %assign/vec4 v0x55e34763a7c0_0, 0;
    %load/vec4 v0x55e34763a970_0;
    %assign/vec4 v0x55e34763a120_0, 0;
    %load/vec4 v0x55e347639be0_0;
    %assign/vec4 v0x55e347639e40_0, 0;
    %load/vec4 v0x55e34763abe0_0;
    %assign/vec4 v0x55e34763a200_0, 0;
    %load/vec4 v0x55e34763acb0_0;
    %assign/vec4 v0x55e34763a2c0_0, 0;
    %load/vec4 v0x55e347639ca0_0;
    %assign/vec4 v0x55e347639f10_0, 0;
    %load/vec4 v0x55e34763b0c0_0;
    %assign/vec4 v0x55e34763a620_0, 0;
    %load/vec4 v0x55e34763a8a0_0;
    %assign/vec4 v0x55e34763a080_0, 0;
    %load/vec4 v0x55e34763af20_0;
    %assign/vec4 v0x55e34763a460_0, 0;
    %load/vec4 v0x55e34763aff0_0;
    %assign/vec4 v0x55e34763a540_0, 0;
T_10.3 ;
T_10.1 ;
    %jmp T_10;
    .thread T_10;
    .scope S_0x55e347630ca0;
T_11 ;
    %wait E_0x55e347574800;
    %load/vec4 v0x55e34763bd00_0;
    %flag_set/vec4 8;
    %jmp/0xz  T_11.0, 8;
    %pushi/vec4 0, 0, 1;
    %assign/vec4 v0x55e3476396c0_0, 0;
    %jmp T_11.1;
T_11.0 ;
    %load/vec4 v0x55e347639800_0;
    %assign/vec4 v0x55e3476396c0_0, 0;
T_11.1 ;
    %jmp T_11;
    .thread T_11;
    .scope S_0x55e347630ca0;
T_12 ;
    %wait E_0x55e347574800;
    %load/vec4 v0x55e34763bd00_0;
    %flag_set/vec4 8;
    %jmp/0xz  T_12.0, 8;
    %pushi/vec4 8388608, 0, 24;
    %assign/vec4 v0x55e34763b370_0, 0;
    %jmp T_12.1;
T_12.0 ;
    %load/vec4 v0x55e34763c130_0;
    %flag_set/vec4 9;
    %flag_get/vec4 9;
    %jmp/0 T_12.4, 9;
    %load/vec4 v0x55e34763bf90_0;
    %pushi/vec4 15, 0, 4;
    %cmp/e;
    %flag_get/vec4 4;
    %and;
T_12.4;
    %flag_set/vec4 8;
    %jmp/0xz  T_12.2, 8;
    %pushi/vec4 8388608, 0, 24;
    %assign/vec4 v0x55e34763b370_0, 0;
    %jmp T_12.3;
T_12.2 ;
    %load/vec4 v0x55e34763b550_0;
    %flag_set/vec4 8;
    %jmp/0xz  T_12.5, 8;
    %load/vec4 v0x55e34763b370_0;
    %assign/vec4 v0x55e34763b370_0, 0;
    %jmp T_12.6;
T_12.5 ;
    %load/vec4 v0x55e3476396c0_0;
    %flag_set/vec4 8;
    %jmp/0xz  T_12.7, 8;
    %pushi/vec4 8388608, 0, 24;
    %assign/vec4 v0x55e34763b370_0, 0;
    %jmp T_12.8;
T_12.7 ;
    %load/vec4 v0x55e34763b690_0;
    %assign/vec4 v0x55e34763b370_0, 0;
T_12.8 ;
T_12.6 ;
T_12.3 ;
T_12.1 ;
    %jmp T_12;
    .thread T_12;
    .scope S_0x55e347630ca0;
T_13 ;
    %wait E_0x55e347574800;
    %load/vec4 v0x55e34763bd00_0;
    %flag_set/vec4 8;
    %jmp/0xz  T_13.0, 8;
    %pushi/vec4 0, 0, 1;
    %assign/vec4 v0x55e34763b410_0, 0;
    %pushi/vec4 0, 0, 4;
    %assign/vec4 v0x55e34763b4b0_0, 0;
    %jmp T_13.1;
T_13.0 ;
    %load/vec4 v0x55e347639760_0;
    %flag_set/vec4 8;
    %flag_get/vec4 8;
    %jmp/0 T_13.2, 8;
    %load/vec4 v0x55e34763a200_0;
    %and;
T_13.2;
    %assign/vec4 v0x55e34763b410_0, 0;
    %load/vec4 v0x55e347639760_0;
    %flag_set/vec4 9;
    %flag_get/vec4 9;
    %jmp/0 T_13.5, 9;
    %load/vec4 v0x55e34763a200_0;
    %and;
T_13.5;
    %flag_set/vec4 8;
    %jmp/0xz  T_13.3, 8;
    %load/vec4 v0x55e34763a380_0;
    %assign/vec4 v0x55e34763b4b0_0, 0;
T_13.3 ;
T_13.1 ;
    %jmp T_13;
    .thread T_13;
    .scope S_0x55e347630ca0;
T_14 ;
    %wait E_0x55e347574800;
    %load/vec4 v0x55e34763bd00_0;
    %flag_set/vec4 8;
    %jmp/0xz  T_14.0, 8;
    %pushi/vec4 0, 0, 4;
    %assign/vec4 v0x55e34763baa0_0, 0;
    %pushi/vec4 0, 0, 16;
    %assign/vec4 v0x55e34763bb60_0, 0;
    %pushi/vec4 0, 0, 1;
    %assign/vec4 v0x55e34763bc40_0, 0;
    %jmp T_14.1;
T_14.0 ;
    %load/vec4 v0x55e34763bf90_0;
    %assign/vec4 v0x55e34763baa0_0, 0;
    %load/vec4 v0x55e34763c060_0;
    %assign/vec4 v0x55e34763bb60_0, 0;
    %load/vec4 v0x55e34763c130_0;
    %flag_set/vec4 9;
    %flag_get/vec4 9;
    %jmp/0 T_14.3, 9;
    %load/vec4 v0x55e34763bf90_0;
    %pushi/vec4 0, 0, 4;
    %cmp/ne;
    %flag_get/vec4 4;
    %and;
T_14.3;
    %flag_set/vec4 8;
    %flag_get/vec4 8;
    %jmp/0 T_14.2, 8;
    %load/vec4 v0x55e34763bf90_0;
    %pushi/vec4 14, 0, 4;
    %cmp/ne;
    %flag_get/vec4 4;
    %and;
T_14.2;
    %assign/vec4 v0x55e34763bc40_0, 0;
T_14.1 ;
    %jmp T_14;
    .thread T_14;
    .scope S_0x55e34763f3d0;
T_15 ;
    %vpi_call 11 14 "$readmemh", P_0x55e347637440, v0x55e34763f7c0 {0 0 0};
    %end;
    .thread T_15;
    .scope S_0x55e34763f3d0;
T_16 ;
    %wait E_0x55e3475726f0;
    %load/vec4 v0x55e34763fab0_0;
    %flag_set/vec4 8;
    %jmp/0xz  T_16.0, 8;
    %load/vec4 v0x55e34763f950_0;
    %load/vec4 v0x55e34763f600_0;
    %pad/u 16;
    %ix/vec4 3;
    %ix/load 4, 0, 0; Constant delay
    %assign/vec4/a/d v0x55e34763f7c0, 0, 4;
T_16.0 ;
    %load/vec4 v0x55e34763f600_0;
    %pad/u 16;
    %ix/vec4 4;
    %load/vec4a v0x55e34763f7c0, 4;
    %assign/vec4 v0x55e34763f890_0, 0;
    %jmp T_16;
    .thread T_16;
    .scope S_0x55e34763c780;
T_17 ;
    %wait E_0x55e347574800;
    %load/vec4 v0x55e34763d300_0;
    %flag_set/vec4 8;
    %jmp/0xz  T_17.0, 8;
    %pushi/vec4 0, 0, 2;
    %assign/vec4 v0x55e34763e2d0_0, 0;
    %pushi/vec4 0, 0, 16;
    %assign/vec4 v0x55e34763dce0_0, 0;
    %pushi/vec4 0, 0, 3;
    %assign/vec4 v0x55e34763db40_0, 0;
    %pushi/vec4 0, 0, 8;
    %assign/vec4 v0x55e34763e130_0, 0;
    %pushi/vec4 1, 0, 1;
    %assign/vec4 v0x55e34763e070_0, 0;
    %pushi/vec4 0, 0, 1;
    %assign/vec4 v0x55e34763dea0_0, 0;
    %jmp T_17.1;
T_17.0 ;
    %pushi/vec4 0, 0, 1;
    %assign/vec4 v0x55e34763dea0_0, 0;
    %load/vec4 v0x55e34763e2d0_0;
    %dup/vec4;
    %pushi/vec4 0, 0, 2;
    %cmp/u;
    %jmp/1 T_17.2, 6;
    %dup/vec4;
    %pushi/vec4 1, 0, 2;
    %cmp/u;
    %jmp/1 T_17.3, 6;
    %dup/vec4;
    %pushi/vec4 2, 0, 2;
    %cmp/u;
    %jmp/1 T_17.4, 6;
    %dup/vec4;
    %pushi/vec4 3, 0, 2;
    %cmp/u;
    %jmp/1 T_17.5, 6;
    %pushi/vec4 0, 0, 2;
    %assign/vec4 v0x55e34763e2d0_0, 0;
    %jmp T_17.7;
T_17.2 ;
    %pushi/vec4 1, 0, 1;
    %assign/vec4 v0x55e34763e070_0, 0;
    %pushi/vec4 0, 0, 16;
    %assign/vec4 v0x55e34763dce0_0, 0;
    %pushi/vec4 0, 0, 3;
    %assign/vec4 v0x55e34763db40_0, 0;
    %load/vec4 v0x55e34763e210_0;
    %flag_set/vec4 8;
    %jmp/0xz  T_17.8, 8;
    %load/vec4 v0x55e34763ddc0_0;
    %assign/vec4 v0x55e34763e130_0, 0;
    %pushi/vec4 1, 0, 2;
    %assign/vec4 v0x55e34763e2d0_0, 0;
    %pushi/vec4 0, 0, 1;
    %assign/vec4 v0x55e34763e070_0, 0;
T_17.8 ;
    %jmp T_17.7;
T_17.3 ;
    %pushi/vec4 0, 0, 1;
    %assign/vec4 v0x55e34763e070_0, 0;
    %load/vec4 v0x55e34763dce0_0;
    %pad/u 32;
    %cmpi/u 9, 0, 32;
    %jmp/0xz  T_17.10, 5;
    %load/vec4 v0x55e34763dce0_0;
    %addi 1, 0, 16;
    %assign/vec4 v0x55e34763dce0_0, 0;
    %jmp T_17.11;
T_17.10 ;
    %pushi/vec4 0, 0, 16;
    %assign/vec4 v0x55e34763dce0_0, 0;
    %pushi/vec4 2, 0, 2;
    %assign/vec4 v0x55e34763e2d0_0, 0;
T_17.11 ;
    %jmp T_17.7;
T_17.4 ;
    %load/vec4 v0x55e34763e130_0;
    %load/vec4 v0x55e34763db40_0;
    %part/u 1;
    %assign/vec4 v0x55e34763e070_0, 0;
    %load/vec4 v0x55e34763dce0_0;
    %pad/u 32;
    %cmpi/u 9, 0, 32;
    %jmp/0xz  T_17.12, 5;
    %load/vec4 v0x55e34763dce0_0;
    %addi 1, 0, 16;
    %assign/vec4 v0x55e34763dce0_0, 0;
    %jmp T_17.13;
T_17.12 ;
    %pushi/vec4 0, 0, 16;
    %assign/vec4 v0x55e34763dce0_0, 0;
    %load/vec4 v0x55e34763db40_0;
    %cmpi/u 7, 0, 3;
    %jmp/0xz  T_17.14, 5;
    %load/vec4 v0x55e34763db40_0;
    %addi 1, 0, 3;
    %assign/vec4 v0x55e34763db40_0, 0;
    %jmp T_17.15;
T_17.14 ;
    %pushi/vec4 0, 0, 3;
    %assign/vec4 v0x55e34763db40_0, 0;
    %pushi/vec4 3, 0, 2;
    %assign/vec4 v0x55e34763e2d0_0, 0;
T_17.15 ;
T_17.13 ;
    %jmp T_17.7;
T_17.5 ;
    %pushi/vec4 1, 0, 1;
    %assign/vec4 v0x55e34763e070_0, 0;
    %load/vec4 v0x55e34763dce0_0;
    %pad/u 32;
    %cmpi/u 9, 0, 32;
    %jmp/0xz  T_17.16, 5;
    %load/vec4 v0x55e34763dce0_0;
    %addi 1, 0, 16;
    %assign/vec4 v0x55e34763dce0_0, 0;
    %jmp T_17.17;
T_17.16 ;
    %pushi/vec4 0, 0, 16;
    %assign/vec4 v0x55e34763dce0_0, 0;
    %pushi/vec4 0, 0, 2;
    %assign/vec4 v0x55e34763e2d0_0, 0;
    %pushi/vec4 1, 0, 1;
    %assign/vec4 v0x55e34763dea0_0, 0;
T_17.17 ;
    %jmp T_17.7;
T_17.7 ;
    %pop/vec4 1;
T_17.1 ;
    %jmp T_17;
    .thread T_17;
    .scope S_0x55e34763c780;
T_18 ;
    %wait E_0x55e347574800;
    %load/vec4 v0x55e34763d300_0;
    %flag_set/vec4 8;
    %jmp/0xz  T_18.0, 8;
    %pushi/vec4 1, 0, 1;
    %assign/vec4 v0x55e34763d9c0_0, 0;
    %pushi/vec4 1, 0, 1;
    %assign/vec4 v0x55e34763da80_0, 0;
    %jmp T_18.1;
T_18.0 ;
    %load/vec4 v0x55e34763e3b0_0;
    %assign/vec4 v0x55e34763d9c0_0, 0;
    %load/vec4 v0x55e34763d9c0_0;
    %assign/vec4 v0x55e34763da80_0, 0;
T_18.1 ;
    %jmp T_18;
    .thread T_18;
    .scope S_0x55e34763c780;
T_19 ;
    %wait E_0x55e347574800;
    %load/vec4 v0x55e34763d300_0;
    %flag_set/vec4 8;
    %jmp/0xz  T_19.0, 8;
    %pushi/vec4 0, 0, 2;
    %assign/vec4 v0x55e34763d8e0_0, 0;
    %pushi/vec4 0, 0, 16;
    %assign/vec4 v0x55e34763d580_0, 0;
    %pushi/vec4 0, 0, 3;
    %assign/vec4 v0x55e34763d3d0_0, 0;
    %pushi/vec4 0, 0, 8;
    %assign/vec4 v0x55e34763d800_0, 0;
    %pushi/vec4 0, 0, 8;
    %assign/vec4 v0x55e34763d660_0, 0;
    %pushi/vec4 0, 0, 1;
    %assign/vec4 v0x55e34763d740_0, 0;
    %jmp T_19.1;
T_19.0 ;
    %load/vec4 v0x55e34763d470_0;
    %flag_set/vec4 8;
    %jmp/0xz  T_19.2, 8;
    %pushi/vec4 0, 0, 1;
    %assign/vec4 v0x55e34763d740_0, 0;
T_19.2 ;
    %load/vec4 v0x55e34763d8e0_0;
    %dup/vec4;
    %pushi/vec4 0, 0, 2;
    %cmp/u;
    %jmp/1 T_19.4, 6;
    %dup/vec4;
    %pushi/vec4 1, 0, 2;
    %cmp/u;
    %jmp/1 T_19.5, 6;
    %dup/vec4;
    %pushi/vec4 2, 0, 2;
    %cmp/u;
    %jmp/1 T_19.6, 6;
    %dup/vec4;
    %pushi/vec4 3, 0, 2;
    %cmp/u;
    %jmp/1 T_19.7, 6;
    %pushi/vec4 0, 0, 2;
    %assign/vec4 v0x55e34763d8e0_0, 0;
    %jmp T_19.9;
T_19.4 ;
    %pushi/vec4 0, 0, 16;
    %assign/vec4 v0x55e34763d580_0, 0;
    %pushi/vec4 0, 0, 3;
    %assign/vec4 v0x55e34763d3d0_0, 0;
    %load/vec4 v0x55e34763da80_0;
    %cmpi/e 0, 0, 1;
    %jmp/0xz  T_19.10, 4;
    %pushi/vec4 1, 0, 2;
    %assign/vec4 v0x55e34763d8e0_0, 0;
T_19.10 ;
    %jmp T_19.9;
T_19.5 ;
    %load/vec4 v0x55e34763d580_0;
    %pad/u 32;
    %cmpi/u 5, 0, 32;
    %jmp/0xz  T_19.12, 5;
    %load/vec4 v0x55e34763d580_0;
    %addi 1, 0, 16;
    %assign/vec4 v0x55e34763d580_0, 0;
    %jmp T_19.13;
T_19.12 ;
    %pushi/vec4 0, 0, 16;
    %assign/vec4 v0x55e34763d580_0, 0;
    %load/vec4 v0x55e34763da80_0;
    %cmpi/e 0, 0, 1;
    %jmp/0xz  T_19.14, 4;
    %pushi/vec4 2, 0, 2;
    %assign/vec4 v0x55e34763d8e0_0, 0;
    %jmp T_19.15;
T_19.14 ;
    %pushi/vec4 0, 0, 2;
    %assign/vec4 v0x55e34763d8e0_0, 0;
T_19.15 ;
T_19.13 ;
    %jmp T_19.9;
T_19.6 ;
    %load/vec4 v0x55e34763d580_0;
    %pad/u 32;
    %cmpi/u 9, 0, 32;
    %jmp/0xz  T_19.16, 5;
    %load/vec4 v0x55e34763d580_0;
    %addi 1, 0, 16;
    %assign/vec4 v0x55e34763d580_0, 0;
    %jmp T_19.17;
T_19.16 ;
    %pushi/vec4 0, 0, 16;
    %assign/vec4 v0x55e34763d580_0, 0;
    %load/vec4 v0x55e34763da80_0;
    %ix/load 5, 0, 0;
    %ix/getv 4, v0x55e34763d3d0_0;
    %assign/vec4/off/d v0x55e34763d800_0, 4, 5;
    %load/vec4 v0x55e34763d3d0_0;
    %cmpi/u 7, 0, 3;
    %jmp/0xz  T_19.18, 5;
    %load/vec4 v0x55e34763d3d0_0;
    %addi 1, 0, 3;
    %assign/vec4 v0x55e34763d3d0_0, 0;
    %jmp T_19.19;
T_19.18 ;
    %pushi/vec4 0, 0, 3;
    %assign/vec4 v0x55e34763d3d0_0, 0;
    %pushi/vec4 3, 0, 2;
    %assign/vec4 v0x55e34763d8e0_0, 0;
T_19.19 ;
T_19.17 ;
    %jmp T_19.9;
T_19.7 ;
    %load/vec4 v0x55e34763d580_0;
    %pad/u 32;
    %cmpi/u 9, 0, 32;
    %jmp/0xz  T_19.20, 5;
    %load/vec4 v0x55e34763d580_0;
    %addi 1, 0, 16;
    %assign/vec4 v0x55e34763d580_0, 0;
    %jmp T_19.21;
T_19.20 ;
    %pushi/vec4 0, 0, 16;
    %assign/vec4 v0x55e34763d580_0, 0;
    %pushi/vec4 0, 0, 2;
    %assign/vec4 v0x55e34763d8e0_0, 0;
    %load/vec4 v0x55e34763d800_0;
    %assign/vec4 v0x55e34763d660_0, 0;
    %pushi/vec4 1, 0, 1;
    %assign/vec4 v0x55e34763d740_0, 0;
T_19.21 ;
    %jmp T_19.9;
T_19.9 ;
    %pop/vec4 1;
T_19.1 ;
    %jmp T_19;
    .thread T_19;
    .scope S_0x55e34763c320;
T_20 ;
    %wait E_0x55e347574800;
    %load/vec4 v0x55e34763e940_0;
    %flag_set/vec4 8;
    %jmp/0xz  T_20.0, 8;
    %pushi/vec4 0, 0, 1;
    %assign/vec4 v0x55e34763efb0_0, 0;
    %jmp T_20.1;
T_20.0 ;
    %pushi/vec4 0, 0, 1;
    %assign/vec4 v0x55e34763efb0_0, 0;
    %load/vec4 v0x55e34763f2f0_0;
    %flag_set/vec4 10;
    %flag_get/vec4 10;
    %jmp/0 T_20.5, 10;
    %load/vec4 v0x55e34763e6f0_0;
    %pushi/vec4 65280, 0, 16;
    %cmp/e;
    %flag_get/vec4 4;
    %and;
T_20.5;
    %flag_set/vec4 9;
    %flag_get/vec4 9;
    %jmp/0 T_20.4, 9;
    %load/vec4 v0x55e34763ecb0_0;
    %nor/r;
    %and;
T_20.4;
    %flag_set/vec4 8;
    %jmp/0xz  T_20.2, 8;
    %pushi/vec4 1, 0, 1;
    %assign/vec4 v0x55e34763efb0_0, 0;
T_20.2 ;
T_20.1 ;
    %jmp T_20;
    .thread T_20;
    .scope S_0x55e34763c320;
T_21 ;
    %wait E_0x55e347574800;
    %load/vec4 v0x55e34763e940_0;
    %flag_set/vec4 8;
    %jmp/0xz  T_21.0, 8;
    %pushi/vec4 0, 0, 24;
    %assign/vec4 v0x55e34763e870_0, 0;
    %pushi/vec4 0, 0, 1;
    %assign/vec4 v0x55e34763ea70_0, 0;
    %jmp T_21.1;
T_21.0 ;
    %pushi/vec4 0, 0, 1;
    %assign/vec4 v0x55e34763ea70_0, 0;
    %load/vec4 v0x55e34763e6f0_0;
    %dup/vec4;
    %pushi/vec4 65280, 0, 16;
    %cmp/u;
    %jmp/1 T_21.2, 6;
    %dup/vec4;
    %pushi/vec4 65281, 0, 16;
    %cmp/u;
    %jmp/1 T_21.3, 6;
    %pushi/vec4 0, 0, 24;
    %assign/vec4 v0x55e34763e870_0, 0;
    %jmp T_21.5;
T_21.2 ;
    %pushi/vec4 0, 0, 16;
    %load/vec4 v0x55e34763eb10_0;
    %concat/vec4; draw_concat_vec4
    %assign/vec4 v0x55e34763e870_0, 0;
    %load/vec4 v0x55e34763f2f0_0;
    %nor/r;
    %flag_set/vec4 8;
    %jmp/0xz  T_21.6, 8;
    %pushi/vec4 1, 0, 1;
    %assign/vec4 v0x55e34763ea70_0, 0;
T_21.6 ;
    %jmp T_21.5;
T_21.3 ;
    %pushi/vec4 0, 0, 22;
    %load/vec4 v0x55e34763ebe0_0;
    %concat/vec4; draw_concat_vec4
    %load/vec4 v0x55e34763ecb0_0;
    %concat/vec4; draw_concat_vec4
    %assign/vec4 v0x55e34763e870_0, 0;
    %jmp T_21.5;
T_21.5 ;
    %pop/vec4 1;
T_21.1 ;
    %jmp T_21;
    .thread T_21;
    .scope S_0x55e347630a00;
T_22 ;
    %wait E_0x55e347574800;
    %load/vec4 v0x55e3476406d0_0;
    %flag_set/vec4 8;
    %jmp/0xz  T_22.0, 8;
    %pushi/vec4 0, 0, 1;
    %assign/vec4 v0x55e34763ff10_0, 0;
    %jmp T_22.1;
T_22.0 ;
    %load/vec4 v0x55e34763fe70_0;
    %assign/vec4 v0x55e34763ff10_0, 0;
T_22.1 ;
    %jmp T_22;
    .thread T_22;
    .scope S_0x55e3475f14e0;
T_23 ;
    %pushi/vec4 0, 0, 32;
    %store/vec4 v0x55e3476409e0_0, 0, 32;
    %end;
    .thread T_23;
    .scope S_0x55e3475f14e0;
T_24 ;
    %delay 5000, 0;
    %load/vec4 v0x55e347640920_0;
    %inv;
    %store/vec4 v0x55e347640920_0, 0, 1;
    %jmp T_24;
    .thread T_24;
    .scope S_0x55e3475f14e0;
T_25 ;
    %wait E_0x55e3475726f0;
    %load/vec4 v0x55e347640ac0_0;
    %nor/r;
    %flag_set/vec4 8;
    %jmp/0xz  T_25.0, 8;
    %vpi_call 2 66 "$display", "CLK: PC=%d, mem_addr=%h, ir=%h, load_q=%b, load_rd_q=%d, r3=%d, r13=%h", v0x55e34763b9b0_0, v0x55e347640020_0, v0x55e34763b370_0, v0x55e34763b410_0, v0x55e34763b4b0_0, &A<v0x55e347636250, 3>, &A<v0x55e347636250, 13> {0 0 0};
T_25.0 ;
    %jmp T_25;
    .thread T_25;
    .scope S_0x55e3475f14e0;
T_26 ;
    %vpi_call 2 70 "$dumpfile", "tb_cpu.vcd" {0 0 0};
    %vpi_call 2 71 "$dumpvars", 32'sb00000000000000000000000000000000, S_0x55e3475f14e0 {0 0 0};
    %pushi/vec4 0, 0, 1;
    %store/vec4 v0x55e347640920_0, 0, 1;
    %pushi/vec4 1, 0, 1;
    %store/vec4 v0x55e347640ac0_0, 0, 1;
    %pushi/vec4 1, 0, 1;
    %store/vec4 v0x55e347640b60_0, 0, 1;
    %fork t_1, S_0x55e347512d40;
    %jmp t_0;
    .scope S_0x55e347512d40;
t_1 ;
    %pushi/vec4 0, 0, 32;
    %store/vec4 v0x55e3475f71a0_0, 0, 32;
T_26.0 ; Top of for-loop
    %load/vec4 v0x55e3475f71a0_0;
    %cmpi/s 65536, 0, 32;
	  %jmp/0xz T_26.1, 5;
    %pushi/vec4 8388608, 0, 24;
    %ix/getv/s 4, v0x55e3475f71a0_0;
    %store/vec4a v0x55e34763f7c0, 4, 0;
T_26.2 ; for-loop step statement
    %load/vec4 v0x55e3475f71a0_0;
    %addi 1, 0, 32;
    %store/vec4 v0x55e3475f71a0_0, 0, 32;
    %jmp T_26.0;
T_26.1 ; for-loop exit label
    %end;
    .scope S_0x55e3475f14e0;
t_0 %join;
    %pushi/vec4 0, 0, 3;
    %pushi/vec4 1, 0, 4;
    %pushi/vec4 0, 0, 4;
    %pushi/vec4 10, 0, 8;
    %pushi/vec4 4, 0, 3;
    %store/vec4 v0x55e3475ee250_0, 0, 3;
    %store/vec4 v0x55e3475ee2f0_0, 0, 8;
    %store/vec4 v0x55e3475ee980_0, 0, 4;
    %store/vec4 v0x55e3475ee8b0_0, 0, 4;
    %store/vec4 v0x55e3475fa750_0, 0, 3;
    %callf/vec4 TD_tb_cpu.encode_i, S_0x55e34762f920;
    %ix/load 4, 0, 0;
    %flag_set/imm 4, 0;
    %store/vec4a v0x55e34763f7c0, 4, 0;
    %pushi/vec4 0, 0, 3;
    %pushi/vec4 2, 0, 4;
    %pushi/vec4 0, 0, 4;
    %pushi/vec4 5, 0, 8;
    %pushi/vec4 4, 0, 3;
    %store/vec4 v0x55e3475ee250_0, 0, 3;
    %store/vec4 v0x55e3475ee2f0_0, 0, 8;
    %store/vec4 v0x55e3475ee980_0, 0, 4;
    %store/vec4 v0x55e3475ee8b0_0, 0, 4;
    %store/vec4 v0x55e3475fa750_0, 0, 3;
    %callf/vec4 TD_tb_cpu.encode_i, S_0x55e34762f920;
    %ix/load 4, 1, 0;
    %flag_set/imm 4, 0;
    %store/vec4a v0x55e34763f7c0, 4, 0;
    %pushi/vec4 0, 0, 3;
    %pushi/vec4 3, 0, 4;
    %pushi/vec4 1, 0, 4;
    %pushi/vec4 2, 0, 4;
    %pushi/vec4 4, 0, 3;
    %store/vec4 v0x55e3475ccdc0_0, 0, 3;
    %store/vec4 v0x55e347630510_0, 0, 4;
    %store/vec4 v0x55e3476303e0_0, 0, 4;
    %store/vec4 v0x55e347630300_0, 0, 4;
    %store/vec4 v0x55e3475ea6b0_0, 0, 3;
    %callf/vec4 TD_tb_cpu.encode_r, S_0x55e347630060;
    %ix/load 4, 2, 0;
    %flag_set/imm 4, 0;
    %store/vec4a v0x55e34763f7c0, 4, 0;
    %pushi/vec4 0, 0, 3;
    %pushi/vec4 4, 0, 4;
    %pushi/vec4 1, 0, 4;
    %pushi/vec4 2, 0, 4;
    %pushi/vec4 5, 0, 3;
    %store/vec4 v0x55e3475ccdc0_0, 0, 3;
    %store/vec4 v0x55e347630510_0, 0, 4;
    %store/vec4 v0x55e3476303e0_0, 0, 4;
    %store/vec4 v0x55e347630300_0, 0, 4;
    %store/vec4 v0x55e3475ea6b0_0, 0, 3;
    %callf/vec4 TD_tb_cpu.encode_r, S_0x55e347630060;
    %ix/load 4, 3, 0;
    %flag_set/imm 4, 0;
    %store/vec4a v0x55e34763f7c0, 4, 0;
    %pushi/vec4 0, 0, 3;
    %pushi/vec4 5, 0, 4;
    %pushi/vec4 1, 0, 4;
    %pushi/vec4 2, 0, 4;
    %pushi/vec4 2, 0, 3;
    %store/vec4 v0x55e3475ccdc0_0, 0, 3;
    %store/vec4 v0x55e347630510_0, 0, 4;
    %store/vec4 v0x55e3476303e0_0, 0, 4;
    %store/vec4 v0x55e347630300_0, 0, 4;
    %store/vec4 v0x55e3475ea6b0_0, 0, 3;
    %callf/vec4 TD_tb_cpu.encode_r, S_0x55e347630060;
    %ix/load 4, 4, 0;
    %flag_set/imm 4, 0;
    %store/vec4a v0x55e34763f7c0, 4, 0;
    %pushi/vec4 0, 0, 3;
    %pushi/vec4 6, 0, 4;
    %pushi/vec4 1, 0, 4;
    %pushi/vec4 2, 0, 4;
    %pushi/vec4 1, 0, 3;
    %store/vec4 v0x55e3475ccdc0_0, 0, 3;
    %store/vec4 v0x55e347630510_0, 0, 4;
    %store/vec4 v0x55e3476303e0_0, 0, 4;
    %store/vec4 v0x55e347630300_0, 0, 4;
    %store/vec4 v0x55e3475ea6b0_0, 0, 3;
    %callf/vec4 TD_tb_cpu.encode_r, S_0x55e347630060;
    %ix/load 4, 5, 0;
    %flag_set/imm 4, 0;
    %store/vec4a v0x55e34763f7c0, 4, 0;
    %pushi/vec4 0, 0, 3;
    %pushi/vec4 7, 0, 4;
    %pushi/vec4 1, 0, 4;
    %pushi/vec4 2, 0, 4;
    %pushi/vec4 3, 0, 3;
    %store/vec4 v0x55e3475ccdc0_0, 0, 3;
    %store/vec4 v0x55e347630510_0, 0, 4;
    %store/vec4 v0x55e3476303e0_0, 0, 4;
    %store/vec4 v0x55e347630300_0, 0, 4;
    %store/vec4 v0x55e3475ea6b0_0, 0, 3;
    %callf/vec4 TD_tb_cpu.encode_r, S_0x55e347630060;
    %ix/load 4, 6, 0;
    %flag_set/imm 4, 0;
    %store/vec4a v0x55e34763f7c0, 4, 0;
    %pushi/vec4 0, 0, 3;
    %pushi/vec4 8, 0, 4;
    %pushi/vec4 1, 0, 4;
    %pushi/vec4 0, 0, 4;
    %pushi/vec4 7, 0, 3;
    %store/vec4 v0x55e3475ccdc0_0, 0, 3;
    %store/vec4 v0x55e347630510_0, 0, 4;
    %store/vec4 v0x55e3476303e0_0, 0, 4;
    %store/vec4 v0x55e347630300_0, 0, 4;
    %store/vec4 v0x55e3475ea6b0_0, 0, 3;
    %callf/vec4 TD_tb_cpu.encode_r, S_0x55e347630060;
    %ix/load 4, 7, 0;
    %flag_set/imm 4, 0;
    %store/vec4a v0x55e34763f7c0, 4, 0;
    %pushi/vec4 0, 0, 3;
    %pushi/vec4 9, 0, 4;
    %pushi/vec4 1, 0, 4;
    %pushi/vec4 1, 0, 4;
    %pushi/vec4 5, 0, 3;
    %store/vec4 v0x55e3475ccdc0_0, 0, 3;
    %store/vec4 v0x55e347630510_0, 0, 4;
    %store/vec4 v0x55e3476303e0_0, 0, 4;
    %store/vec4 v0x55e347630300_0, 0, 4;
    %store/vec4 v0x55e3475ea6b0_0, 0, 3;
    %callf/vec4 TD_tb_cpu.encode_r, S_0x55e347630060;
    %ix/load 4, 8, 0;
    %flag_set/imm 4, 0;
    %store/vec4a v0x55e34763f7c0, 4, 0;
    %pushi/vec4 1, 0, 3;
    %pushi/vec4 11, 0, 4;
    %pushi/vec4 0, 0, 4;
    %pushi/vec4 88, 0, 8;
    %pushi/vec4 4, 0, 3;
    %store/vec4 v0x55e3475ee250_0, 0, 3;
    %store/vec4 v0x55e3475ee2f0_0, 0, 8;
    %store/vec4 v0x55e3475ee980_0, 0, 4;
    %store/vec4 v0x55e3475ee8b0_0, 0, 4;
    %store/vec4 v0x55e3475fa750_0, 0, 3;
    %callf/vec4 TD_tb_cpu.encode_i, S_0x55e34762f920;
    %ix/load 4, 9, 0;
    %flag_set/imm 4, 0;
    %store/vec4a v0x55e34763f7c0, 4, 0;
    %pushi/vec4 5, 0, 3;
    %pushi/vec4 10, 0, 4;
    %pushi/vec4 0, 0, 4;
    %pushi/vec4 77, 0, 8;
    %pushi/vec4 4, 0, 3;
    %store/vec4 v0x55e3475ee250_0, 0, 3;
    %store/vec4 v0x55e3475ee2f0_0, 0, 8;
    %store/vec4 v0x55e3475ee980_0, 0, 4;
    %store/vec4 v0x55e3475ee8b0_0, 0, 4;
    %store/vec4 v0x55e3475fa750_0, 0, 3;
    %callf/vec4 TD_tb_cpu.encode_i, S_0x55e34762f920;
    %ix/load 4, 10, 0;
    %flag_set/imm 4, 0;
    %store/vec4a v0x55e34763f7c0, 4, 0;
    %pushi/vec4 0, 0, 3;
    %pushi/vec4 13, 0, 4;
    %pushi/vec4 0, 0, 4;
    %pushi/vec4 90, 0, 8;
    %pushi/vec4 4, 0, 3;
    %store/vec4 v0x55e3475ee250_0, 0, 3;
    %store/vec4 v0x55e3475ee2f0_0, 0, 8;
    %store/vec4 v0x55e3475ee980_0, 0, 4;
    %store/vec4 v0x55e3475ee8b0_0, 0, 4;
    %store/vec4 v0x55e3475fa750_0, 0, 3;
    %callf/vec4 TD_tb_cpu.encode_i, S_0x55e34762f920;
    %ix/load 4, 11, 0;
    %flag_set/imm 4, 0;
    %store/vec4a v0x55e34763f7c0, 4, 0;
    %pushi/vec4 0, 0, 3;
    %pushi/vec4 3, 0, 4;
    %pushi/vec4 1, 0, 4;
    %pushi/vec4 2, 0, 9;
    %pushi/vec4 2, 0, 2;
    %store/vec4 v0x55e3475f0270_0, 0, 2;
    %store/vec4 v0x55e3475f0ea0_0, 0, 9;
    %store/vec4 v0x55e3475ef730_0, 0, 4;
    %store/vec4 v0x55e3475f0f70_0, 0, 4;
    %store/vec4 v0x55e3475ef800_0, 0, 3;
    %callf/vec4 TD_tb_cpu.encode_ls, S_0x55e34762fcd0;
    %ix/load 4, 12, 0;
    %flag_set/imm 4, 0;
    %store/vec4a v0x55e34763f7c0, 4, 0;
    %pushi/vec4 0, 0, 3;
    %pushi/vec4 12, 0, 4;
    %pushi/vec4 1, 0, 4;
    %pushi/vec4 2, 0, 9;
    %pushi/vec4 0, 0, 2;
    %store/vec4 v0x55e3475f0270_0, 0, 2;
    %store/vec4 v0x55e3475f0ea0_0, 0, 9;
    %store/vec4 v0x55e3475ef730_0, 0, 4;
    %store/vec4 v0x55e3475f0f70_0, 0, 4;
    %store/vec4 v0x55e3475ef800_0, 0, 3;
    %callf/vec4 TD_tb_cpu.encode_ls, S_0x55e34762fcd0;
    %ix/load 4, 13, 0;
    %flag_set/imm 4, 0;
    %store/vec4a v0x55e34763f7c0, 4, 0;
    %pushi/vec4 0, 0, 3;
    %pushi/vec4 15, 0, 4;
    %pushi/vec4 0, 0, 4;
    %pushi/vec4 20, 0, 8;
    %pushi/vec4 4, 0, 3;
    %store/vec4 v0x55e3475ee250_0, 0, 3;
    %store/vec4 v0x55e3475ee2f0_0, 0, 8;
    %store/vec4 v0x55e3475ee980_0, 0, 4;
    %store/vec4 v0x55e3475ee8b0_0, 0, 4;
    %store/vec4 v0x55e3475fa750_0, 0, 3;
    %callf/vec4 TD_tb_cpu.encode_i, S_0x55e34762f920;
    %ix/load 4, 14, 0;
    %flag_set/imm 4, 0;
    %store/vec4a v0x55e34763f7c0, 4, 0;
    %pushi/vec4 0, 0, 3;
    %pushi/vec4 12, 0, 4;
    %pushi/vec4 0, 0, 4;
    %pushi/vec4 99, 0, 8;
    %pushi/vec4 4, 0, 3;
    %store/vec4 v0x55e3475ee250_0, 0, 3;
    %store/vec4 v0x55e3475ee2f0_0, 0, 8;
    %store/vec4 v0x55e3475ee980_0, 0, 4;
    %store/vec4 v0x55e3475ee8b0_0, 0, 4;
    %store/vec4 v0x55e3475fa750_0, 0, 3;
    %callf/vec4 TD_tb_cpu.encode_i, S_0x55e34762f920;
    %ix/load 4, 15, 0;
    %flag_set/imm 4, 0;
    %store/vec4a v0x55e34763f7c0, 4, 0;
    %pushi/vec4 0, 0, 3;
    %pushi/vec4 1, 0, 4;
    %pushi/vec4 1, 0, 4;
    %pushi/vec4 1, 0, 8;
    %pushi/vec4 4, 0, 3;
    %store/vec4 v0x55e3475ee250_0, 0, 3;
    %store/vec4 v0x55e3475ee2f0_0, 0, 8;
    %store/vec4 v0x55e3475ee980_0, 0, 4;
    %store/vec4 v0x55e3475ee8b0_0, 0, 4;
    %store/vec4 v0x55e3475fa750_0, 0, 3;
    %callf/vec4 TD_tb_cpu.encode_i, S_0x55e34762f920;
    %ix/load 4, 20, 0;
    %flag_set/imm 4, 0;
    %store/vec4a v0x55e34763f7c0, 4, 0;
    %pushi/vec4 0, 0, 3;
    %pushi/vec4 2, 0, 4;
    %pushi/vec4 1, 0, 4;
    %pushi/vec4 1, 0, 4;
    %pushi/vec4 0, 0, 3;
    %store/vec4 v0x55e3475ccdc0_0, 0, 3;
    %store/vec4 v0x55e347630510_0, 0, 4;
    %store/vec4 v0x55e3476303e0_0, 0, 4;
    %store/vec4 v0x55e347630300_0, 0, 4;
    %store/vec4 v0x55e3475ea6b0_0, 0, 3;
    %callf/vec4 TD_tb_cpu.encode_r, S_0x55e347630060;
    %ix/load 4, 21, 0;
    %flag_set/imm 4, 0;
    %store/vec4a v0x55e34763f7c0, 4, 0;
    %pushi/vec4 0, 0, 3;
    %pushi/vec4 4, 0, 4;
    %pushi/vec4 0, 0, 4;
    %pushi/vec4 50, 0, 8;
    %pushi/vec4 5, 0, 3;
    %store/vec4 v0x55e3475ee250_0, 0, 3;
    %store/vec4 v0x55e3475ee2f0_0, 0, 8;
    %store/vec4 v0x55e3475ee980_0, 0, 4;
    %store/vec4 v0x55e3475ee8b0_0, 0, 4;
    %store/vec4 v0x55e3475fa750_0, 0, 3;
    %callf/vec4 TD_tb_cpu.encode_i, S_0x55e34762f920;
    %ix/load 4, 22, 0;
    %flag_set/imm 4, 0;
    %store/vec4a v0x55e34763f7c0, 4, 0;
    %pushi/vec4 3, 0, 3;
    %pushi/vec4 6, 0, 4;
    %pushi/vec4 0, 0, 4;
    %pushi/vec4 200, 0, 8;
    %pushi/vec4 4, 0, 3;
    %store/vec4 v0x55e3475ee250_0, 0, 3;
    %store/vec4 v0x55e3475ee2f0_0, 0, 8;
    %store/vec4 v0x55e3475ee980_0, 0, 4;
    %store/vec4 v0x55e3475ee8b0_0, 0, 4;
    %store/vec4 v0x55e3475fa750_0, 0, 3;
    %callf/vec4 TD_tb_cpu.encode_i, S_0x55e34762f920;
    %ix/load 4, 23, 0;
    %flag_set/imm 4, 0;
    %store/vec4a v0x55e34763f7c0, 4, 0;
    %pushi/vec4 7, 0, 3;
    %pushi/vec4 5, 0, 4;
    %pushi/vec4 0, 0, 4;
    %pushi/vec4 123, 0, 8;
    %pushi/vec4 4, 0, 3;
    %store/vec4 v0x55e3475ee250_0, 0, 3;
    %store/vec4 v0x55e3475ee2f0_0, 0, 8;
    %store/vec4 v0x55e3475ee980_0, 0, 4;
    %store/vec4 v0x55e3475ee8b0_0, 0, 4;
    %store/vec4 v0x55e3475fa750_0, 0, 3;
    %callf/vec4 TD_tb_cpu.encode_i, S_0x55e34762f920;
    %ix/load 4, 24, 0;
    %flag_set/imm 4, 0;
    %store/vec4a v0x55e34763f7c0, 4, 0;
    %pushi/vec4 0, 0, 3;
    %pushi/vec4 13, 0, 4;
    %pushi/vec4 0, 0, 4;
    %pushi/vec4 119, 0, 8;
    %pushi/vec4 4, 0, 3;
    %store/vec4 v0x55e3475ee250_0, 0, 3;
    %store/vec4 v0x55e3475ee2f0_0, 0, 8;
    %store/vec4 v0x55e3475ee980_0, 0, 4;
    %store/vec4 v0x55e3475ee8b0_0, 0, 4;
    %store/vec4 v0x55e3475fa750_0, 0, 3;
    %callf/vec4 TD_tb_cpu.encode_i, S_0x55e34762f920;
    %ix/load 4, 25, 0;
    %flag_set/imm 4, 0;
    %store/vec4a v0x55e34763f7c0, 4, 0;
    %pushi/vec4 0, 0, 3;
    %pushi/vec4 7, 0, 4;
    %pushi/vec4 0, 0, 4;
    %pushi/vec4 99, 0, 8;
    %pushi/vec4 4, 0, 3;
    %store/vec4 v0x55e3475ee250_0, 0, 3;
    %store/vec4 v0x55e3475ee2f0_0, 0, 8;
    %store/vec4 v0x55e3475ee980_0, 0, 4;
    %store/vec4 v0x55e3475ee8b0_0, 0, 4;
    %store/vec4 v0x55e3475fa750_0, 0, 3;
    %callf/vec4 TD_tb_cpu.encode_i, S_0x55e34762f920;
    %ix/load 4, 26, 0;
    %flag_set/imm 4, 0;
    %store/vec4a v0x55e34763f7c0, 4, 0;
    %pushi/vec4 0, 0, 3;
    %pushi/vec4 7, 0, 4;
    %pushi/vec4 1, 0, 4;
    %pushi/vec4 1, 0, 9;
    %pushi/vec4 3, 0, 2;
    %store/vec4 v0x55e3475f0270_0, 0, 2;
    %store/vec4 v0x55e3475f0ea0_0, 0, 9;
    %store/vec4 v0x55e3475ef730_0, 0, 4;
    %store/vec4 v0x55e3475f0f70_0, 0, 4;
    %store/vec4 v0x55e3475ef800_0, 0, 3;
    %callf/vec4 TD_tb_cpu.encode_ls, S_0x55e34762fcd0;
    %ix/load 4, 27, 0;
    %flag_set/imm 4, 0;
    %store/vec4a v0x55e34763f7c0, 4, 0;
    %pushi/vec4 0, 0, 3;
    %pushi/vec4 8, 0, 4;
    %pushi/vec4 1, 0, 4;
    %pushi/vec4 1, 0, 9;
    %pushi/vec4 1, 0, 2;
    %store/vec4 v0x55e3475f0270_0, 0, 2;
    %store/vec4 v0x55e3475f0ea0_0, 0, 9;
    %store/vec4 v0x55e3475ef730_0, 0, 4;
    %store/vec4 v0x55e3475f0f70_0, 0, 4;
    %store/vec4 v0x55e3475ef800_0, 0, 3;
    %callf/vec4 TD_tb_cpu.encode_ls, S_0x55e34762fcd0;
    %ix/load 4, 28, 0;
    %flag_set/imm 4, 0;
    %store/vec4a v0x55e34763f7c0, 4, 0;
    %pushi/vec4 0, 0, 3;
    %pushi/vec4 3, 0, 4;
    %pushi/vec4 13, 0, 4;
    %pushi/vec4 0, 0, 4;
    %pushi/vec4 4, 0, 3;
    %store/vec4 v0x55e3475ccdc0_0, 0, 3;
    %store/vec4 v0x55e347630510_0, 0, 4;
    %store/vec4 v0x55e3476303e0_0, 0, 4;
    %store/vec4 v0x55e347630300_0, 0, 4;
    %store/vec4 v0x55e3475ea6b0_0, 0, 3;
    %callf/vec4 TD_tb_cpu.encode_r, S_0x55e347630060;
    %ix/load 4, 29, 0;
    %flag_set/imm 4, 0;
    %store/vec4a v0x55e34763f7c0, 4, 0;
    %pushi/vec4 0, 0, 3;
    %pushi/vec4 9, 0, 4;
    %pushi/vec4 0, 0, 4;
    %pushi/vec4 0, 0, 4;
    %pushi/vec4 0, 0, 3;
    %store/vec4 v0x55e3475ccdc0_0, 0, 3;
    %store/vec4 v0x55e347630510_0, 0, 4;
    %store/vec4 v0x55e3476303e0_0, 0, 4;
    %store/vec4 v0x55e347630300_0, 0, 4;
    %store/vec4 v0x55e3475ea6b0_0, 0, 3;
    %callf/vec4 TD_tb_cpu.encode_r, S_0x55e347630060;
    %ix/load 4, 30, 0;
    %flag_set/imm 4, 0;
    %store/vec4a v0x55e34763f7c0, 4, 0;
    %pushi/vec4 0, 0, 3;
    %pushi/vec4 9, 0, 4;
    %pushi/vec4 9, 0, 4;
    %pushi/vec4 255, 0, 8;
    %pushi/vec4 5, 0, 3;
    %store/vec4 v0x55e3475ee250_0, 0, 3;
    %store/vec4 v0x55e3475ee2f0_0, 0, 8;
    %store/vec4 v0x55e3475ee980_0, 0, 4;
    %store/vec4 v0x55e3475ee8b0_0, 0, 4;
    %store/vec4 v0x55e3475fa750_0, 0, 3;
    %callf/vec4 TD_tb_cpu.encode_i, S_0x55e34762f920;
    %ix/load 4, 31, 0;
    %flag_set/imm 4, 0;
    %store/vec4a v0x55e34763f7c0, 4, 0;
    %pushi/vec4 0, 0, 3;
    %pushi/vec4 11, 0, 4;
    %pushi/vec4 9, 0, 4;
    %pushi/vec4 1, 0, 9;
    %pushi/vec4 0, 0, 2;
    %store/vec4 v0x55e3475f0270_0, 0, 2;
    %store/vec4 v0x55e3475f0ea0_0, 0, 9;
    %store/vec4 v0x55e3475ef730_0, 0, 4;
    %store/vec4 v0x55e3475f0f70_0, 0, 4;
    %store/vec4 v0x55e3475ef800_0, 0, 3;
    %callf/vec4 TD_tb_cpu.encode_ls, S_0x55e34762fcd0;
    %ix/load 4, 32, 0;
    %flag_set/imm 4, 0;
    %store/vec4a v0x55e34763f7c0, 4, 0;
    %pushi/vec4 0, 0, 3;
    %pushi/vec4 7, 0, 4;
    %pushi/vec4 0, 0, 4;
    %pushi/vec4 75, 0, 8;
    %pushi/vec4 4, 0, 3;
    %store/vec4 v0x55e3475ee250_0, 0, 3;
    %store/vec4 v0x55e3475ee2f0_0, 0, 8;
    %store/vec4 v0x55e3475ee980_0, 0, 4;
    %store/vec4 v0x55e3475ee8b0_0, 0, 4;
    %store/vec4 v0x55e3475fa750_0, 0, 3;
    %callf/vec4 TD_tb_cpu.encode_i, S_0x55e34762f920;
    %ix/load 4, 33, 0;
    %flag_set/imm 4, 0;
    %store/vec4a v0x55e34763f7c0, 4, 0;
    %pushi/vec4 0, 0, 3;
    %pushi/vec4 7, 0, 4;
    %pushi/vec4 9, 0, 4;
    %pushi/vec4 0, 0, 9;
    %pushi/vec4 2, 0, 2;
    %store/vec4 v0x55e3475f0270_0, 0, 2;
    %store/vec4 v0x55e3475f0ea0_0, 0, 9;
    %store/vec4 v0x55e3475ef730_0, 0, 4;
    %store/vec4 v0x55e3475f0f70_0, 0, 4;
    %store/vec4 v0x55e3475ef800_0, 0, 3;
    %callf/vec4 TD_tb_cpu.encode_ls, S_0x55e34762fcd0;
    %ix/load 4, 34, 0;
    %flag_set/imm 4, 0;
    %store/vec4a v0x55e34763f7c0, 4, 0;
    %pushi/vec4 0, 0, 3;
    %pushi/vec4 10, 0, 4;
    %pushi/vec4 9, 0, 4;
    %pushi/vec4 1, 0, 9;
    %pushi/vec4 0, 0, 2;
    %store/vec4 v0x55e3475f0270_0, 0, 2;
    %store/vec4 v0x55e3475f0ea0_0, 0, 9;
    %store/vec4 v0x55e3475ef730_0, 0, 4;
    %store/vec4 v0x55e3475f0f70_0, 0, 4;
    %store/vec4 v0x55e3475ef800_0, 0, 3;
    %callf/vec4 TD_tb_cpu.encode_ls, S_0x55e34762fcd0;
    %ix/load 4, 35, 0;
    %flag_set/imm 4, 0;
    %store/vec4a v0x55e34763f7c0, 4, 0;
    %pushi/vec4 0, 0, 3;
    %pushi/vec4 12, 0, 4;
    %pushi/vec4 9, 0, 4;
    %pushi/vec4 1, 0, 9;
    %pushi/vec4 0, 0, 2;
    %store/vec4 v0x55e3475f0270_0, 0, 2;
    %store/vec4 v0x55e3475f0ea0_0, 0, 9;
    %store/vec4 v0x55e3475ef730_0, 0, 4;
    %store/vec4 v0x55e3475f0f70_0, 0, 4;
    %store/vec4 v0x55e3475ef800_0, 0, 3;
    %callf/vec4 TD_tb_cpu.encode_ls, S_0x55e34762fcd0;
    %ix/load 4, 36, 0;
    %flag_set/imm 4, 0;
    %store/vec4a v0x55e34763f7c0, 4, 0;
    %pushi/vec4 0, 0, 3;
    %pushi/vec4 12, 0, 4;
    %pushi/vec4 12, 0, 4;
    %pushi/vec4 2, 0, 8;
    %pushi/vec4 2, 0, 3;
    %store/vec4 v0x55e3475ee250_0, 0, 3;
    %store/vec4 v0x55e3475ee2f0_0, 0, 8;
    %store/vec4 v0x55e3475ee980_0, 0, 4;
    %store/vec4 v0x55e3475ee8b0_0, 0, 4;
    %store/vec4 v0x55e3475fa750_0, 0, 3;
    %callf/vec4 TD_tb_cpu.encode_i, S_0x55e34762f920;
    %ix/load 4, 37, 0;
    %flag_set/imm 4, 0;
    %store/vec4a v0x55e34763f7c0, 4, 0;
    %pushi/vec4 5, 0, 3;
    %pushi/vec4 15, 0, 4;
    %pushi/vec4 0, 0, 4;
    %pushi/vec4 36, 0, 8;
    %pushi/vec4 4, 0, 3;
    %store/vec4 v0x55e3475ee250_0, 0, 3;
    %store/vec4 v0x55e3475ee2f0_0, 0, 8;
    %store/vec4 v0x55e3475ee980_0, 0, 4;
    %store/vec4 v0x55e3475ee8b0_0, 0, 4;
    %store/vec4 v0x55e3475fa750_0, 0, 3;
    %callf/vec4 TD_tb_cpu.encode_i, S_0x55e34762f920;
    %ix/load 4, 38, 0;
    %flag_set/imm 4, 0;
    %store/vec4a v0x55e34763f7c0, 4, 0;
    %pushi/vec4 0, 0, 3;
    %pushi/vec4 6, 0, 4;
    %pushi/vec4 9, 0, 4;
    %pushi/vec4 0, 0, 9;
    %pushi/vec4 0, 0, 2;
    %store/vec4 v0x55e3475f0270_0, 0, 2;
    %store/vec4 v0x55e3475f0ea0_0, 0, 9;
    %store/vec4 v0x55e3475ef730_0, 0, 4;
    %store/vec4 v0x55e3475f0f70_0, 0, 4;
    %store/vec4 v0x55e3475ef800_0, 0, 3;
    %callf/vec4 TD_tb_cpu.encode_ls, S_0x55e34762fcd0;
    %ix/load 4, 39, 0;
    %flag_set/imm 4, 0;
    %store/vec4a v0x55e34763f7c0, 4, 0;
    %pushi/vec4 0, 0, 3;
    %pushi/vec4 0, 0, 4;
    %pushi/vec4 0, 0, 4;
    %pushi/vec4 55, 0, 8;
    %pushi/vec4 4, 0, 3;
    %store/vec4 v0x55e3475ee250_0, 0, 3;
    %store/vec4 v0x55e3475ee2f0_0, 0, 8;
    %store/vec4 v0x55e3475ee980_0, 0, 4;
    %store/vec4 v0x55e3475ee8b0_0, 0, 4;
    %store/vec4 v0x55e3475fa750_0, 0, 3;
    %callf/vec4 TD_tb_cpu.encode_i, S_0x55e34762f920;
    %ix/load 4, 40, 0;
    %flag_set/imm 4, 0;
    %store/vec4a v0x55e34763f7c0, 4, 0;
    %pushi/vec4 0, 0, 3;
    %pushi/vec4 2, 0, 4;
    %pushi/vec4 0, 0, 4;
    %pushi/vec4 0, 0, 4;
    %pushi/vec4 4, 0, 3;
    %store/vec4 v0x55e3475ccdc0_0, 0, 3;
    %store/vec4 v0x55e347630510_0, 0, 4;
    %store/vec4 v0x55e3476303e0_0, 0, 4;
    %store/vec4 v0x55e347630300_0, 0, 4;
    %store/vec4 v0x55e3475ea6b0_0, 0, 3;
    %callf/vec4 TD_tb_cpu.encode_r, S_0x55e347630060;
    %ix/load 4, 41, 0;
    %flag_set/imm 4, 0;
    %store/vec4a v0x55e34763f7c0, 4, 0;
    %pushi/vec4 0, 0, 3;
    %pushi/vec4 11, 0, 4;
    %pushi/vec4 14, 0, 4;
    %pushi/vec4 0, 0, 4;
    %pushi/vec4 4, 0, 3;
    %store/vec4 v0x55e3475ccdc0_0, 0, 3;
    %store/vec4 v0x55e347630510_0, 0, 4;
    %store/vec4 v0x55e3476303e0_0, 0, 4;
    %store/vec4 v0x55e347630300_0, 0, 4;
    %store/vec4 v0x55e3475ea6b0_0, 0, 3;
    %callf/vec4 TD_tb_cpu.encode_r, S_0x55e347630060;
    %ix/load 4, 42, 0;
    %flag_set/imm 4, 0;
    %store/vec4a v0x55e34763f7c0, 4, 0;
    %pushi/vec4 0, 0, 3;
    %pushi/vec4 14, 0, 4;
    %pushi/vec4 0, 0, 4;
    %pushi/vec4 255, 0, 8;
    %pushi/vec4 4, 0, 3;
    %store/vec4 v0x55e3475ee250_0, 0, 3;
    %store/vec4 v0x55e3475ee2f0_0, 0, 8;
    %store/vec4 v0x55e3475ee980_0, 0, 4;
    %store/vec4 v0x55e3475ee8b0_0, 0, 4;
    %store/vec4 v0x55e3475fa750_0, 0, 3;
    %callf/vec4 TD_tb_cpu.encode_i, S_0x55e34762f920;
    %ix/load 4, 43, 0;
    %flag_set/imm 4, 0;
    %store/vec4a v0x55e34763f7c0, 4, 0;
    %pushi/vec4 0, 0, 3;
    %pushi/vec4 5, 0, 4;
    %pushi/vec4 14, 0, 4;
    %pushi/vec4 0, 0, 4;
    %pushi/vec4 4, 0, 3;
    %store/vec4 v0x55e3475ccdc0_0, 0, 3;
    %store/vec4 v0x55e347630510_0, 0, 4;
    %store/vec4 v0x55e3476303e0_0, 0, 4;
    %store/vec4 v0x55e347630300_0, 0, 4;
    %store/vec4 v0x55e3475ea6b0_0, 0, 3;
    %callf/vec4 TD_tb_cpu.encode_r, S_0x55e347630060;
    %ix/load 4, 44, 0;
    %flag_set/imm 4, 0;
    %store/vec4a v0x55e34763f7c0, 4, 0;
    %pushi/vec4 0, 0, 3;
    %pushi/vec4 8, 0, 4;
    %pushi/vec4 15, 0, 4;
    %pushi/vec4 0, 0, 4;
    %pushi/vec4 4, 0, 3;
    %store/vec4 v0x55e3475ccdc0_0, 0, 3;
    %store/vec4 v0x55e347630510_0, 0, 4;
    %store/vec4 v0x55e3476303e0_0, 0, 4;
    %store/vec4 v0x55e347630300_0, 0, 4;
    %store/vec4 v0x55e3475ea6b0_0, 0, 3;
    %callf/vec4 TD_tb_cpu.encode_r, S_0x55e347630060;
    %ix/load 4, 45, 0;
    %flag_set/imm 4, 0;
    %store/vec4a v0x55e34763f7c0, 4, 0;
    %delay 20000, 0;
    %pushi/vec4 0, 0, 1;
    %store/vec4 v0x55e347640ac0_0, 0, 1;
    %pushi/vec4 90, 0, 8;
    %store/vec4 v0x55e347630820_0, 0, 8;
    %fork TD_tb_cpu.send_uart_byte, S_0x55e3476305f0;
    %join;
    %delay 6000000, 0;
    %vpi_call 2 189 "$display", "=== k16 CPU \346\244\234\350\250\274\347\265\220\346\236\234 (\343\203\216\343\202\244\343\203\236\343\203\263\345\236\213 + MMIO + \347\211\271\346\256\212\343\203\254\343\202\270\343\202\271\343\202\277\345\256\214\345\205\250\346\244\234\350\250\274) ===" {0 0 0};
    %ix/load 4, 1, 0;
    %flag_set/imm 4, 0;
    %load/vec4a v0x55e347636250, 4;
    %cmpi/e 11, 0, 16;
    %jmp/0xz  T_26.3, 6;
    %vpi_call 2 193 "$display", "[PASS] r1 = %d (\346\234\237\345\276\205\345\200\244: 11)", &A<v0x55e347636250, 1> {0 0 0};
    %jmp T_26.4;
T_26.3 ;
    %vpi_call 2 195 "$display", "[FAIL] r1 = %d (\346\234\237\345\276\205\345\200\244: 11)", &A<v0x55e347636250, 1> {0 0 0};
    %load/vec4 v0x55e3476409e0_0;
    %addi 1, 0, 32;
    %store/vec4 v0x55e3476409e0_0, 0, 32;
T_26.4 ;
    %ix/load 4, 4, 0;
    %flag_set/imm 4, 0;
    %load/vec4a v0x55e347636250, 4;
    %cmpi/e 65486, 0, 16;
    %jmp/0xz  T_26.5, 6;
    %vpi_call 2 201 "$display", "[PASS] r4 = 0x%04X (\346\234\237\345\276\205\345\200\244: 0xFFCE)", &A<v0x55e347636250, 4> {0 0 0};
    %jmp T_26.6;
T_26.5 ;
    %vpi_call 2 203 "$display", "[FAIL] r4 = 0x%04X (\346\234\237\345\276\205\345\200\244: 0xFFCE)", &A<v0x55e347636250, 4> {0 0 0};
    %load/vec4 v0x55e3476409e0_0;
    %addi 1, 0, 32;
    %store/vec4 v0x55e3476409e0_0, 0, 32;
T_26.6 ;
    %ix/load 4, 12, 0;
    %flag_set/imm 4, 0;
    %load/vec4a v0x55e34763f7c0, 4;
    %cmpi/e 5898255, 0, 24;
    %jmp/0xz  T_26.7, 6;
    %vpi_call 2 209 "$display", "[PASS] mem[12] = 0x%06X (\346\234\237\345\276\205\345\200\244: 0x5A000F)", &A<v0x55e34763f7c0, 12> {0 0 0};
    %jmp T_26.8;
T_26.7 ;
    %vpi_call 2 211 "$display", "[FAIL] mem[12] = 0x%06X (\346\234\237\345\276\205\345\200\244: 0x5A000F)", &A<v0x55e34763f7c0, 12> {0 0 0};
    %load/vec4 v0x55e3476409e0_0;
    %addi 1, 0, 32;
    %store/vec4 v0x55e3476409e0_0, 0, 32;
T_26.8 ;
    %ix/load 4, 10, 0;
    %flag_set/imm 4, 0;
    %load/vec4a v0x55e34763f7c0, 4;
    %cmpi/e 7798883, 0, 24;
    %jmp/0xz  T_26.9, 6;
    %vpi_call 2 217 "$display", "[PASS] mem[10] = 0x%06X (\346\234\237\345\276\205\345\200\244: 0x770063)", &A<v0x55e34763f7c0, 10> {0 0 0};
    %jmp T_26.10;
T_26.9 ;
    %vpi_call 2 219 "$display", "[FAIL] mem[10] = 0x%06X (\346\234\237\345\276\205\345\200\244: 0x770063)", &A<v0x55e34763f7c0, 10> {0 0 0};
    %load/vec4 v0x55e3476409e0_0;
    %addi 1, 0, 32;
    %store/vec4 v0x55e3476409e0_0, 0, 32;
T_26.10 ;
    %ix/load 4, 3, 0;
    %flag_set/imm 4, 0;
    %load/vec4a v0x55e347636250, 4;
    %parti/s 8, 0, 2;
    %cmpi/e 119, 0, 8;
    %jmp/0xz  T_26.11, 6;
    %vpi_call 2 225 "$display", "[PASS] r3[7:0] = 0x%02X (\346\234\237\345\276\205\345\200\244: 0x77)", &APV<v0x55e347636250, 3, 0, 8> {0 0 0};
    %jmp T_26.12;
T_26.11 ;
    %vpi_call 2 227 "$display", "[FAIL] r3[7:0] = 0x%02X (\346\234\237\345\276\205\345\200\244: 0x77)", &APV<v0x55e347636250, 3, 0, 8> {0 0 0};
    %load/vec4 v0x55e3476409e0_0;
    %addi 1, 0, 32;
    %store/vec4 v0x55e3476409e0_0, 0, 32;
T_26.12 ;
    %ix/load 4, 10, 0;
    %flag_set/imm 4, 0;
    %load/vec4a v0x55e347636250, 4;
    %parti/s 1, 0, 2;
    %cmpi/e 1, 0, 1;
    %jmp/0xz  T_26.13, 6;
    %vpi_call 2 233 "$display", "[PASS] UART\351\200\201\344\277\241\344\270\255\343\202\271\343\203\206\343\203\274\343\202\277\343\202\271 r10[0] = 1 (tx_busy=1)" {0 0 0};
    %jmp T_26.14;
T_26.13 ;
    %vpi_call 2 235 "$display", "[FAIL] UART\351\200\201\344\277\241\344\270\255\343\202\271\343\203\206\343\203\274\343\202\277\343\202\271 r10[0] = 0 (\346\234\237\345\276\205\345\200\244: 1)" {0 0 0};
    %load/vec4 v0x55e3476409e0_0;
    %addi 1, 0, 32;
    %store/vec4 v0x55e3476409e0_0, 0, 32;
T_26.14 ;
    %ix/load 4, 6, 0;
    %flag_set/imm 4, 0;
    %load/vec4a v0x55e347636250, 4;
    %parti/s 8, 0, 2;
    %cmpi/e 90, 0, 8;
    %jmp/0xz  T_26.15, 6;
    %vpi_call 2 241 "$display", "[PASS] UART\345\217\227\344\277\241\343\203\207\343\203\274\343\202\277 r6 = 0x%02X (\346\234\237\345\276\205\345\200\244: 0x5A 'Z')", &APV<v0x55e347636250, 6, 0, 8> {0 0 0};
    %jmp T_26.16;
T_26.15 ;
    %vpi_call 2 243 "$display", "[FAIL] UART\345\217\227\344\277\241\343\203\207\343\203\274\343\202\277 r6 = 0x%02X (\346\234\237\345\276\205\345\200\244: 0x5A 'Z')", &APV<v0x55e347636250, 6, 0, 8> {0 0 0};
    %load/vec4 v0x55e3476409e0_0;
    %addi 1, 0, 32;
    %store/vec4 v0x55e3476409e0_0, 0, 32;
T_26.16 ;
    %ix/load 4, 2, 0;
    %flag_set/imm 4, 0;
    %load/vec4a v0x55e347636250, 4;
    %cmpi/e 0, 0, 16;
    %flag_get/vec4 6;
    %jmp/0 T_26.19, 6;
    %ix/load 4, 0, 0;
    %flag_set/imm 4, 0;
    %load/vec4a v0x55e347636250, 4;
    %pushi/vec4 0, 0, 16;
    %cmp/e;
    %flag_get/vec4 6;
    %and;
T_26.19;
    %flag_set/vec4 8;
    %jmp/0xz  T_26.17, 8;
    %vpi_call 2 249 "$display", "[PASS] \347\211\271\346\256\212\343\203\254\343\202\270\343\202\271\343\202\277 r0 (\346\233\270\343\201\215\350\276\274\343\201\277\347\204\241\350\246\226 & \345\270\270\343\201\2530)" {0 0 0};
    %jmp T_26.18;
T_26.17 ;
    %vpi_call 2 251 "$display", "[FAIL] \347\211\271\346\256\212\343\203\254\343\202\270\343\202\271\343\202\277 r0 (\346\233\270\343\201\215\350\276\274\343\201\277\347\204\241\350\246\226)" {0 0 0};
    %load/vec4 v0x55e3476409e0_0;
    %addi 1, 0, 32;
    %store/vec4 v0x55e3476409e0_0, 0, 32;
T_26.18 ;
    %ix/load 4, 11, 0;
    %flag_set/imm 4, 0;
    %load/vec4a v0x55e347636250, 4;
    %cmpi/e 1, 0, 16;
    %jmp/0xz  T_26.20, 6;
    %vpi_call 2 257 "$display", "[PASS] \347\211\271\346\256\212\343\203\254\343\202\270\343\202\271\343\202\277 r14 (\343\203\225\343\203\251\343\202\260\347\233\264\350\252\255\343\201\277 Z=1 -> 1)" {0 0 0};
    %jmp T_26.21;
T_26.20 ;
    %vpi_call 2 259 "$display", "[FAIL] \347\211\271\346\256\212\343\203\254\343\202\270\343\202\271\343\202\277 r14 (\343\203\225\343\203\251\343\202\260\347\233\264\350\252\255\343\201\277)" {0 0 0};
    %load/vec4 v0x55e3476409e0_0;
    %addi 1, 0, 32;
    %store/vec4 v0x55e3476409e0_0, 0, 32;
T_26.21 ;
    %ix/load 4, 5, 0;
    %flag_set/imm 4, 0;
    %load/vec4a v0x55e347636250, 4;
    %cmpi/e 0, 0, 16;
    %jmp/0xz  T_26.22, 6;
    %vpi_call 2 265 "$display", "[PASS] \347\211\271\346\256\212\343\203\254\343\202\270\343\202\271\343\202\277 r14 (\346\233\270\343\201\215\350\276\274\343\201\277\347\204\241\350\246\226 255\344\270\215\346\240\274\347\264\215)" {0 0 0};
    %jmp T_26.23;
T_26.22 ;
    %vpi_call 2 267 "$display", "[FAIL] \347\211\271\346\256\212\343\203\254\343\202\270\343\202\271\343\202\277 r14 (\346\233\270\343\201\215\350\276\274\343\201\277\347\204\241\350\246\226)" {0 0 0};
    %load/vec4 v0x55e3476409e0_0;
    %addi 1, 0, 32;
    %store/vec4 v0x55e3476409e0_0, 0, 32;
T_26.23 ;
    %ix/load 4, 8, 0;
    %flag_set/imm 4, 0;
    %load/vec4a v0x55e347636250, 4;
    %cmpi/e 46, 0, 16;
    %jmp/0xz  T_26.24, 6;
    %vpi_call 2 273 "$display", "[PASS] \347\211\271\346\256\212\343\203\254\343\202\270\343\202\271\343\202\277 r15 (PC\350\252\255\343\201\277\345\207\272\343\201\227 -> 46)" {0 0 0};
    %jmp T_26.25;
T_26.24 ;
    %vpi_call 2 275 "$display", "[FAIL] \347\211\271\346\256\212\343\203\254\343\202\270\343\202\271\343\202\277 r15 (PC\350\252\255\343\201\277\345\207\272\343\201\227)" {0 0 0};
    %load/vec4 v0x55e3476409e0_0;
    %addi 1, 0, 32;
    %store/vec4 v0x55e3476409e0_0, 0, 32;
T_26.25 ;
    %load/vec4 v0x55e3476409e0_0;
    %cmpi/e 0, 0, 32;
    %jmp/0xz  T_26.26, 4;
    %vpi_call 2 280 "$display", "\012>>> \345\205\250\343\201\246\343\201\256\343\203\206\343\202\271\343\203\210\343\201\253\345\220\210\346\240\274\343\201\227\343\201\276\343\201\227\343\201\237\357\274\201 (ALL TESTS PASSED) <<<" {0 0 0};
    %jmp T_26.27;
T_26.26 ;
    %vpi_call 2 282 "$display", "\012>>> %0d \344\273\266\343\201\256\343\202\250\343\203\251\343\203\274\343\201\214\347\231\272\347\224\237\343\201\227\343\201\276\343\201\227\343\201\237\343\200\202 <<<", v0x55e3476409e0_0 {0 0 0};
T_26.27 ;
    %vpi_call 2 285 "$finish" {0 0 0};
    %end;
    .thread T_26;
# The file index is used to find the file name in the following table.
:file_names 12;
    "N/A";
    "<interactive>";
    "tb_cpu_debug.v";
    "k16_soc.v";
    "cpu.v";
    "alu.v";
    "cond_check.v";
    "decoder.v";
    "regfile.v";
    "mmio.v";
    "uart.v";
    "ram.v";
